   Compiling proc-macro2 v1.0.106
   Compiling quote v1.0.46
   Compiling unicode-ident v1.0.24
   Compiling serde_core v1.0.228
   Compiling cfg-if v1.0.4
   Compiling windows-link v0.2.1
   Compiling autocfg v1.5.1
   Compiling pin-project-lite v0.2.17
   Compiling crossbeam-utils v0.8.22
   Compiling memchr v2.8.2
   Compiling futures-core v0.3.32
   Compiling libm v0.2.16
   Compiling typeid v1.0.3
   Compiling erased-serde v0.4.10
   Compiling version_check v0.9.5
   Compiling futures-io v0.3.32
   Compiling find-msvc-tools v0.1.9
   Compiling shlex v2.0.1
   Compiling slab v0.4.12
   Compiling bitflags v2.13.0
   Compiling arrayvec v0.7.8
   Compiling stable_deref_trait v1.2.1
   Compiling smallvec v1.15.2
   Compiling windows-sys v0.61.2
   Compiling parking v2.2.1
   Compiling once_cell v1.21.4
   Compiling libc v0.2.186
   Compiling simd-adler32 v0.3.9
   Compiling fastrand v2.4.1
   Compiling atomic-waker v1.1.2
   Compiling futures-sink v0.3.32
   Compiling adler2 v2.0.1
   Compiling crc32fast v1.5.0
   Compiling equivalent v1.0.2
   Compiling hashbrown v0.17.1
   Compiling miniz_oxide v0.8.9
   Compiling bytes v1.12.0
   Compiling itoa v1.0.18
   Compiling either v1.16.0
   Compiling generic-array v0.14.7
   Compiling futures-lite v2.6.1
   Compiling cc v1.2.66
   Compiling num-traits v0.2.19
   Compiling windows-link v0.1.3
   Compiling futures-channel v0.3.32
   Compiling zerocopy v0.8.53
   Compiling crossbeam-epoch v0.9.20
   Compiling crossbeam-deque v0.8.7
   Compiling futures-task v0.3.32
   Compiling rustix v1.1.4
   Compiling async-task v4.7.1
   Compiling zmij v1.0.21
   Compiling async-io v2.6.0
   Compiling piper v0.2.5
   Compiling typenum v1.20.1
   Compiling anyhow v1.0.103
   Compiling rayon-core v1.13.0
   Compiling flate2 v1.1.9
   Compiling windows-result v0.3.4
   Compiling getrandom v0.2.17
   Compiling concurrent-queue v2.5.0
   Compiling zeroize v1.9.0
   Compiling litemap v0.8.2
   Compiling thiserror v2.0.18
   Compiling serde v1.0.228
   Compiling event-listener v5.4.1
   Compiling writeable v0.6.3
   Compiling syn v2.0.118
   Compiling rustls-pki-types v1.15.0
   Compiling http v1.4.2
   Compiling icu_normalizer_data v2.2.0
   Compiling utf8_iter v1.0.4
   Compiling event-listener-strategy v0.5.4
   Compiling thiserror v1.0.69
   Compiling object v0.37.3
   Compiling windows_x86_64_msvc v0.52.6
   Compiling heck v0.5.0
   Compiling async-channel v2.5.0
   Compiling icu_properties_data v2.2.0
   Compiling async-lock v3.4.2
   Compiling aho-corasick v1.1.4
   Compiling tracing-core v0.1.36
   Compiling httparse v1.10.1
   Compiling regex-syntax v0.8.11
   Compiling blocking v1.6.2
   Compiling rustversion v1.0.23
   Compiling untrusted v0.9.0
   Compiling ring v0.17.14
   Compiling new_debug_unreachable v1.0.6
   Compiling tinyvec_macros v0.1.1
   Compiling tinyvec v1.11.0
   Compiling winapi-util v0.1.11
   Compiling block-buffer v0.10.4
   Compiling crypto-common v0.1.7
   Compiling same-file v1.0.6
   Compiling digest v0.10.7
   Compiling http-body v1.0.1
   Compiling num-integer v0.1.46
   Compiling euclid v0.22.14
   Compiling rayon v1.12.0
   Compiling tracing v0.1.44
   Compiling vswhom-sys v0.1.3
   Compiling async-executor v1.14.0
   Compiling bstr v1.12.3
   Compiling windows-strings v0.4.2
   Compiling num-bigint v0.4.8
   Compiling slotmap v1.1.1
   Compiling try-lock v0.2.5
   Compiling windows_x86_64_msvc v0.53.1
   Compiling rustls v0.23.41
   Compiling cpufeatures v0.2.17
   Compiling regex-automata v0.4.14
   Compiling scopeguard v1.2.0
   Compiling log v0.4.33
   Compiling ash v0.38.0+1.3.281
   Compiling getrandom v0.4.3
   Compiling fnv v1.0.7
   Compiling winapi v0.3.9
   Compiling lock_api v0.4.14
   Compiling serde_fmt v1.1.0
   Compiling indexmap v2.14.0
   Compiling sha2 v0.10.9
   Compiling want v0.3.1
   Compiling windows-targets v0.52.6
   Compiling walkdir v2.5.0
   Compiling core_maths v0.1.1
   Compiling itertools v0.14.0
   Compiling fdeflate v0.3.7
   Compiling as-slice v0.2.1
   Compiling libloading v0.8.9
   Compiling cfg_aliases v0.2.1
   Compiling deflate64 v0.1.12
   Compiling value-bag-serde1 v1.12.0
   Compiling value-bag v1.12.0
   Compiling syn v1.0.109
   Compiling ryu v1.0.23
   Compiling tower-service v0.3.3
   Compiling paste v1.0.15
   Compiling getrandom v0.3.4
   Compiling winnow v1.0.3
   Compiling percent-encoding v2.3.2
   Compiling serde_json v1.0.150
   Compiling parking_lot_core v0.9.12
   Compiling built v0.8.1
   Compiling num-rational v0.4.2
   Compiling unicase v2.9.0
   Compiling av-scenechange v0.14.1
   Compiling compression-core v0.4.32
   Compiling float-cmp v0.9.0
   Compiling ref-cast v1.0.25
   Compiling synstructure v0.13.2
   Compiling subtle v2.6.1
   Compiling mime_guess v2.0.5
   Compiling toml_parser v1.1.2+spec-1.1.0
   Compiling compression-codecs v0.4.38
   Compiling strict-num v0.1.1
   Compiling serde_derive_internals v0.29.1
   Compiling rav1e v0.8.1
   Compiling globset v0.4.18
   Compiling form_urlencoded v1.2.2
   Compiling naga v25.0.1
   Compiling aligned v0.4.3
   Compiling rust-embed-utils v8.11.0
   Compiling ttf-parser v0.25.1
   Compiling windows-sys v0.59.0
   Compiling lyon_geom v1.0.19
   Compiling serde_spanned v1.1.1
   Compiling toml_datetime v1.1.1+spec-1.1.0
   Compiling nom v8.0.0
   Compiling no_std_io2 v0.9.4
   Compiling gpu-alloc-types v0.3.1
   Compiling foldhash v0.1.5
   Compiling quick-error v2.0.1
   Compiling pastey v0.1.1
   Compiling rustls-webpki v0.103.13
   Compiling event-listener v2.5.3
   Compiling base64 v0.22.1
   Compiling bit-vec v0.8.0
   Compiling arrayref v0.3.9
   Compiling semver v1.0.28
   Compiling toml_writer v1.1.1+spec-1.1.0
   Compiling unicode-width v0.2.2
   Compiling ar_archive_writer v0.5.2
   Compiling serde_json_lenient v0.2.4
   Compiling y4m v0.8.0
   Compiling zerofrom-derive v0.1.7
   Compiling yoke-derive v0.8.2
   Compiling zerovec-derive v0.11.3
   Compiling displaydoc v0.2.6
   Compiling bytemuck_derive v1.10.2
   Compiling zerocopy-derive v0.8.53
   Compiling serde_derive v1.0.228
   Compiling futures-macro v0.3.32
   Compiling equator-macro v0.4.2
   Compiling mio v1.2.1
   Compiling socket2 v0.6.4
   Compiling errno v0.3.14
   Compiling polling v3.11.0
   Compiling futures-util v0.3.32
   Compiling thiserror-impl v2.0.18
   Compiling bytemuck v1.25.0
   Compiling equator v0.4.2
   Compiling thiserror-impl v1.0.69
   Compiling pin-project-internal v1.1.13
   Compiling zerofrom v0.1.8
   Compiling tokio v1.52.3
   Compiling yoke v0.8.3
   Compiling aligned-vec v0.6.4
   Compiling zerovec v0.11.6
   Compiling zerotrie v0.2.4
   Compiling v_frame v0.3.9
   Compiling async-process v2.5.0
   Compiling tinystr v0.8.3
   Compiling potential_utf v0.1.5
   Compiling profiling-procmacros v1.0.18
   Compiling icu_collections v2.2.0
   Compiling windows-interface v0.59.3
   Compiling windows-implement v0.60.2
   Compiling icu_locale_core v2.2.0
   Compiling profiling v1.0.18
   Compiling pin-project v1.1.13
   Compiling termcolor v1.4.1
   Compiling psm v0.1.31
   Compiling schannel v0.1.29
   Compiling ref-cast-impl v1.0.25
   Compiling windows-core v0.61.2
   Compiling strum_macros v0.26.4
   Compiling arg_enum_proc_macro v0.3.4
   Compiling mac v0.1.1
   Compiling codespan-reporting v0.12.0
   Compiling futf v0.1.5
   Compiling av1-grain v0.2.5
   Compiling rustls-native-certs v0.8.4
   Compiling icu_provider v2.2.0
   Compiling async-global-executor v2.4.1
   Compiling icu_normalizer v2.2.0
   Compiling icu_properties v2.2.0
   Compiling futures-executor v0.3.32
   Compiling async-net v2.0.0
   Compiling winreg v0.55.0
   Compiling futures v0.3.32
   Compiling tiny-skia-path v0.11.4
   Compiling rgb v0.8.53
   Compiling dirs-sys v0.3.7
   Compiling home v0.5.12
   Compiling idna_adapter v1.2.2
   Compiling idna v1.1.0
   Compiling num-derive v0.4.2
   Compiling schemars_derive v1.2.1
   Compiling rust-embed-impl v8.11.0
   Compiling rustc_version v0.4.1
   Compiling toml v1.1.2+spec-1.1.0
   Compiling bit-set v0.8.0
   Compiling async-channel v1.9.0
   Compiling lyon_path v1.0.19
   Compiling hashbrown v0.15.5
   Compiling bitstream-io v4.10.0
   Compiling strum v0.26.3
   Compiling windows-targets v0.53.5
   Compiling tokio-util v0.7.18
   Compiling half v2.7.1
   Compiling tokio-rustls v0.26.4
   Compiling vswhom v0.1.0
   Compiling maybe-rayon v0.1.1
   Compiling async-compression v0.4.42
   Compiling kv-log-macro v1.0.7
   Compiling h2 v0.4.15
   Compiling async-fs v2.2.0
   Compiling stacker v0.1.24
   Compiling proc-macro-error-attr2 v2.0.0
   Compiling simd_helpers v0.1.0
   Compiling windows-strings v0.3.1
   Compiling kurbo v0.11.3
   Compiling spirv v0.3.0+sdk-1.3.268.0
   Compiling sync_wrapper v1.0.2
   Compiling hexf-parse v0.2.1
   Compiling rustc-hash v2.1.3
   Compiling dyn-clone v1.0.20
   Compiling siphasher v1.0.3
   Compiling unicode-bidi-mirroring v0.4.0
   Compiling unicode-properties v0.1.4
   Compiling noop_proc_macro v0.3.0
   Compiling waker-fn v1.2.0
   Compiling unicode-ccc v0.4.0
   Compiling pin-utils v0.1.0
   Compiling mime v0.3.17
   Compiling winsafe v0.0.19
   Compiling utf-8 v0.7.6
   Compiling rustc-hash v1.1.0
   Compiling fastrand v1.9.0
   Compiling raw-window-handle v0.6.2
   Compiling weezl v0.1.12
   Compiling unicode-script v0.5.8
   Compiling tower-layer v0.3.3
   Compiling bitflags v1.3.2
   Compiling zune-core v0.5.1
   Compiling memmap2 v0.9.11
   Compiling imgref v1.12.2
   Compiling futures-lite v1.13.0
   Compiling fontdb v0.23.0
   Compiling rustybuzz v0.20.1
   Compiling zune-jpeg v0.5.15
   Compiling loop9 v0.1.5
   Compiling tower v0.5.3
   Compiling png v0.17.16
   Compiling svgtypes v0.15.3
   Compiling gpui_collections v0.2.2
   Compiling tendril v0.4.3
   Compiling async-std v1.13.2
   Compiling schemars v1.2.1
   Compiling proc-macro-error2 v2.0.1
   Compiling windows-registry v0.4.0
   Compiling smol v2.0.2
   Compiling async_zip v0.0.17
   Compiling parking_lot v0.12.5
   Compiling rand_core v0.9.5
   Compiling embed-resource v3.0.11
   Compiling rust-embed v8.11.0
   Compiling gpu-alloc-ash v0.7.1
   Compiling ash-window v0.13.0
   Compiling ppv-lite86 v0.2.21
   Compiling hyper v1.10.1
   Compiling tokio-socks v0.5.3
   Compiling url v2.5.8
   Compiling dirs v4.0.0
   Compiling which v6.0.3
   Compiling serde_urlencoded v0.7.1
   Compiling regex v1.12.4
   Compiling hidden-trait v0.1.2
   Compiling tempfile v3.27.0
   Compiling gpu-alloc v0.6.2
   Compiling simplecss v0.2.2
   Compiling http-body-util v0.1.3
   Compiling rustls-pemfile v2.2.0
   Compiling windows-threading v0.1.0
   Compiling avif-serialize v0.8.9
   Compiling hyper-util v0.1.20
   Compiling zune-inflate v0.2.54
   Compiling encoding_rs v0.8.35
   Compiling filetime v0.2.29
   Compiling pico-args v0.5.0
   Compiling imagesize v0.13.0
   Compiling byteorder-lite v0.1.0
   Compiling dunce v1.0.5
   Compiling hyper-rustls v0.27.9
   Compiling shlex v1.3.0
   Compiling pxfm v0.1.30
   Compiling unicode-vo v0.1.0
   Compiling take-until v0.2.0
   Compiling color_quant v1.1.0
   Compiling float_next_after v1.0.0
   Compiling roxmltree v0.20.0
   Compiling ipnet v2.12.0
   Compiling mint v0.5.9
   Compiling fax v0.2.7
   Compiling lebe v0.5.3
   Compiling unicode-bidi v0.3.18
   Compiling bit_field v0.10.3
   Compiling xmlwriter v0.1.0
   Compiling data-url v0.3.2
   Compiling dtor-proc-macro v0.0.5
   Compiling convert_case v0.4.0
   Compiling exr v1.74.0
   Compiling dtor v0.0.6
   Compiling usvg v0.45.1
   Compiling tiff v0.11.3
   Compiling zed-reqwest v0.12.15-zed
   Compiling derive_more v0.99.20
   Compiling ravif v0.13.0
   Compiling gif v0.14.2
   Compiling lyon_tessellation v1.0.20
   Compiling blade-graphics v0.7.1
   Compiling gpui_util v0.2.2
   Compiling moxcms v0.8.1
   Compiling image-webp v0.2.4
   Compiling zed-async-tar v0.5.0-zed
   Compiling windows-future v0.2.1
   Compiling gpui_perf v0.2.2
   Compiling rand_chacha v0.9.0
   Compiling gpui v0.2.2
   Compiling tiny-skia v0.11.4
   Compiling stacksafe-macro v0.1.4
   Compiling lyon_algorithms v1.0.20
   Compiling windows-numerics v0.2.0
   Compiling windows-collections v0.2.0
   Compiling qoi v0.4.1
   Compiling strum_macros v0.27.2
   Compiling gpui_derive_refineable v0.2.2
   Compiling png v0.18.1
   Compiling spin v0.9.8
   Compiling nanorand v0.7.0
   Compiling crossbeam-queue v0.3.13
   Compiling grid v0.18.0
   Compiling static_assertions v1.1.0
   Compiling svg_fmt v0.4.5
   Compiling pollster v0.2.5
   Compiling atomic v0.5.3
   Compiling sha1_smol v1.0.1
   Compiling ctor-proc-macro v0.0.6
   Compiling postage v0.5.0
   Compiling gpui_refineable v0.2.2
   Compiling uuid v1.23.4
   Compiling resvg v0.45.1
   Compiling ctor v0.4.3
   Compiling taffy v0.9.0
   Compiling image v0.25.10
   Compiling etagere v0.2.15
   Compiling flume v0.11.1
   Compiling windows v0.61.3
   Compiling stacksafe v0.1.4
   Compiling lyon v1.0.19
   Compiling rand v0.9.4
   Compiling gpui_util_macros v0.2.2
   Compiling gpui_http_client v0.2.2
   Compiling blade-util v0.3.0
   Compiling gpui_semantic_version v0.2.2
   Compiling blade-macros v0.3.0
   Compiling strum v0.27.2
   Compiling gpui-macros v0.2.2
   Compiling gpui_sum_tree v0.2.2
   Compiling windows-registry v0.5.3
   Compiling num_cpus v1.17.0
   Compiling inventory v0.3.24
   Compiling seahash v4.1.0
   Compiling gpui-app v0.1.0 (C:\Users\M.Pertsev\Desktop\workspace\OSS\rust-gui-desktop-ecosystem-state\apps\gpui-app)
    Finished `release` profile [optimized] target(s) in 2m 42s
