   Compiling proc-macro2 v1.0.106
   Compiling quote v1.0.46
   Compiling unicode-ident v1.0.24
   Compiling serde_core v1.0.228
   Compiling cfg-if v1.0.4
   Compiling windows-link v0.2.1
   Compiling autocfg v1.5.1
   Compiling pin-project-lite v0.2.17
   Compiling libm v0.2.16
   Compiling crossbeam-utils v0.8.22
   Compiling memchr v2.8.3
   Compiling futures-core v0.3.32
   Compiling typeid v1.0.3
   Compiling libc v0.2.186
   Compiling erased-serde v0.4.10
   Compiling bitflags v2.13.0
   Compiling futures-io v0.3.32
   Compiling shlex v2.0.1
   Compiling find-msvc-tools v0.1.9
   Compiling slab v0.4.12
   Compiling arrayvec v0.7.8
   Compiling stable_deref_trait v1.2.1
   Compiling version_check v0.9.5
   Compiling windows-sys v0.61.2
   Compiling parking v2.2.1
   Compiling smallvec v1.15.2
   Compiling once_cell v1.21.4
   Compiling simd-adler32 v0.3.9
   Compiling atomic-waker v1.1.2
   Compiling fastrand v2.4.1
   Compiling futures-sink v0.3.32
   Compiling adler2 v2.0.1
   Compiling equivalent v1.0.2
   Compiling hashbrown v0.17.1
   Compiling crc32fast v1.5.0
   Compiling itoa v1.0.18
   Compiling typenum v1.20.1
   Compiling bytes v1.12.1
   Compiling either v1.16.0
   Compiling windows-link v0.1.3
   Compiling miniz_oxide v0.8.9
   Compiling futures-lite v2.6.1
   Compiling futures-channel v0.3.32
   Compiling regex-syntax v0.8.11
   Compiling num-traits v0.2.19
   Compiling cc v1.2.66
   Compiling crossbeam-epoch v0.9.20
   Compiling zerocopy v0.8.54
   Compiling aho-corasick v1.1.4
   Compiling anyhow v1.0.103
   Compiling zmij v1.0.21
   Compiling crossbeam-deque v0.8.7
   Compiling unicase v2.9.0
   Compiling concurrent-queue v2.5.0
   Compiling rustix v1.1.4
   Compiling futures-task v0.3.32
   Compiling async-task v4.7.1
   Compiling flate2 v1.1.9
   Compiling event-listener v5.4.1
   Compiling async-io v2.6.0
   Compiling piper v0.2.5
   Compiling log v0.4.33
   Compiling thiserror v2.0.18
   Compiling syn v2.0.118
   Compiling rayon-core v1.13.0
   Compiling event-listener-strategy v0.5.4
   Compiling windows-result v0.3.4
   Compiling getrandom v0.2.17
   Compiling writeable v0.6.3
   Compiling paste v1.0.15
   Compiling serde v1.0.228
   Compiling async-channel v2.5.0
   Compiling zeroize v1.9.0
   Compiling litemap v0.8.2
   Compiling blocking v1.6.2
   Compiling hybrid-array v0.4.13
   Compiling rustls-pki-types v1.15.0
   Compiling regex-automata v0.4.15
   Compiling http v1.4.2
   Compiling thiserror v1.0.69
   Compiling icu_normalizer_data v2.2.0
   Compiling heck v0.5.0
   Compiling windows_x86_64_msvc v0.52.6
   Compiling utf8_iter v1.0.4
   Compiling icu_properties_data v2.2.0
   Compiling object v0.37.3
   Compiling async-lock v3.4.2
   Compiling generic-array v0.14.7
   Compiling tracing-core v0.1.36
   Compiling tinyvec_macros v0.1.1
   Compiling rustversion v1.0.23
   Compiling glob v0.3.3
   Compiling ring v0.17.14
   Compiling new_debug_unreachable v1.0.6
   Compiling httparse v1.10.1
   Compiling num-integer v0.1.46
   Compiling const-oid v0.10.2
   Compiling rustc-hash v2.1.3
   Compiling num-bigint v0.4.8
   Compiling block-buffer v0.12.1
   Compiling crypto-common v0.2.2
   Compiling winapi-util v0.1.11
   Compiling untrusted v0.9.0
   Compiling clang-sys v1.8.1
   Compiling tracing v0.1.44
   Compiling euclid v0.22.14
   Compiling http-body v1.0.1
   Compiling vswhom-sys v0.1.3
   Compiling same-file v1.0.6
   Compiling tinyvec v1.11.0
   Compiling serde_fmt v1.1.0
   Compiling indexmap v2.14.0
   Compiling rayon v1.12.0
   Compiling async-executor v1.14.0
   Compiling mime_guess v2.0.5
   Compiling bstr v1.12.3
   Compiling windows-strings v0.4.2
   Compiling slotmap v1.1.1
   Compiling windows-result v0.4.1
   Compiling digest v0.11.3
   Compiling value-bag-serde1 v1.12.0
   Compiling value-bag v1.12.0
   Compiling windows-strings v0.5.1
   Compiling rustls v0.23.41
   Compiling fnv v1.0.7
   Compiling windows_x86_64_msvc v0.53.1
   Compiling winapi v0.3.9
   Compiling bitflags v1.3.2
   Compiling try-lock v0.2.5
   Compiling cpufeatures v0.3.0
   Compiling getrandom v0.4.3
   Compiling ash v0.38.0+1.3.281
   Compiling scopeguard v1.2.0
   Compiling core-foundation-sys v0.8.7
   Compiling prettyplease v0.2.37
   Compiling lock_api v0.4.14
   Compiling want v0.3.1
   Compiling sha2 v0.11.0
   Compiling globset v0.4.18
   Compiling windows-targets v0.52.6
   Compiling num-rational v0.4.2
   Compiling walkdir v2.5.0
   Compiling core_maths v0.1.1
   Compiling itertools v0.14.0
   Compiling fdeflate v0.3.7
   Compiling as-slice v0.2.1
   Compiling libloading v0.8.9
   Compiling float-cmp v0.9.0
   Compiling getrandom v0.3.4
   Compiling cfg_aliases v0.2.1
   Compiling percent-encoding v2.3.2
   Compiling subtle v2.6.1
   Compiling minimal-lexical v0.2.1
   Compiling compression-core v0.4.32
   Compiling ryu v1.0.23
   Compiling built v0.8.1
   Compiling parking_lot_core v0.9.12
   Compiling winnow v1.0.3
   Compiling synstructure v0.13.2
   Compiling av-scenechange v0.14.1
   Compiling syn v1.0.109
   Compiling mime v0.3.17
   Compiling ref-cast v1.0.25
   Compiling serde_json v1.0.150
   Compiling tower-service v0.3.3
   Compiling deflate64 v0.1.12
   Compiling toml_parser v1.1.2+spec-1.1.0
   Compiling nom v7.1.3
   Compiling serde_derive_internals v0.29.1
   Compiling form_urlencoded v1.2.2
   Compiling compression-codecs v0.4.38
   Compiling rav1e v0.8.1
   Compiling naga v25.0.1
   Compiling strict-num v0.1.1
   Compiling rust-embed-utils v8.12.0
   Compiling aligned v0.4.3
   Compiling ttf-parser v0.25.1
   Compiling windows-sys v0.59.0
   Compiling lyon_geom v1.0.19
   Compiling ar_archive_writer v0.5.2
   Compiling rustls-webpki v0.103.13
   Compiling serde_spanned v1.1.1
   Compiling toml_datetime v1.1.1+spec-1.1.0
   Compiling nom v8.0.0
   Compiling no_std_io2 v0.9.4
   Compiling pulp v0.22.3
   Compiling gpu-alloc-types v0.3.1
   Compiling bit-vec v0.8.0
   Compiling arrayref v0.3.9
   Compiling mac v0.1.1
   Compiling pastey v0.1.1
   Compiling mio v1.2.1
   Compiling socket2 v0.6.4
   Compiling errno v0.3.14
   Compiling polling v3.11.0
   Compiling termcolor v1.4.1
   Compiling tokio v1.52.3
   Compiling schannel v0.1.29
   Compiling psm v0.1.31
   Compiling zerofrom-derive v0.1.7
   Compiling bytemuck_derive v1.10.2
   Compiling yoke-derive v0.8.2
   Compiling zerovec-derive v0.11.3
   Compiling windows-interface v0.59.3
   Compiling displaydoc v0.2.6
   Compiling windows-implement v0.60.2
   Compiling zerocopy-derive v0.8.54
   Compiling serde_derive v1.0.228
   Compiling zerofrom v0.1.8
   Compiling futures-macro v0.3.32
   Compiling thiserror-impl v2.0.18
   Compiling equator-macro v0.4.2
   Compiling thiserror-impl v1.0.69
   Compiling pin-project-internal v1.1.13
   Compiling bytemuck v1.25.0
   Compiling windows-core v0.62.2
   Compiling yoke v0.8.3
   Compiling zerovec v0.11.6
   Compiling zerotrie v0.2.4
   Compiling futures-util v0.3.32
   Compiling equator v0.4.2
   Compiling async-process v2.5.0
   Compiling profiling-procmacros v1.0.18
   Compiling aligned-vec v0.6.4
   Compiling windows-core v0.61.2
   Compiling arg_enum_proc_macro v0.3.4
   Compiling profiling v1.0.18
   Compiling tinystr v0.8.3
   Compiling potential_utf v0.1.5
   Compiling v_frame v0.3.9
   Compiling strum_macros v0.26.4
   Compiling ref-cast-impl v1.0.25
   Compiling icu_locale_core v2.2.0
   Compiling icu_collections v2.2.0
   Compiling pin-project v1.1.13
   Compiling foldhash v0.1.5
   Compiling semver v1.0.28
   Compiling y4m v0.8.0
   Compiling unicode-width v0.2.2
   Compiling serde_json_lenient v0.2.4
   Compiling tokio-util v0.7.18
   Compiling quick-error v2.0.1
   Compiling event-listener v2.5.3
   Compiling bindgen v0.71.1
   Compiling base64 v0.22.1
   Compiling toml_writer v1.1.1+spec-1.1.0
   Compiling async-channel v1.9.0
   Compiling toml v1.1.2+spec-1.1.0
   Compiling codespan-reporting v0.12.0
   Compiling itertools v0.13.0
   Compiling tokio-rustls v0.26.4
   Compiling rustc_version v0.4.1
   Compiling icu_provider v2.2.0
   Compiling h2 v0.4.15
   Compiling hashbrown v0.15.5
   Compiling av1-grain v0.2.5
   Compiling winreg v0.55.0
   Compiling async-net v2.0.0
   Compiling icu_properties v2.2.0
   Compiling icu_normalizer v2.2.0
   Compiling strum v0.26.3
   Compiling async-global-executor v2.4.1
   Compiling rgb v0.8.53
   Compiling tiny-skia-path v0.11.4
   Compiling num-complex v0.4.6
   Compiling dirs-sys v0.3.7
   Compiling rustls-native-certs v0.8.4
   Compiling num-derive v0.4.2
   Compiling schemars_derive v1.2.1
   Compiling rust-embed-impl v8.12.0
   Compiling cexpr v0.6.0
   Compiling futures-executor v0.3.32
   Compiling idna_adapter v1.2.2
   Compiling bit-set v0.8.0
   Compiling idna v1.1.0
   Compiling futures v0.3.32
   Compiling futf v0.1.5
   Compiling home v0.5.12
   Compiling lyon_path v1.0.19
   Compiling bitstream-io v4.10.0
   Compiling windows-targets v0.53.5
   Compiling vswhom v0.1.0
   Compiling maybe-rayon v0.1.1
   Compiling async-compression v0.4.42
   Compiling half v2.7.1
   Compiling block-buffer v0.10.4
   Compiling crypto-common v0.1.7
   Compiling kv-log-macro v1.0.7
   Compiling regex v1.13.0
   Compiling async-fs v2.2.0
   Compiling stacker v0.1.24
   Compiling simd_helpers v0.1.0
   Compiling proc-macro-error-attr2 v2.0.0
   Compiling windows-strings v0.3.1
   Compiling kurbo v0.11.3
   Compiling raw-cpuid v11.6.0
   Compiling hyper v1.10.1
   Compiling spirv v0.3.0+sdk-1.3.268.0
   Compiling sync_wrapper v1.0.2
   Compiling windows-threading v0.2.1
   Compiling unicode-properties v0.1.4
   Compiling memmap2 v0.9.11
   Compiling zune-core v0.5.1
   Compiling tower-layer v0.3.3
   Compiling unicode-script v0.5.8
   Compiling siphasher v1.0.3
   Compiling hexf-parse v0.2.1
   Compiling imgref v1.12.2
   Compiling rustc-hash v1.1.0
   Compiling reborrow v0.5.5
   Compiling pulp-wasm-simd-flag v0.1.1
   Compiling noop_proc_macro v0.3.0
   Compiling fastrand v1.9.0
   Compiling utf-8 v0.7.6
   Compiling shlex v1.3.0
   Compiling weezl v0.1.12
   Compiling raw-window-handle v0.6.2
   Compiling dyn-clone v1.0.20
   Compiling unicode-ccc v0.4.0
   Compiling winsafe v0.0.19
   Compiling waker-fn v1.2.0
   Compiling pin-utils v0.1.0
   Compiling unicode-bidi-mirroring v0.4.0
   Compiling futures-lite v1.13.0
   Compiling async-std v1.13.2
   Compiling rustybuzz v0.20.1
   Compiling schemars v1.2.1
   Compiling hyper-util v0.1.20
   Compiling gpui_collections v0.2.2
   Compiling tendril v0.4.3
   Compiling svgtypes v0.15.3
   Compiling loop9 v0.1.5
   Compiling ash-window v0.13.0
   Compiling gpu-alloc-ash v0.7.1
   Compiling tower v0.5.3
   Compiling hyper-rustls v0.27.9
   Compiling zune-jpeg v0.5.15
   Compiling fontdb v0.23.0
   Compiling which v6.0.3
   Compiling hidden-trait v0.1.2
   Compiling windows-future v0.3.2
   Compiling proc-macro-error2 v2.0.1
   Compiling windows-registry v0.4.0
   Compiling smol v2.0.2
   Compiling digest v0.10.7
   Compiling parking_lot v0.12.5
   Compiling async_zip v0.0.17
   Compiling ppv-lite86 v0.2.21
   Compiling rand_core v0.9.5
   Compiling embed-resource v3.0.11
   Compiling url v2.5.8
   Compiling rust-embed v8.12.0
   Compiling tokio-socks v0.5.3
   Compiling serde_urlencoded v0.7.1
   Compiling dirs v4.0.0
   Compiling windows-collections v0.3.2
   Compiling windows-numerics v0.3.1
   Compiling foreign-types-macros v0.2.3
   Compiling gpu-alloc v0.6.2
   Compiling tempfile v3.27.0
   Compiling png v0.17.16
   Compiling simplecss v0.2.2
   Compiling core-foundation v0.10.0
error[E0433]: cannot find `unix` in `os`
  --> C:\Users\M.Pertsev\.cargo\registry\src\index.crates.io-1949cf8c6b5b557f\core-foundation-0.10.0\src\filedescriptor.rs:19:14
   |
19 | use std::os::unix::io::{AsRawFd, RawFd};
   |              ^^^^ could not find `unix` in `os`
   |
note: found an item that was configured out
  --> /rustc/31fca3adb283cc9dfd56b49cdee9a96eb9c96ffd/library\std\src\os\mod.rs:29:4
   |
   = note: the item is gated here
note: found an item that was configured out
  --> /rustc/31fca3adb283cc9dfd56b49cdee9a96eb9c96ffd/library\std\src\os\mod.rs:84:40
   |
   = note: the item is gated here

error[E0432]: unresolved import `libc::PATH_MAX`
  --> C:\Users\M.Pertsev\.cargo\registry\src\index.crates.io-1949cf8c6b5b557f\core-foundation-0.10.0\src\url.rs:22:28
   |
22 | use libc::{c_char, strlen, PATH_MAX};
   |                            ^^^^^^^^ no `PATH_MAX` in the root

Some errors have detailed explanations: E0432, E0433.
For more information about an error, try `rustc --explain E0432`.
   Compiling core-foundation v0.9.4
error: could not compile `core-foundation` (lib) due to 2 previous errors
warning: build failed, waiting for other jobs to finish...
error[E0433]: cannot find `unix` in `os`
  --> C:\Users\M.Pertsev\.cargo\registry\src\index.crates.io-1949cf8c6b5b557f\core-foundation-0.9.4\src\filedescriptor.rs:19:14
   |
19 | use std::os::unix::io::{AsRawFd, RawFd};
   |              ^^^^ could not find `unix` in `os`
   |
note: found an item that was configured out
  --> /rustc/31fca3adb283cc9dfd56b49cdee9a96eb9c96ffd/library\std\src\os\mod.rs:29:4
   |
   = note: the item is gated here
note: found an item that was configured out
  --> /rustc/31fca3adb283cc9dfd56b49cdee9a96eb9c96ffd/library\std\src\os\mod.rs:84:40
   |
   = note: the item is gated here

error[E0432]: unresolved import `libc::PATH_MAX`
  --> C:\Users\M.Pertsev\.cargo\registry\src\index.crates.io-1949cf8c6b5b557f\core-foundation-0.9.4\src\url.rs:22:28
   |
22 | use libc::{c_char, strlen, PATH_MAX};
   |                            ^^^^^^^^ no `PATH_MAX` in the root

error: could not compile `core-foundation` (lib) due to 2 previous errors
