   Compiling proc-macro2 v1.0.106
   Compiling unicode-ident v1.0.24
   Compiling quote v1.0.46
   Compiling serde_core v1.0.228
   Compiling version_check v0.9.5
   Compiling cfg-if v1.0.4
   Compiling thiserror v2.0.18
   Compiling serde v1.0.228
   Compiling windows-link v0.2.1
   Compiling once_cell v1.21.4
   Compiling smallvec v1.15.2
   Compiling stable_deref_trait v1.2.1
   Compiling autocfg v1.5.1
   Compiling pin-project-lite v0.2.17
   Compiling libc v0.2.186
   Compiling anyhow v1.0.103
   Compiling crossbeam-utils v0.8.22
   Compiling parking_lot_core v0.9.12
   Compiling rustversion v1.0.23
   Compiling scopeguard v1.2.0
   Compiling futures-core v0.3.32
   Compiling unicode-xid v0.2.6
   Compiling windows-link v0.1.3
   Compiling memchr v2.8.3
   Compiling dioxus-core-types v0.7.9
   Compiling konst_macro_rules v0.2.19
   Compiling libloading v0.8.9
   Compiling futures-task v0.3.32
   Compiling memmap2 v0.9.11
   Compiling lock_api v0.4.14
   Compiling crossbeam-epoch v0.9.20
   Compiling slab v0.4.12
   Compiling zerocopy v0.8.54
   Compiling tracing-core v0.1.36
   Compiling konst v0.2.20
   Compiling futures-channel v0.3.32
   Compiling crossbeam-deque v0.8.7
   Compiling log v0.4.33
   Compiling rustc-hash v2.1.3
   Compiling longest-increasing-subsequence v0.1.0
   Compiling slotmap v1.1.1
   Compiling futures-util v0.3.32
   Compiling windows-result v0.3.4
   Compiling windows-strings v0.4.2
   Compiling writeable v0.6.3
   Compiling itoa v1.0.18
   Compiling rayon-core v1.13.0
   Compiling litemap v0.8.2
   Compiling num-traits v0.2.19
   Compiling generic-array v0.14.7
   Compiling unicode-segmentation v1.13.3
   Compiling ident_case v1.0.1
   Compiling parking_lot v0.12.5
   Compiling icu_normalizer_data v2.2.0
   Compiling lazy-js-bundle v0.7.9
   Compiling icu_properties_data v2.2.0
   Compiling fnv v1.0.7
   Compiling utf8_iter v1.0.4
   Compiling simd-adler32 v0.3.9
   Compiling proc-macro2-diagnostics v0.10.1
   Compiling typenum v1.20.1
   Compiling getrandom v0.3.4
   Compiling paste v1.0.15
   Compiling zmij v1.0.21
   Compiling either v1.16.0
   Compiling convert_case v0.8.0
   Compiling windows-threading v0.1.0
   Compiling windows_x86_64_msvc v0.53.1
   Compiling arrayvec v0.7.8
   Compiling crc32fast v1.5.0
   Compiling adler2 v2.0.1
   Compiling serde_json v1.0.150
   Compiling miniz_oxide v0.8.9
   Compiling syn v2.0.118
   Compiling as-slice v0.2.1
   Compiling windows-sys v0.61.2
   Compiling built v0.8.1
   Compiling bytemuck v1.25.0
   Compiling windows_x86_64_msvc v0.52.6
   Compiling percent-encoding v2.3.2
   Compiling av-scenechange v0.14.1
   Compiling const_format_proc_macros v0.2.34
   Compiling dioxus-cli-config v0.7.9
   Compiling libm v0.2.16
   Compiling aligned v0.4.3
   Compiling rand_core v0.9.5
   Compiling crossbeam-channel v0.5.16
   Compiling nom v8.0.0
   Compiling num-integer v0.1.46
   Compiling no_std_io2 v0.9.4
   Compiling pulp v0.22.3
   Compiling dpi v0.1.2
   Compiling quick-error v2.0.1
   Compiling httparse v1.10.1
   Compiling pastey v0.1.1
   Compiling time-core v0.1.9
   Compiling native-tls v0.2.18
   Compiling y4m v0.8.0
   Compiling num-conv v0.2.2
   Compiling flate2 v1.1.9
   Compiling bitstream-io v4.10.0
   Compiling num-bigint v0.4.8
   Compiling rayon v1.12.0
   Compiling rav1e v0.8.1
   Compiling time-macros v0.2.31
   Compiling windows-targets v0.53.5
   Compiling num-complex v0.4.6
   Compiling form_urlencoded v1.2.2
   Compiling simd_helpers v0.1.0
   Compiling const_format v0.2.36
   Compiling itertools v0.14.0
   Compiling cookie v0.18.1
   Compiling pulp-wasm-simd-flag v0.1.1
   Compiling crypto-common v0.1.7
   Compiling block-buffer v0.10.4
   Compiling deranged v0.5.8
   Compiling weezl v0.1.12
   Compiling digest v0.10.7
   Compiling cpufeatures v0.2.17
   Compiling uuid v1.23.4
   Compiling raw-window-handle v0.6.2
   Compiling byteorder v1.5.0
   Compiling new_debug_unreachable v1.0.6
   Compiling powerfmt v0.2.0
   Compiling regex-syntax v0.8.11
   Compiling noop_proc_macro v0.3.0
   Compiling imgref v1.12.2
   Compiling zune-core v0.5.1
   Compiling bitflags v2.13.0
   Compiling reborrow v0.5.5
   Compiling loop9 v0.1.5
   Compiling zune-jpeg v0.5.15
   Compiling cfb v0.7.3
   Compiling sha1 v0.10.6
   Compiling raw-cpuid v11.6.0
   Compiling windows-targets v0.52.6
   Compiling windows-sys v0.60.2
   Compiling avif-serialize v0.8.9
   Compiling dioxus-interpreter-js v0.7.9
   Compiling dioxus-document v0.7.9
   Compiling fdeflate v0.3.7
   Compiling zune-inflate v0.2.54
   Compiling windows-version v0.1.7
   Compiling fax v0.2.7
   Compiling num-rational v0.4.2
   Compiling wry v0.53.5
   Compiling color_quant v1.1.0
   Compiling data-encoding v2.11.0
   Compiling winnow v0.7.15
   Compiling time v0.3.53
   Compiling regex-automata v0.4.15
   Compiling lazy_static v1.5.0
   Compiling utf-8 v0.7.6
   Compiling pxfm v0.1.30
   Compiling bit_field v0.10.3
   Compiling lebe v0.5.3
   Compiling rgb v0.8.53
   Compiling maybe-rayon v0.1.1
   Compiling rustc-hash v1.1.0
   Compiling byteorder-lite v0.1.0
   Compiling rfd v0.17.2
   Compiling synstructure v0.13.2
   Compiling darling_core v0.21.3
   Compiling dioxus-rsx v0.7.9
   Compiling image-webp v0.2.4
   Compiling macro-string v0.1.4
   Compiling sledgehammer_utils v0.3.1
   Compiling sharded-slab v0.1.7
   Compiling gif v0.14.2
   Compiling png v0.18.1
   Compiling infer v0.19.0
   Compiling windows-sys v0.59.0
   Compiling qoi v0.4.1
   Compiling dioxus-desktop v0.7.9
   Compiling thread_local v1.1.9
   Compiling dunce v1.0.5
   Compiling raw-window-handle v0.5.2
   Compiling base64 v0.22.1
   Compiling subtle v2.6.1
   Compiling dioxus-config-macro v0.7.9
   Compiling dioxus-config-macros v0.7.9
   Compiling matchers v0.2.0
   Compiling serde_derive v1.0.228
   Compiling thiserror-impl v2.0.18
   Compiling zerofrom-derive v0.1.7
   Compiling yoke-derive v0.8.2
   Compiling tracing-attributes v0.1.31
   Compiling zerovec-derive v0.11.3
   Compiling displaydoc v0.2.6
   Compiling zerocopy-derive v0.8.54
   Compiling pin-project-internal v1.1.13
   Compiling windows-implement v0.60.2
   Compiling windows-interface v0.59.3
   Compiling equator-macro v0.4.2
   Compiling warnings-macro v0.2.0
   Compiling const-serialize-macro v0.7.2
   Compiling zerofrom v0.1.8
   Compiling darling_macro v0.21.3
   Compiling tracing v0.1.44
   Compiling const-serialize-macro v0.8.0-alpha.0
   Compiling webview2-com-sys v0.38.2
   Compiling yoke v0.8.3
   Compiling arg_enum_proc_macro v0.3.4
   Compiling zerovec v0.11.6
   Compiling generational-box v0.7.9
   Compiling zerotrie v0.2.4
   Compiling profiling-procmacros v1.0.18
   Compiling const-serialize v0.7.2
   Compiling darling v0.21.3
   Compiling enumset_derive v0.15.0
   Compiling equator v0.4.2
   Compiling pin-project v1.1.13
   Compiling schannel v0.1.29
   Compiling warnings v0.2.1
   Compiling profiling v1.0.18
   Compiling num-derive v0.4.2
   Compiling dioxus-html-internal-macro v0.7.9
   Compiling windows-core v0.61.2
   Compiling serde_repr v0.1.20
   Compiling async-trait v0.1.89
   Compiling dioxus-core-macro v0.7.9
   Compiling aligned-vec v0.6.4
   Compiling webview2-com-macros v0.8.1
   Compiling tinystr v0.8.3
   Compiling potential_utf v0.1.5
   Compiling sledgehammer_bindgen_macro v0.6.5
   Compiling windows-future v0.2.1
   Compiling windows-collections v0.2.0
   Compiling icu_collections v2.2.0
   Compiling icu_locale_core v2.2.0
   Compiling windows-numerics v0.2.0
   Compiling v_frame v0.3.9
   Compiling tokio-macros v2.7.0
   Compiling moxcms v0.8.1
   Compiling windows v0.61.3
   Compiling av1-grain v0.2.5
   Compiling tracing-subscriber v0.3.23
   Compiling dioxus-stores-macro v0.7.9
   Compiling enumset v1.1.13
   Compiling icu_provider v2.2.0
   Compiling const-serialize v0.8.0-alpha.0
   Compiling subsecond-types v0.7.9
   Compiling bytes v1.12.1
   Compiling keyboard-types v0.7.0
   Compiling subsecond v0.7.9
   Compiling icu_normalizer v2.2.0
   Compiling icu_properties v2.2.0
   Compiling euclid v0.22.14
   Compiling sledgehammer_bindgen v0.6.0
   Compiling manganis-core v0.7.9
   Compiling dioxus-core v0.7.9
   Compiling http v1.4.2
   Compiling muda v0.17.2
   Compiling tokio v1.52.3
   Compiling global-hotkey v0.7.0
   Compiling dioxus-logger v0.7.9
   Compiling idna_adapter v1.2.2
   Compiling idna v1.1.0
   Compiling manganis-macro v0.7.9
   Compiling tray-icon v0.21.3
   Compiling url v2.5.8
   Compiling dioxus-signals v0.7.9
   Compiling ppv-lite86 v0.2.21
   Compiling half v2.7.1
   Compiling dioxus-devtools-types v0.7.9
   Compiling rand_chacha v0.9.0
   Compiling webbrowser v1.2.1
   Compiling dioxus-history v0.7.9
   Compiling tiff v0.11.3
   Compiling dioxus-hooks v0.7.9
   Compiling rand v0.9.4
   Compiling exr v1.74.1
   Compiling dioxus-stores v0.7.9
   Compiling manganis v0.7.9
   Compiling dioxus-html v0.7.9
   Compiling tungstenite v0.28.0
   Compiling ravif v0.13.0
   Compiling dioxus-asset-resolver v0.7.9
   Compiling dioxus-devtools v0.7.9
   Compiling image v0.25.10
   Compiling tao v0.34.8
   Compiling webview2-com v0.38.2
   Compiling dioxus v0.7.9
   Compiling dioxus-grid v0.1.0 (C:\Users\M.Pertsev\Desktop\workspace\OSS\rust-gui-desktop-ecosystem-state\apps\dioxus-grid)
    Finished `release` profile [optimized] target(s) in 1m 24s
