   Compiling proc-macro2 v1.0.107
   Compiling quote v1.0.47
   Compiling unicode-ident v1.0.24
   Compiling serde_core v1.0.229
   Compiling cfg-if v1.0.4
   Compiling arrayvec v0.7.8
   Compiling libm v0.2.16
   Compiling serde v1.0.229
   Compiling log v0.4.33
   Compiling autocfg v1.5.1
   Compiling windows-link v0.2.1
   Compiling memchr v2.8.3
   Compiling version_check v0.9.5
   Compiling windows_x86_64_msvc v0.52.6
   Compiling thiserror v2.0.19
   Compiling cfg_aliases v0.2.2
   Compiling equivalent v1.0.2
   Compiling bitflags v1.3.2
   Compiling libc v0.2.189
   Compiling simd-adler32 v0.3.10
   Compiling zerocopy v0.8.55
   Compiling crossbeam-utils v0.8.22
   Compiling allocator-api2 v0.2.21
   Compiling adler2 v2.0.1
   Compiling crc32fast v1.5.0
   Compiling crossbeam-epoch v0.9.20
   Compiling crossbeam-deque v0.8.7
   Compiling raw-window-handle v0.6.2
   Compiling foldhash v0.2.0
   Compiling miniz_oxide v0.8.9
   Compiling once_cell v1.21.4
   Compiling polycool v0.4.0
   Compiling khronos_api v3.1.0
   Compiling scopeguard v1.2.0
   Compiling rayon-core v1.13.0
   Compiling anyhow v1.0.104
   Compiling either v1.17.0
   Compiling lock_api v0.4.14
   Compiling xml-rs v0.8.28
   Compiling lazy_static v1.5.0
   Compiling num-traits v0.2.19
   Compiling parking_lot_core v0.9.12
   Compiling windows-targets v0.52.6
   Compiling fdeflate v0.3.7
   Compiling thiserror v1.0.69
   Compiling hashbrown v0.16.1
   Compiling foldhash v0.1.5
   Compiling windows-result v0.2.0
   Compiling quick-error v2.0.1
   Compiling getrandom v0.4.3
   Compiling pin-project-lite v0.2.17
   Compiling paste v1.0.15
   Compiling naga v27.0.3
   Compiling windows-strings v0.1.0
   Compiling hashbrown v0.15.5
   Compiling libloading v0.8.9
   Compiling stable_deref_trait v1.2.1
   Compiling ash v0.38.0+1.3.281
   Compiling unicode-width v0.2.2
   Compiling flate2 v1.1.9
   Compiling bit-vec v0.8.0
   Compiling unicode-segmentation v1.13.3
   Compiling weezl v0.1.12
   Compiling hashbrown v0.17.1
   Compiling khronos-egl v6.0.0
   Compiling zune-core v0.5.1
   Compiling bit-set v0.8.0
   Compiling codespan-reporting v0.12.0
   Compiling gl_generator v0.14.0
   Compiling syn v2.0.119
   Compiling syn v3.0.3
   Compiling zune-jpeg v0.5.15
   Compiling as-slice v0.2.1
   Compiling slotmap v1.1.1
   Compiling core_maths v0.1.1
   Compiling wgpu-hal v27.0.4
   Compiling encoding_rs v0.8.35
   Compiling futures-sink v0.3.33
   Compiling indexmap v2.14.0
   Compiling ttf-parser v0.25.1
   Compiling hexf-parse v0.2.1
   Compiling byteorder-lite v0.1.0
   Compiling glutin_wgl_sys v0.6.1
   Compiling color_quant v1.1.0
   Compiling built v0.8.1
   Compiling rustc-hash v1.1.0
   Compiling presser v0.3.1
   Compiling av-scenechange v0.14.1
   Compiling futures-core v0.3.33
   Compiling gif v0.14.2
   Compiling jobserver v0.1.35
   Compiling aligned v0.4.3
   Compiling image-webp v0.2.4
   Compiling itertools v0.14.0
   Compiling no_std_io2 v0.9.4
   Compiling nom v8.0.0
   Compiling rayon v1.12.0
   Compiling pulp v0.22.3
   Compiling num-integer v0.1.46
   Compiling rav1e v0.8.1
   Compiling ordered-float v5.3.0
   Compiling renderdoc-sys v1.1.0
   Compiling tracing-core v0.1.36
   Compiling y4m v0.8.0
   Compiling glow v0.16.0
   Compiling num-bigint v0.4.8
   Compiling range-alloc v0.1.5
   Compiling memmap2 v0.9.11
   Compiling float-cmp v0.9.0
   Compiling pastey v0.1.1
   Compiling strict-num v0.1.1
   Compiling bitstream-io v4.10.0
   Compiling simd_helpers v0.1.0
   Compiling tracing v0.1.44
   Compiling wgpu-core v27.0.3
   Compiling noop_proc_macro v0.3.0
   Compiling bitflags v2.13.1
   Compiling serde_bytes v0.11.19
   Compiling smol_str v0.3.6
   Compiling pulp-wasm-simd-flag v0.1.1
   Compiling new_debug_unreachable v1.0.6
   Compiling tinyvec_macros v0.1.1
   Compiling arrayref v0.3.9
   Compiling gpu-alloc-types v0.3.1
   Compiling spirv v0.3.0+sdk-1.3.268.0
   Compiling gpu-descriptor-types v0.2.0
   Compiling raw-cpuid v11.6.0
   Compiling imgref v1.12.2
   Compiling reborrow v0.5.5
   Compiling gpu-alloc v0.6.2
   Compiling gpu-descriptor v0.3.2
   Compiling litrs v1.0.0
   Compiling shlex v2.0.1
   Compiling find-msvc-tools v0.1.9
   Compiling loop9 v0.1.5
   Compiling tinyvec v1.12.0
   Compiling nasm-rs v0.3.2
   Compiling futures-channel v0.3.33
   Compiling windows-sys v0.59.0
   Compiling generic-array v0.14.7
   Compiling num-rational v0.4.2
   Compiling avif-serialize v0.8.9
   Compiling zune-inflate v0.2.54
   Compiling floem-winit v25.10.0 (https://github.com/lapce/winit?rev=133268de675a4fda70816d78a7a1435eb972fea1#133268de)
   Compiling serde_derive v1.0.229
   Compiling thiserror-impl v2.0.19
   Compiling displaydoc v0.2.7
   Compiling document-features v0.2.12
   Compiling cc v1.4.0
   Compiling wgpu v27.0.1
   Compiling maybe-rayon v0.1.1
   Compiling windows-strings v0.5.1
   Compiling windows-result v0.4.1
   Compiling siphasher v1.0.3
   Compiling fax v0.2.7
   Compiling lebe v0.5.3
   Compiling bit_field v0.10.3
   Compiling unicode-bidi-mirroring v0.4.0
   Compiling dunce v1.0.5
   Compiling futures-task v0.3.33
   Compiling tinystr v0.8.3
   Compiling unicode-ccc v0.4.0
   Compiling litemap v0.8.2
   Compiling pxfm v0.1.30
   Compiling futures-io v0.3.33
   Compiling unicode-script v0.5.8
   Compiling slab v0.4.12
   Compiling writeable v0.6.3
   Compiling unicode-properties v0.1.4
   Compiling fontdb v0.23.0
   Compiling png v0.18.1
   Compiling icu_locale_core v2.2.0
   Compiling png v0.17.16
   Compiling roxmltree v0.21.1
   Compiling simplecss v0.2.2
   Compiling unicode-bidi v0.3.18
   Compiling xmlwriter v0.1.0
   Compiling windows_x86_64_msvc v0.53.1
   Compiling yazi v0.2.1
   Compiling pico-args v0.5.0
   Compiling unicode-vo v0.1.0
   Compiling zeno v0.3.3
   Compiling mozjpeg-sys v2.2.3
   Compiling typenum v1.20.1
   Compiling imagesize v0.14.0
   Compiling data-url v0.3.2
   Compiling static_assertions v1.1.0
   Compiling base64 v0.22.1
   Compiling bytemuck_derive v1.11.0
   Compiling zerocopy-derive v0.8.55
   Compiling profiling-procmacros v1.0.18
   Compiling windows-interface v0.58.0
   Compiling windows-implement v0.58.0
   Compiling equator-macro v0.4.2
   Compiling profiling v1.0.18
   Compiling thiserror-impl v1.0.69
   Compiling arg_enum_proc_macro v0.3.4
   Compiling num-derive v0.4.2
   Compiling futures-macro v0.3.33
   Compiling windows-interface v0.59.3
   Compiling windows-implement v0.60.2
   Compiling windows-core v0.58.0
   Compiling moxcms v0.8.1
   Compiling bytemuck v1.25.2
   Compiling equator v0.4.2
   Compiling smallvec v1.15.2
   Compiling keyboard-types v0.8.3
   Compiling linebender_resource_handle v0.1.1
   Compiling symphonia-core v0.5.5
   Compiling windows v0.58.0
   Compiling aligned-vec v0.6.4
   Compiling rgb v0.8.53
   Compiling kurbo v0.13.1
   Compiling wgpu-types v27.0.1
   Compiling v_frame v0.3.9
   Compiling font-types v0.10.1
   Compiling num-complex v0.4.6
   Compiling parking_lot v0.12.5
   Compiling font-types v0.12.2
   Compiling dpi v0.1.2 (https://github.com/lapce/winit?rev=133268de675a4fda70816d78a7a1435eb972fea1#133268de)
   Compiling read-fonts v0.35.0
   Compiling av1-grain v0.2.5
   Compiling cursor-icon v1.2.0
   Compiling tiny-skia-path v0.11.4
   Compiling read-fonts v0.41.0
   Compiling windows-core v0.62.2
   Compiling futures-util v0.3.33
   Compiling rustybuzz v0.20.1
   Compiling qoi v0.4.1
   Compiling color v0.3.3
   Compiling symphonia-metadata v0.5.5
   Compiling floem-winit-core v25.10.0 (https://github.com/lapce/winit?rev=133268de675a4fda70816d78a7a1435eb972fea1#133268de)
   Compiling svgtypes v0.16.1
   Compiling symphonia-utils-xiph v0.5.5
   Compiling tiny-skia v0.11.4
   Compiling aho-corasick v1.1.5
   Compiling regex-syntax v0.8.11
   Compiling usvg v0.46.0
   Compiling floem-winit-win32 v25.10.0 (https://github.com/lapce/winit?rev=133268de675a4fda70816d78a7a1435eb972fea1#133268de)
   Compiling dpi v0.1.2
   Compiling futures-executor v0.3.33
   Compiling rand_core v0.10.1
   Compiling futures v0.3.33
   Compiling half v2.7.1
   Compiling peniko v0.6.1
   Compiling windows-sys v0.61.2
   Compiling windows-threading v0.2.1
   Compiling cpufeatures v0.3.0
   Compiling zmij v1.0.23
   Compiling heck v0.5.0
   Compiling windows-future v0.3.2
   Compiling chacha20 v0.10.1
   Compiling exr v1.74.2
   Compiling tiff v0.11.3
   Compiling strum_macros v0.28.0
   Compiling regex-automata v0.4.16
   Compiling windows-targets v0.53.5
   Compiling ui-events v0.3.0
   Compiling resvg v0.46.0
   Compiling windows-collections v0.3.2
   Compiling windows-numerics v0.3.1
   Compiling crypto-common v0.1.7
   Compiling block-buffer v0.10.4
   Compiling safe_arch v0.7.4
   Compiling fontdue v0.9.4
   Compiling enum-ordinalize-derive v4.4.2
   Compiling euclid v0.22.14
   Compiling ravif v0.13.0
   Compiling getrandom v0.2.17
   Compiling serde_json v1.0.151
   Compiling bitmaps v3.2.1
   Compiling rect_packer v0.2.1
   Compiling bytes v1.12.1
   Compiling skrifa v0.44.0
   Compiling harfrust v0.3.2
   Compiling skrifa v0.37.0
   Compiling regex v1.13.1
   Compiling image v0.25.10
   Compiling extended v0.1.0
   Compiling cpal v0.17.3
   Compiling rand_core v0.9.5
   Compiling swash v0.2.10
   Compiling bytecount v0.6.9
   Compiling nokhwa-bindings-macos v0.2.4
   Compiling rfd v0.17.2
   Compiling error-code v3.3.2
   Compiling clipboard-win v5.4.1
   Compiling lapce-xi-rope v0.4.0
   Compiling rand_xoshiro v0.7.0
   Compiling symphonia-format-riff v0.5.5
   Compiling imbl-sized-chunks v0.1.3
   Compiling gpu-allocator v0.27.0
   Compiling fontique v0.7.0
   Compiling strum v0.28.0
   Compiling nanorand v0.7.0
   Compiling enum-ordinalize v4.4.2
   Compiling wide v0.7.33
   Compiling mozjpeg v0.10.13
   Compiling nokhwa-core v0.1.9
   Compiling windows v0.62.2
   Compiling digest v0.10.7
   Compiling parley v0.7.0
   Compiling softbuffer v0.4.8
   Compiling rand v0.10.2
   Compiling windows-sys v0.60.2
   Compiling symphonia-codec-vorbis v0.5.5
   Compiling symphonia-format-ogg v0.5.5
   Compiling symphonia-bundle-flac v0.5.5
   Compiling symphonia-format-isomp4 v0.5.5
   Compiling symphonia-bundle-mp3 v0.5.5
   Compiling symphonia-codec-aac v0.5.5
   Compiling symphonia-codec-pcm v0.5.5
   Compiling understory_index v0.0.1 (https://github.com/jrmoulton/understory?rev=2c2abb8c4bd9#2c2abb8c)
   Compiling keyboard-types v0.7.0
   Compiling crossbeam-channel v0.5.16
   Compiling spin v0.9.9
   Compiling itoa v1.0.18
   Compiling cpufeatures v0.2.17
   Compiling rustc-hash v2.1.3
   Compiling objc2 v0.6.4
   Compiling archery v1.2.2
   Compiling dasp_sample v0.11.0
   Compiling grid v1.0.1
   Compiling imbl v7.0.1
   Compiling taffy v0.9.2
   Compiling sha2 v0.10.9
   Compiling wgpu-core-deps-windows-linux-android v27.0.0
   Compiling muda v0.17.2
   Compiling flume v0.11.1
   Compiling understory_box_tree v0.0.1 (https://github.com/jrmoulton/understory?rev=2c2abb8c4bd9#2c2abb8c)
   Compiling symphonia v0.5.5
   Compiling rand_distr v0.6.0
   Compiling educe v0.6.0
   Compiling floem-editor-core v0.2.0 (https://github.com/lapce/floem?rev=778bb5f2aa08429e579ee2e6ac97e84fbf18b618#778bb5f2)
   Compiling copypasta v0.10.2
   Compiling ui-events-floem-winit v0.2.0 (https://github.com/lapce/floem?rev=778bb5f2aa08429e579ee2e6ac97e84fbf18b618#778bb5f2)
   Compiling understory_focus v0.1.0 (https://github.com/jrmoulton/understory?rev=2c2abb8c4bd9#2c2abb8c)
   Compiling understory_event_state v0.1.0 (https://github.com/jrmoulton/understory?rev=2c2abb8c4bd9#2c2abb8c)
   Compiling floem_reactive v0.2.0 (https://github.com/lapce/floem?rev=778bb5f2aa08429e579ee2e6ac97e84fbf18b618#778bb5f2)
   Compiling rtrb v0.3.4
   Compiling objc2-encode v4.1.0
   Compiling understory_virtual_list v0.1.0 (https://github.com/jrmoulton/understory?rev=2c2abb8c4bd9#2c2abb8c)
error: `objc2` only works on Apple platforms. Pass `--target aarch64-apple-darwin` or similar to compile for macOS.
       (If you're absolutely certain that you're using GNUStep, you can specify that with the `gnustep-x-y` Cargo feature instead).
   --> C:\Users\M.Pertsev\.cargo\registry\src\index.crates.io-1949cf8c6b5b557f\objc2-0.6.4\src\lib.rs:219:1
    |
219 | compile_error!("`objc2` only works on Apple platforms. Pass `--target aarch64-apple-darwin` or similar to compile for macOS.\n(If you're absolutely certain that you're using GNUStep, you can specify that with the `gnustep-x-y` Cargo feature instead).");
    | ^^^^^^^^^^^^^^^^^^^^^^^^^^^^^^^^^^^^^^^^^^^^^^^^^^^^^^^^^^^^^^^^^^^^^^^^^^^^^^^^^^^^^^^^^^^^^^^^^^^^^^^^^^^^^^^^^^^^^^^^^^^^^^^^^^^^^^^^^^^^^^^^^^^^^^^^^^^^^^^^^^^^^^^^^^^^^^^^^^^^^^^^^^^^^^^^^^^^^^^^^^^^^^^^^^^^^^^^^^^^^^^^^^^^^^^^^^^^^^^^^^^^^^^^^^^^

error: could not compile `objc2` (lib) due to 1 previous error
warning: build failed, waiting for other jobs to finish...
