   Compiling proc-macro2 v1.0.106
   Compiling quote v1.0.46
   Compiling unicode-ident v1.0.24
   Compiling serde_core v1.0.228
   Compiling siphasher v1.0.3
   Compiling cfg-if v1.0.4
   Compiling icu_normalizer_data v2.2.0
   Compiling icu_properties_data v2.2.0
   Compiling fastrand v2.4.1
   Compiling stable_deref_trait v1.2.1
   Compiling zmij v1.0.21
   Compiling smallvec v1.15.2
   Compiling thiserror v2.0.18
   Compiling windows-link v0.2.1
   Compiling parking_lot_core v0.9.12
   Compiling serde v1.0.228
   Compiling memchr v2.8.3
   Compiling typeid v1.0.3
   Compiling num-conv v0.2.2
   Compiling time-core v0.1.9
   Compiling strsim v0.11.1
   Compiling itoa v1.0.18
   Compiling ident_case v1.0.1
   Compiling litemap v0.8.2
   Compiling thiserror v1.0.69
   Compiling windows_x86_64_msvc v0.52.6
   Compiling writeable v0.6.3
   Compiling phf_shared v0.13.1
   Compiling erased-serde v0.4.10
   Compiling utf8_iter v1.0.4
   Compiling scopeguard v1.2.0
   Compiling new_debug_unreachable v1.0.6
   Compiling version_check v0.9.5
   Compiling libc v0.2.186
   Compiling anyhow v1.0.103
   Compiling lock_api v0.4.14
   Compiling windows-link v0.1.3
   Compiling getrandom v0.4.3
   Compiling precomputed-hash v0.1.1
   Compiling serde_json v1.0.150
   Compiling winnow v1.0.3
   Compiling windows-sys v0.61.2
   Compiling toml_writer v1.1.1+spec-1.1.0
   Compiling phf_generator v0.13.1
   Compiling ctor-proc-macro v0.0.7
   Compiling autocfg v1.5.1
   Compiling shlex v2.0.1
   Compiling dtoa v1.0.11
   Compiling phf_codegen v0.13.1
   Compiling log v0.4.33
   Compiling find-msvc-tools v0.1.9
   Compiling percent-encoding v2.3.2
   Compiling aho-corasick v1.1.4
   Compiling dtoa-short v0.3.5
   Compiling windows-strings v0.4.2
   Compiling windows-result v0.3.4
   Compiling parking_lot v0.12.5
   Compiling tendril v0.5.1
   Compiling selectors v0.36.1
   Compiling camino v1.2.4
   Compiling toml_parser v1.1.2+spec-1.1.0
   Compiling form_urlencoded v1.2.2
   Compiling byteorder v1.5.0
   Compiling regex-syntax v0.8.11
   Compiling alloc-no-stdlib v2.0.4
   Compiling unic-common v0.9.0
   Compiling unic-char-range v0.9.0
   Compiling unic-ucd-version v0.9.0
   Compiling alloc-stdlib v0.2.4
   Compiling string_cache v0.9.0
   Compiling unic-char-property v0.9.0
   Compiling indexmap v1.9.3
   Compiling servo_arc v0.4.3
   Compiling hashbrown v0.12.3
   Compiling fnv v1.0.7
   Compiling equivalent v1.0.2
   Compiling schemars v0.8.22
   Compiling powerfmt v0.2.0
   Compiling cc v1.2.66
   Compiling hashbrown v0.17.1
   Compiling deranged v0.5.8
   Compiling rustc-hash v2.1.3
   Compiling bit-vec v0.8.0
   Compiling bitflags v2.13.0
   Compiling unic-ucd-ident v0.9.0
   Compiling syn v2.0.118
   Compiling string_cache_codegen v0.6.1
   Compiling brotli-decompressor v5.0.3
   Compiling bit-set v0.8.0
   Compiling windows-targets v0.52.6
   Compiling quick-xml v0.41.0
   Compiling base64 v0.22.1
   Compiling dyn-clone v1.0.20
   Compiling foldhash v0.2.0
   Compiling dunce v1.0.5
   Compiling bytes v1.12.1
   Compiling windows-sys v0.59.0
   Compiling ctor v0.8.0
   Compiling generic-array v0.14.7
   Compiling windows-threading v0.1.0
   Compiling glob v0.3.3
   Compiling time-macros v0.2.31
   Compiling simd-adler32 v0.3.9
   Compiling indexmap v2.14.0
   Compiling web_atoms v0.2.5
   Compiling typenum v1.20.1
   Compiling winnow v0.7.15
   Compiling http v1.4.2
   Compiling brotli v8.0.4
   Compiling crc32fast v1.5.0
   Compiling time v0.3.53
   Compiling option-ext v0.2.0
   Compiling winapi-util v0.1.11
   Compiling dirs-sys v0.5.0
   Compiling same-file v1.0.6
   Compiling walkdir v2.5.0
   Compiling raw-window-handle v0.6.2
   Compiling heck v0.5.0
   Compiling vswhom-sys v0.1.3
   Compiling serde_spanned v1.1.1
   Compiling semver v1.0.28
   Compiling uuid v1.23.4
   Compiling toml_datetime v1.1.1+spec-1.1.0
   Compiling regex-automata v0.4.15
   Compiling toml_datetime v0.7.5+spec-1.1.0
   Compiling toml v1.1.2+spec-1.1.0
   Compiling cfb v0.7.3
   Compiling rustc_version v0.4.1
   Compiling crossbeam-utils v0.8.22
   Compiling toml v0.9.12+spec-1.1.0
   Compiling adler2 v2.0.1
   Compiling serde-untagged v0.1.9
   Compiling miniz_oxide v0.8.9
   Compiling vswhom v0.1.0
   Compiling dirs v6.0.0
   Compiling cookie v0.18.1
   Compiling infer v0.19.0
   Compiling flate2 v1.1.9
   Compiling block-buffer v0.10.4
   Compiling crypto-common v0.1.7
   Compiling fdeflate v0.3.7
   Compiling windows-version v0.1.7
   Compiling regex v1.13.0
   Compiling winreg v0.55.0
   Compiling bitflags v1.3.2
   Compiling pin-project-lite v0.2.17
   Compiling once_cell v1.21.4
   Compiling synstructure v0.13.2
   Compiling darling_core v0.23.0
   Compiling serde_derive_internals v0.29.1
   Compiling embed-resource v3.0.11
   Compiling unicode-segmentation v1.13.3
   Compiling tauri-winres v0.3.6
   Compiling png v0.17.16
   Compiling crossbeam-channel v0.5.16
   Compiling digest v0.10.7
   Compiling tracing-core v0.1.36
   Compiling cpufeatures v0.2.17
   Compiling tauri-runtime v2.11.3
   Compiling wry v0.55.1
   Compiling ico v0.5.0
   Compiling sha2 v0.10.9
   Compiling getrandom v0.3.4
   Compiling tauri-runtime-wry v2.11.4
   Compiling tracing v0.1.44
   Compiling tokio v1.52.3
   Compiling softbuffer v0.4.8
   Compiling mime v0.3.17
   Compiling zerofrom-derive v0.1.7
   Compiling yoke-derive v0.8.2
   Compiling zerovec-derive v0.11.3
   Compiling displaydoc v0.2.6
   Compiling serde_derive v1.0.228
   Compiling thiserror-impl v2.0.18
   Compiling phf_macros v0.13.1
   Compiling thiserror-impl v1.0.69
   Compiling cssparser-macros v0.6.1
   Compiling windows-interface v0.59.3
   Compiling windows-implement v0.60.2
   Compiling darling_macro v0.23.0
   Compiling derive_more-impl v2.1.1
   Compiling schemars_derive v0.8.22
   Compiling darling v0.23.0
   Compiling webview2-com-macros v0.8.1
   Compiling serde_with_macros v3.21.0
   Compiling serialize-to-javascript-impl v0.1.2
   Compiling windows-core v0.61.2
   Compiling phf v0.13.1
   Compiling zerofrom v0.1.8
   Compiling yoke v0.8.3
   Compiling cssparser v0.36.0
   Compiling window-vibrancy v0.6.0
   Compiling serde_repr v0.1.20
   Compiling zerovec v0.11.6
   Compiling zerotrie v0.2.4
   Compiling webview2-com-sys v0.38.2
   Compiling windows-numerics v0.2.0
   Compiling windows-collections v0.2.0
   Compiling derive_more v2.1.1
   Compiling markup5ever v0.38.0
   Compiling windows-future v0.2.1
   Compiling tinystr v0.8.3
   Compiling potential_utf v0.1.5
   Compiling html5ever v0.38.0
   Compiling icu_collections v2.2.0
   Compiling windows v0.61.3
   Compiling icu_locale_core v2.2.0
   Compiling serde_with v3.21.0
   Compiling icu_provider v2.2.0
   Compiling dom_query v0.27.0
   Compiling icu_properties v2.2.0
   Compiling icu_normalizer v2.2.0
   Compiling jsonptr v0.6.3
   Compiling cargo-platform v0.1.9
   Compiling plist v1.10.0
   Compiling dpi v0.1.2
   Compiling cargo_toml v0.22.3
   Compiling json-patch v3.0.1
   Compiling cargo_metadata v0.19.2
   Compiling idna_adapter v1.2.2
   Compiling keyboard-types v0.7.0
   Compiling serialize-to-javascript v0.1.2
   Compiling idna v1.1.0
   Compiling url v2.5.8
   Compiling urlpattern v0.3.0
   Compiling muda v0.19.3
   Compiling tauri-utils v2.9.3
   Compiling tauri-build v2.6.3
   Compiling tauri-codegen v2.6.3
   Compiling tauri v2.11.5
   Compiling tauri-grid v0.1.0 (C:\Users\M.Pertsev\Desktop\workspace\OSS\rust-gui-desktop-ecosystem-state\apps\tauri-grid)
   Compiling tauri-macros v2.6.3
error: failed to run custom build command for `tauri-grid v0.1.0 (C:\Users\M.Pertsev\Desktop\workspace\OSS\rust-gui-desktop-ecosystem-state\apps\tauri-grid)`

Caused by:
  process didn't exit successfully: `C:\Users\M.Pertsev\Desktop\workspace\OSS\rust-gui-desktop-ecosystem-state\apps\tauri-grid\target\release\build\tauri-grid-5c1a6bd5671173cd\build-script-build` (exit code: 1)
  --- stdout
  cargo:rerun-if-env-changed=TAURI_CONFIG
  cargo:rustc-check-cfg=cfg(desktop)
  cargo:rustc-cfg=desktop
  cargo:rustc-check-cfg=cfg(mobile)
  cargo:rerun-if-changed=C:\Users\M.Pertsev\Desktop\workspace\OSS\rust-gui-desktop-ecosystem-state\apps\tauri-grid\tauri.conf.json
  cargo:rustc-env=TAURI_ANDROID_PACKAGE_NAME_APP_NAME=taurigrid
  cargo:rustc-env=TAURI_ANDROID_PACKAGE_NAME_PREFIX=org_rcn
  cargo:rustc-check-cfg=cfg(dev)
  cargo:rustc-cfg=dev
  cargo:PERMISSION_FILES_PATH=C:\Users\M.Pertsev\Desktop\workspace\OSS\rust-gui-desktop-ecosystem-state\apps\tauri-grid\target\release\build\tauri-grid-2dc201b4fa8d3397\out\app-manifest\__app__-permission-files
  cargo:rerun-if-changed=capabilities
  cargo:rerun-if-env-changed=REMOVE_UNUSED_COMMANDS
  cargo:rustc-env=TAURI_ENV_TARGET_TRIPLE=x86_64-pc-windows-msvc
  package.metadata does not exist
  `icons/icon.ico` not found; required for generating a Windows Resource file during tauri-build
warning: build failed, waiting for other jobs to finish...
