   Compiling proc-macro2 v1.0.106
   Compiling quote v1.0.46
   Compiling unicode-ident v1.0.24
   Compiling serde_core v1.0.228
   Compiling cfg-if v1.0.4
   Compiling version_check v0.9.5
   Compiling thiserror v2.0.18
   Compiling windows-link v0.2.1
   Compiling serde v1.0.228
   Compiling stable_deref_trait v1.2.1
   Compiling autocfg v1.5.1
   Compiling smallvec v1.15.2
   Compiling libc v0.2.186
   Compiling once_cell v1.21.4
   Compiling anyhow v1.0.103
   Compiling crossbeam-utils v0.8.22
   Compiling pin-project-lite v0.2.17
   Compiling scopeguard v1.2.0
   Compiling parking_lot_core v0.9.12
   Compiling memchr v2.8.3
   Compiling futures-core v0.3.32
   Compiling rustversion v1.0.23
   Compiling crossbeam-epoch v0.9.20
   Compiling zerocopy v0.8.54
   Compiling crossbeam-deque v0.8.7
   Compiling log v0.4.33
   Compiling unicode-xid v0.2.6
   Compiling rayon-core v1.13.0
   Compiling lock_api v0.4.14
   Compiling dioxus-core-types v0.7.9
   Compiling konst_macro_rules v0.2.19
   Compiling windows-link v0.1.3
   Compiling libloading v0.8.9
   Compiling tracing-core v0.1.36
   Compiling memmap2 v0.9.11
   Compiling slab v0.4.12
   Compiling simd-adler32 v0.3.9
   Compiling bytemuck v1.25.0
   Compiling futures-task v0.3.32
   Compiling futures-channel v0.3.32
   Compiling longest-increasing-subsequence v0.1.0
   Compiling slotmap v1.1.1
   Compiling konst v0.2.20
   Compiling getrandom v0.4.3
   Compiling paste v1.0.15
   Compiling either v1.16.0
   Compiling rustc-hash v2.1.3
   Compiling num-traits v0.2.19
   Compiling futures-util v0.3.32
   Compiling arrayvec v0.7.8
   Compiling windows-result v0.3.4
   Compiling windows-strings v0.4.2
   Compiling itoa v1.0.18
   Compiling litemap v0.8.2
   Compiling parking_lot v0.12.5
   Compiling crc32fast v1.5.0
   Compiling writeable v0.6.3
   Compiling adler2 v2.0.1
   Compiling generic-array v0.14.7
   Compiling as-slice v0.2.1
   Compiling miniz_oxide v0.8.9
   Compiling fnv v1.0.7
   Compiling av-scenechange v0.14.1
   Compiling icu_normalizer_data v2.2.0
   Compiling unicode-segmentation v1.13.3
   Compiling utf8_iter v1.0.4
   Compiling icu_properties_data v2.2.0
   Compiling built v0.8.1
   Compiling ident_case v1.0.1
   Compiling dunce v1.0.5
   Compiling lazy-js-bundle v0.7.9
   Compiling libm v0.2.16
   Compiling jobserver v0.1.35
   Compiling aligned v0.4.3
   Compiling syn v2.0.118
   Compiling nom v8.0.0
   Compiling no_std_io2 v0.9.4
   Compiling pulp v0.22.3
   Compiling proc-macro2-diagnostics v0.10.1
   Compiling zmij v1.0.21
   Compiling typenum v1.20.1
   Compiling quick-error v2.0.1
   Compiling pastey v0.1.1
   Compiling const_format_proc_macros v0.2.34
   Compiling rav1e v0.8.1
   Compiling convert_case v0.8.0
   Compiling getrandom v0.3.4
   Compiling y4m v0.8.0
   Compiling simd_helpers v0.1.0
   Compiling flate2 v1.1.9
   Compiling num-integer v0.1.46
   Compiling num-complex v0.4.6
   Compiling bitstream-io v4.10.0
   Compiling itertools v0.14.0
   Compiling rgb v0.8.53
   Compiling windows-threading v0.1.0
   Compiling serde_json v1.0.150
   Compiling windows_x86_64_msvc v0.53.1
   Compiling imgref v1.12.2
   Compiling num-bigint v0.4.8
   Compiling noop_proc_macro v0.3.0
   Compiling weezl v0.1.12
   Compiling find-msvc-tools v0.1.9
   Compiling new_debug_unreachable v1.0.6
   Compiling pulp-wasm-simd-flag v0.1.1
   Compiling reborrow v0.5.5
   Compiling zune-core v0.5.1
   Compiling shlex v2.0.1
   Compiling loop9 v0.1.5
   Compiling const_format v0.2.36
   Compiling nasm-rs v0.3.2
   Compiling rayon v1.12.0
   Compiling avif-serialize v0.8.9
   Compiling fdeflate v0.3.7
   Compiling zune-inflate v0.2.54
   Compiling windows-strings v0.5.1
   Compiling zune-jpeg v0.5.15
   Compiling cc v1.2.66
   Compiling windows-result v0.4.1
   Compiling windows-sys v0.61.2
   Compiling fax v0.2.7
   Compiling pxfm v0.1.30
   Compiling bitflags v2.13.0
   Compiling windows_x86_64_msvc v0.52.6
   Compiling byteorder-lite v0.1.0
   Compiling raw-cpuid v11.6.0
   Compiling percent-encoding v2.3.2
   Compiling bit_field v0.10.3
   Compiling dioxus-cli-config v0.7.9
   Compiling color_quant v1.1.0
   Compiling lebe v0.5.3
   Compiling gif v0.14.2
   Compiling png v0.18.1
   Compiling block-buffer v0.10.4
   Compiling crypto-common v0.1.7
   Compiling image-webp v0.2.4
   Compiling rand_core v0.9.5
   Compiling crossbeam-channel v0.5.16
   Compiling num-rational v0.4.2
   Compiling qoi v0.4.1
   Compiling native-tls v0.2.18
   Compiling httparse v1.10.1
   Compiling dpi v0.1.2
   Compiling time-core v0.1.9
   Compiling num-conv v0.2.2
   Compiling windows-targets v0.53.5
   Compiling digest v0.10.7
   Compiling form_urlencoded v1.2.2
   Compiling cookie v0.18.1
   Compiling time-macros v0.2.31
   Compiling powerfmt v0.2.0
   Compiling byteorder v1.5.0
   Compiling uuid v1.23.4
   Compiling objc2 v0.6.4
   Compiling cpufeatures v0.2.17
   Compiling raw-window-handle v0.6.2
   Compiling deranged v0.5.8
   Compiling mozjpeg-sys v2.2.3
   Compiling regex-syntax v0.8.11
   Compiling cfb v0.7.3
   Compiling sha1 v0.10.6
   Compiling windows-targets v0.52.6
   Compiling synstructure v0.13.2
   Compiling darling_core v0.21.3
   Compiling dioxus-rsx v0.7.9
   Compiling windows-sys v0.60.2
   Compiling dioxus-document v0.7.9
   Compiling dioxus-interpreter-js v0.7.9
   Compiling windows-threading v0.2.1
   Compiling windows-version v0.1.7
   Compiling maybe-rayon v0.1.1
   Compiling winnow v0.7.15
   Compiling data-encoding v2.11.0
   Compiling utf-8 v0.7.6
   Compiling wry v0.53.5
   Compiling time v0.3.53
   Compiling moxcms v0.8.1
   Compiling rustc-hash v1.1.0
   Compiling rfd v0.17.2
   Compiling objc2-encode v4.1.0
   Compiling lazy_static v1.5.0
   Compiling sledgehammer_utils v0.3.1
   Compiling regex-automata v0.4.15
   Compiling sharded-slab v0.1.7
   Compiling infer v0.19.0
   Compiling windows-sys v0.59.0
error: `objc2` only works on Apple platforms. Pass `--target aarch64-apple-darwin` or similar to compile for macOS.
       (If you're absolutely certain that you're using GNUStep, you can specify that with the `gnustep-x-y` Cargo feature instead).
   --> C:\Users\M.Pertsev\.cargo\registry\src\index.crates.io-1949cf8c6b5b557f\objc2-0.6.4\src\lib.rs:219:1
    |
219 | compile_error!("`objc2` only works on Apple platforms. Pass `--target aarch64-apple-darwin` or similar to compile for macOS.\n(If you're absolutely certain that you're using GNUStep, you can specify that with the `gnustep-x-y` Cargo feature instead).");
    | ^^^^^^^^^^^^^^^^^^^^^^^^^^^^^^^^^^^^^^^^^^^^^^^^^^^^^^^^^^^^^^^^^^^^^^^^^^^^^^^^^^^^^^^^^^^^^^^^^^^^^^^^^^^^^^^^^^^^^^^^^^^^^^^^^^^^^^^^^^^^^^^^^^^^^^^^^^^^^^^^^^^^^^^^^^^^^^^^^^^^^^^^^^^^^^^^^^^^^^^^^^^^^^^^^^^^^^^^^^^^^^^^^^^^^^^^^^^^^^^^^^^^^^^^^^^^

   Compiling serde_derive v1.0.228
   Compiling thiserror-impl v2.0.18
   Compiling zerofrom-derive v0.1.7
   Compiling windows-interface v0.59.3
   Compiling windows-implement v0.60.2
   Compiling tracing-attributes v0.1.31
error: could not compile `objc2` (lib) due to 1 previous error
warning: build failed, waiting for other jobs to finish...
