   Compiling proc-macro2 v1.0.106
   Compiling quote v1.0.46
   Compiling unicode-ident v1.0.24
   Compiling cfg-if v1.0.4
   Compiling windows-link v0.2.1
   Compiling libm v0.2.16
   Compiling autocfg v1.5.1
   Compiling smallvec v1.15.2
   Compiling cfg_aliases v0.2.1
   Compiling bitflags v2.13.0
   Compiling log v0.4.33
   Compiling foldhash v0.2.0
   Compiling thiserror v2.0.18
   Compiling stable_deref_trait v1.2.1
   Compiling arrayvec v0.7.8
   Compiling once_cell v1.21.4
   Compiling zerocopy v0.8.54
   Compiling equivalent v1.0.2
   Compiling allocator-api2 v0.2.21
   Compiling parking_lot_core v0.9.12
   Compiling khronos_api v3.1.0
   Compiling scopeguard v1.2.0
   Compiling raw-window-handle v0.6.2
   Compiling crc32fast v1.5.0
   Compiling windows-result v0.4.1
   Compiling windows-strings v0.5.1
   Compiling windows-threading v0.2.1
   Compiling writeable v0.6.3
   Compiling lock_api v0.4.14
   Compiling litemap v0.8.2
   Compiling simd-adler32 v0.3.9
   Compiling hashbrown v0.17.1
   Compiling xml-rs v0.8.28
   Compiling polycool v0.4.0
   Compiling naga v29.0.4
   Compiling libloading v0.8.9
   Compiling unicode-width v0.2.2
   Compiling windows_x86_64_msvc v0.52.6
   Compiling icu_properties_data v2.2.0
   Compiling ash v0.38.0+1.3.281
   Compiling num-traits v0.2.19
   Compiling utf8_iter v1.0.4
   Compiling profiling v1.0.18
   Compiling hashbrown v0.16.1
   Compiling find-msvc-tools v0.1.9
   Compiling icu_normalizer_data v2.2.0
   Compiling bit-vec v0.9.1
   Compiling shlex v2.0.1
   Compiling adler2 v2.0.1
   Compiling libc v0.2.186
   Compiling codespan-reporting v0.13.1
   Compiling kurbo v0.13.1
   Compiling spirv v0.4.0+sdk-1.4.341.0
   Compiling linebender_resource_handle v0.1.1
   Compiling miniz_oxide v0.8.9
   Compiling rustc-hash v1.1.0
   Compiling version_check v0.9.5
   Compiling uuid v1.23.4
   Compiling parking_lot v0.12.5
   Compiling khronos-egl v6.0.0
   Compiling foldhash v0.1.5
   Compiling hexf-parse v0.2.1
   Compiling bit-set v0.9.1
   Compiling gl_generator v0.14.0
   Compiling hashbrown v0.15.5
   Compiling cc v1.2.66
   Compiling gpu-descriptor-types v0.2.0
   Compiling wgpu-hal v29.0.4
   Compiling fearless_simd v0.4.1
   Compiling accesskit v0.24.1
   Compiling windows_x86_64_msvc v0.53.1
   Compiling ahash v0.8.12
   Compiling indexmap v2.14.0
   Compiling flate2 v1.1.9
   Compiling unicode-general-category v1.1.0
   Compiling unicode-segmentation v1.13.3
   Compiling percent-encoding v2.3.2
   Compiling presser v0.3.1
   Compiling syn v2.0.118
   Compiling windows-targets v0.52.6
   Compiling winit v0.30.13
   Compiling glow v0.17.0
   Compiling litrs v1.0.0
   Compiling range-alloc v0.1.5
   Compiling glutin_wgl_sys v0.6.1
   Compiling gpu-descriptor v0.3.2
   Compiling renderdoc-sys v1.1.0
   Compiling tracing-core v0.1.36
   Compiling zeroize v1.9.0
   Compiling pin-project-lite v0.2.17
   Compiling static_assertions v1.1.0
   Compiling windows-sys v0.52.0
   Compiling rustls-pki-types v1.15.0
   Compiling fdeflate v0.3.7
   Compiling wgpu-core v29.0.4
   Compiling getrandom v0.2.17
   Compiling nohash-hasher v0.2.0
   Compiling self_cell v1.2.2
   Compiling tracing v0.1.44
   Compiling httparse v1.10.1
   Compiling itoa v1.0.18
   Compiling epaint_default_fonts v0.35.0
   Compiling document-features v0.2.12
   Compiling dpi v0.1.2
   Compiling either v1.16.0
   Compiling smol_str v0.2.2
   Compiling serde_core v1.0.228
   Compiling pxfm v0.1.30
   Compiling untrusted v0.9.0
   Compiling cursor-icon v1.2.0
   Compiling itertools v0.14.0
   Compiling ring v0.17.14
   Compiling png v0.18.1
   Compiling windows-targets v0.53.5
   Compiling euclid v0.22.14
   Compiling ordered-float v5.3.0
   Compiling form_urlencoded v1.2.2
   Compiling accesskit_consumer v0.35.0
   Compiling wgpu v29.0.4
   Compiling rustls v0.23.41
   Compiling bytes v1.12.1
   Compiling error-code v3.3.2
   Compiling byteorder-lite v0.1.0
   Compiling zmij v1.0.21
   Compiling clipboard-win v5.4.1
   Compiling windows-sys v0.60.2
   Compiling guillotiere v0.7.0
   Compiling web-time v1.1.0
   Compiling subtle v2.6.1
   Compiling serde v1.0.228
   Compiling http v1.4.2
   Compiling rustc-hash v2.1.3
   Compiling base64 v0.22.1
   Compiling serde_json v1.0.150
   Compiling type-map v0.5.1
   Compiling webpki-roots v1.0.8
   Compiling memchr v2.8.3
   Compiling utf8-zero v0.8.1
   Compiling windows-sys v0.61.2
   Compiling pollster v0.4.0
   Compiling ureq-proto v0.6.0
   Compiling synstructure v0.13.2
   Compiling moxcms v0.8.1
   Compiling bytemuck_derive v1.10.2
   Compiling zerofrom-derive v0.1.7
   Compiling yoke-derive v0.8.2
   Compiling windows-interface v0.59.3
   Compiling thiserror-impl v2.0.18
   Compiling windows-implement v0.60.2
   Compiling zerovec-derive v0.11.3
   Compiling zerocopy-derive v0.8.54
   Compiling displaydoc v0.2.6
   Compiling serde_derive v1.0.228
   Compiling windows-core v0.62.2
   Compiling zerofrom v0.1.8
   Compiling yoke v0.8.3
   Compiling bytemuck v1.25.0
   Compiling zerovec v0.11.6
   Compiling windows-numerics v0.3.1
   Compiling windows-collections v0.3.2
   Compiling windows-future v0.3.2
   Compiling zerotrie v0.2.4
   Compiling color v0.3.3
   Compiling font-types v0.11.3
   Compiling wgpu-types v29.0.4
   Compiling emath v0.35.0
   Compiling rustls-webpki v0.103.13
   Compiling tinystr v0.8.3
   Compiling potential_utf v0.1.5
   Compiling read-fonts v0.39.2
   Compiling windows v0.62.2
   Compiling icu_locale_core v2.2.0
   Compiling icu_collections v2.2.0
   Compiling ecolor v0.35.0
   Compiling peniko v0.6.1
   Compiling vello_common v0.0.9
   Compiling image v0.25.10
   Compiling icu_provider v2.2.0
   Compiling icu_normalizer v2.2.0
   Compiling icu_properties v2.2.0
   Compiling vello_cpu v0.0.9
   Compiling idna_adapter v1.2.2
   Compiling idna v1.1.0
   Compiling half v2.7.1
   Compiling arboard v3.6.1
   Compiling url v2.5.8
   Compiling ureq v3.3.0
   Compiling webbrowser v1.2.1
   Compiling ehttp v0.7.1
   Compiling skrifa v0.42.1
   Compiling harfrust v0.7.0
   Compiling epaint v0.35.0
   Compiling egui v0.35.0
   Compiling wgpu-naga-bridge v29.0.4
   Compiling gpu-allocator v0.28.0
   Compiling accesskit_windows v0.32.1
   Compiling accesskit_winit v0.32.2
   Compiling egui-winit v0.35.0
   Compiling wgpu-core-deps-windows-linux-android v29.0.4
   Compiling egui-wgpu v0.35.0
   Compiling eframe v0.35.0
   Compiling egui-fetch v0.1.0 (C:\Users\M.Pertsev\Desktop\workspace\OSS\rust-gui-desktop-ecosystem-state\apps\egui-fetch)
    Finished `release` profile [optimized] target(s) in 1m 41s
