Speaking [LangChangeCommand ('ru_RU'), 'Добро пожаловать в NVDA', 'диалог', 'Добро пожаловать в NVDA!\nБольшинство команд для управления NVDA требуют, чтобы вы удерживали нажатой клавишу-модификатор NVDA при нажатии других клавиш.\nПо умолчанию в качестве клавиши-модификатора NVDA может использоваться клавиша Insert как на основной клавиатуре, так и на цифровом блоке.\nВы также можете настроить NVDA на использование CapsLock в качестве клавиши-модификатора NVDA.\nНажмите NVDA+n в любое время, чтобы активировать меню NVDA.\nВ этом меню вы сможете настроить NVDA, а также получить справку и доступ к другим функциям NVDA.', CancellableSpeech (still valid)]
Speaking [LangChangeCommand ('ru_RU'), 'Параметры', 'группа', CancellableSpeech (still valid)]
Speaking [LangChangeCommand ('ru_RU'), 'Раскладка клавиатуры:', 'комбинированный список', 'настольная', 'свёрнуто', 'Alt+', CharacterModeCommand(True), 'р', CharacterModeCommand(False), CancellableSpeech (still valid)]
Speaking [LangChangeCommand ('ru_RU'), 'Добро пожаловать в NVDA Добро пожаловать в NVDA!\nБольшинство команд для управления NVDA требуют, чтобы вы удерживали нажатой клавишу-модификатор NVDA при нажатии других клавиш.\nПо умолчанию в качестве клавиши-модификатора NVDA может использоваться клавиша Insert как на основной клавиатуре, так и на цифровом блоке.\nВы также можете настроить NVDA на использование CapsLock в качестве клавиши-модификатора NVDA.\nНажмите NVDA+n в любое время, чтобы активировать меню NVDA.\nВ этом меню вы сможете настроить NVDA, а также получить справку и доступ к другим функциям NVDA.']
Speaking [LangChangeCommand ('ru_RU'), 'OK']
Speaking [LangChangeCommand ('ru_RU'), 'Добро пожаловать в NVDA Добро пожаловать в NVDA!\nБольшинство команд для управления NVDA требуют, чтобы вы удерживали нажатой клавишу-модификатор NVDA при нажатии других клавиш.\nПо умолчанию в качестве клавиши-модификатора NVDA может использоваться клавиша Insert как на основной клавиатуре, так и на цифровом блоке.\nВы также можете настроить NVDA на использование CapsLock в качестве клавиши-модификатора NVDA.\nНажмите NVDA+n в любое время, чтобы активировать меню NVDA.\nВ этом меню вы сможете настроить NVDA, а также получить справку и доступ к другим функциям NVDA.']
Speaking [LangChangeCommand ('ru_RU'), 'Сбор статистики использования NVDA', 'диалог', 'Для дальнейшего улучшения NVDA, организации NV Access требуются статистические данные по\nиспользованию вашей копии программы.\n\nЭти данные включают в себя версию операционной системы, версию NVDA, используемый язык, страну\nпребывания, а также некоторые настройки NVDA, такие как используемый синтезатор речи, брайлевский\nдисплей и брайлевскую таблицу вывода. Никакой речевой или брайлевский вывод никогда не будет\nпередаваться в NV Access. Для ознакомления со списком всех собираемых данных, пожалуйста,\nобратитесь к руководству пользователя NVDA.\n\nХотите ли вы разрешить NV Access периодически собирать эти данные для улучшения NVDA?', CancellableSpeech (still valid)]
Speaking [LangChangeCommand ('ru_RU'), 'Напомнить позже', 'кнопка', 'Alt+', CharacterModeCommand(True), 'п', CharacterModeCommand(False), CancellableSpeech (still valid)]
Speaking [LangChangeCommand ('ru_RU'), 'Сбор статистики использования NVDA Для дальнейшего улучшения NVDA, организации NV Access требуются статистические данные по\nиспользованию вашей копии программы.\n\nЭти данные включают в себя версию операционной системы, версию NVDA, используемый язык, страну\nпребывания, а также некоторые настройки NVDA, такие как используемый синтезатор речи, брайлевский\nдисплей и брайлевскую таблицу вывода. Никакой речевой или брайлевский вывод никогда не будет\nпередаваться в NV Access. Для ознакомления со списком всех собираемых данных, пожалуйста,\nобратитесь к руководству пользователя NVDA.\n\nХотите ли вы разрешить NV Access периодически собирать эти данные для улучшения NVDA?']
Speaking [LangChangeCommand ('ru_RU'), 'Сбор статистики использования NVDA Для дальнейшего улучшения NVDA, организации NV Access требуются статистические данные по\nиспользованию вашей копии программы.\n\nЭти данные включают в себя версию операционной системы, версию NVDA, используемый язык, страну\nпребывания, а также некоторые настройки NVDA, такие как используемый синтезатор речи, брайлевский\nдисплей и брайлевскую таблицу вывода. Никакой речевой или брайлевский вывод никогда не будет\nпередаваться в NV Access. Для ознакомления со списком всех собираемых данных, пожалуйста,\nобратитесь к руководству пользователя NVDA.\n\nХотите ли вы разрешить NV Access периодически собирать эти данные для улучшения NVDA?']
Speaking [LangChangeCommand ('ru_RU'), 'Да']
Speaking [LangChangeCommand ('ru_RU'), 'Windows Terminal', CancellableSpeech (still valid)]
Speaking [LangChangeCommand ('ru_RU'), 'DesktopWindowXamlSource']
Speaking [LangChangeCommand ('ru_RU'), 'C:\\Users\\M.Pertsev\\Desktop\\workspace\\OSS\\rust-gui-desktop-ecosystem-state\\apps\\iced-app\\target\\release\\iced-app.exe']
Speaking [LangChangeCommand ('ru_RU'), 'C:\\Users\\M.Pertsev\\Desktop\\workspace\\OSS\\rust-gui-desktop-ecosystem-state\\apps\\iced-app\\target\\release\\iced-app.exe', 'терминал', CancellableSpeech (still valid), 'пусто']
Speaking [LangChangeCommand ('ru_RU'), 'Tasks (iced)', CancellableSpeech (still valid)]
Speaking [LangChangeCommand ('ru_RU'), 'NVDA application (has UIAccess)\xa0—1 запущенное окно']
Speaking [LangChangeCommand ('ru_RU'), 'Сбор статистики использования NVDA', 'диалог', 'Для дальнейшего улучшения NVDA, организации NV Access требуются статистические данные по\nиспользованию вашей копии программы.\n\nЭти данные включают в себя версию операционной системы, версию NVDA, используемый язык, страну\nпребывания, а также некоторые настройки NVDA, такие как используемый синтезатор речи, брайлевский\nдисплей и брайлевскую таблицу вывода. Никакой речевой или брайлевский вывод никогда не будет\nпередаваться в NV Access. Для ознакомления со списком всех собираемых данных, пожалуйста,\nобратитесь к руководству пользователя NVDA.\n\nХотите ли вы разрешить NV Access периодически собирать эти данные для улучшения NVDA?', CancellableSpeech (still valid)]
Speaking [LangChangeCommand ('ru_RU'), 'Напомнить позже', 'кнопка', 'Alt+', CharacterModeCommand(True), 'п', CharacterModeCommand(False), CancellableSpeech (still valid)]
Speaking [LangChangeCommand ('ru_RU'), 'DesktopWindowXamlSource']
Speaking [LangChangeCommand ('ru_RU'), 'Сбор статистики использования NVDA Для дальнейшего улучшения NVDA, организации NV Access требуются статистические данные по\nиспользованию вашей копии программы.\n\nЭти данные включают в себя версию операционной системы, версию NVDA, используемый язык, страну\nпребывания, а также некоторые настройки NVDA, такие как используемый синтезатор речи, брайлевский\nдисплей и брайлевскую таблицу вывода. Никакой речевой или брайлевский вывод никогда не будет\nпередаваться в NV Access. Для ознакомления со списком всех собираемых данных, пожалуйста,\nобратитесь к руководству пользователя NVDA.\n\nХотите ли вы разрешить NV Access периодически собирать эти данные для улучшения NVDA?']
Speaking [LangChangeCommand ('ru_RU'), 'Нет']
Speaking [LangChangeCommand ('ru_RU'), 'Сбор статистики использования NVDA Для дальнейшего улучшения NVDA, организации NV Access требуются статистические данные по\nиспользованию вашей копии программы.\n\nЭти данные включают в себя версию операционной системы, версию NVDA, используемый язык, страну\nпребывания, а также некоторые настройки NVDA, такие как используемый синтезатор речи, брайлевский\nдисплей и брайлевскую таблицу вывода. Никакой речевой или брайлевский вывод никогда не будет\nпередаваться в NV Access. Для ознакомления со списком всех собираемых данных, пожалуйста,\nобратитесь к руководству пользователя NVDA.\n\nХотите ли вы разрешить NV Access периодически собирать эти данные для улучшения NVDA?']
Speaking [LangChangeCommand ('ru_RU'), 'Нет']
Speaking [LangChangeCommand ('ru_RU'), 'Да', 'кнопка', 'Alt+', CharacterModeCommand(True), 'д', CharacterModeCommand(False), CancellableSpeech (still valid)]
Speaking [LangChangeCommand ('ru_RU'), 'Нет', 'кнопка', 'нажато', 'Alt+', CharacterModeCommand(True), 'н', CharacterModeCommand(False), CancellableSpeech (still valid)]
Speaking [LangChangeCommand ('ru_RU'), 'Tasks (iced)', CancellableSpeech (still valid)]
Speaking [LangChangeCommand ('ru_RU'), 'DesktopWindowXamlSource']
Speaking [LangChangeCommand ('ru_RU'), 'DesktopWindowXamlSource']
Speaking [LangChangeCommand ('ru_RU'), 'пусто']
Speaking [LangChangeCommand ('ru_RU'), 'пусто']
Speaking [LangChangeCommand ('ru_RU'), 'пусто']
Speaking [LangChangeCommand ('ru_RU'), 'пусто']
Speaking [LangChangeCommand ('ru_RU'), 'rust-gui-desktop-ecosystem-state', CancellableSpeech (still valid)]
