Speaking [LangChangeCommand ('ru_RU'), 'Добро пожаловать в NVDA', 'диалог', 'Добро пожаловать в NVDA!\nБольшинство команд для управления NVDA требуют, чтобы вы удерживали нажатой клавишу-модификатор NVDA при нажатии других клавиш.\nПо умолчанию в качестве клавиши-модификатора NVDA может использоваться клавиша Insert как на основной клавиатуре, так и на цифровом блоке.\nВы также можете настроить NVDA на использование CapsLock в качестве клавиши-модификатора NVDA.\nНажмите NVDA+n в любое время, чтобы активировать меню NVDA.\nВ этом меню вы сможете настроить NVDA, а также получить справку и доступ к другим функциям NVDA.', CancellableSpeech (still valid)]
Speaking [LangChangeCommand ('ru_RU'), 'Параметры', 'группа', CancellableSpeech (still valid)]
Speaking [LangChangeCommand ('ru_RU'), 'Раскладка клавиатуры:', 'комбинированный список', 'настольная', 'свёрнуто', 'Alt+', CharacterModeCommand(True), 'р', CharacterModeCommand(False), CancellableSpeech (still valid)]
Speaking [LangChangeCommand ('ru_RU'), 'Сбор статистики использования NVDA', 'диалог', 'Для дальнейшего улучшения NVDA, организации NV Access требуются статистические данные по\nиспользованию вашей копии программы.\n\nЭти данные включают в себя версию операционной системы, версию NVDA, используемый язык, страну\nпребывания, а также некоторые настройки NVDA, такие как используемый синтезатор речи, брайлевский\nдисплей и брайлевскую таблицу вывода. Никакой речевой или брайлевский вывод никогда не будет\nпередаваться в NV Access. Для ознакомления со списком всех собираемых данных, пожалуйста,\nобратитесь к руководству пользователя NVDA.\n\nХотите ли вы разрешить NV Access периодически собирать эти данные для улучшения NVDA?', CancellableSpeech (still valid)]
Speaking [LangChangeCommand ('ru_RU'), 'Напомнить позже', 'кнопка', 'Alt+', CharacterModeCommand(True), 'п', CharacterModeCommand(False), CancellableSpeech (still valid)]
Speaking [LangChangeCommand ('ru_RU'), 'C:\\Users\\M.Pertsev\\Desktop\\workspace\\OSS\\rust-gui-desktop-ecosystem-state\\apps\\slint-app\\target\\release\\slint-app.exe', CancellableSpeech (still valid)]
Speaking [LangChangeCommand ('ru_RU'), 'C:\\Users\\M.Pertsev\\Desktop\\workspace\\OSS\\rust-gui-desktop-ecosystem-state\\apps\\slint-app\\target\\release\\slint-app.exe', 'терминал', CancellableSpeech (still valid)]
Speaking [LangChangeCommand ('ru_RU'), 'Tasks (Slint)', 'окно', CancellableSpeech (still valid)]
Speaking [LangChangeCommand ('ru_RU'), 'редактор', 'What needs to be done?', CancellableSpeech (still valid)]
Speaking [LangChangeCommand ('ru_RU'), 'Add', 'кнопка', CancellableSpeech (still valid)]
Speaking [LangChangeCommand ('ru_RU'), 'редактор', 'What needs to be done?', CancellableSpeech (still valid)]
Speaking [LangChangeCommand ('ru_RU'), 'Add', 'кнопка', CancellableSpeech (still valid)]
Speaking [LangChangeCommand ('ru_RU'), 'редактор', 'What needs to be done?', CancellableSpeech (still valid)]
Speaking [LangChangeCommand ('ru_RU'), 'Add', 'кнопка', CancellableSpeech (still valid)]
Speaking [LangChangeCommand ('ru_RU'), 'редактор', 'What needs to be done?', CancellableSpeech (still valid)]
Speaking [LangChangeCommand ('ru_RU'), 'Add', 'кнопка', CancellableSpeech (still valid)]
Speaking [PitchCommand(offset=30), CharacterModeCommand(True), LangChangeCommand ('ru_RU'), 'A', PitchCommand(), EndUtteranceCommand()]
Speaking [PitchCommand(offset=30), CharacterModeCommand(True), LangChangeCommand ('ru_RU'), 'A', PitchCommand(), EndUtteranceCommand()]
Speaking [PitchCommand(offset=30), CharacterModeCommand(True), LangChangeCommand ('ru_RU'), 'A', PitchCommand(), EndUtteranceCommand()]
Speaking [PitchCommand(offset=30), CharacterModeCommand(True), LangChangeCommand ('ru_RU'), 'A', PitchCommand(), EndUtteranceCommand()]
Speaking [LangChangeCommand ('ru_RU'), 'редактор', 'What needs to be done?', CancellableSpeech (still valid)]
Speaking [LangChangeCommand ('ru_RU'), 'область', CancellableSpeech (still valid)]
Speaking [LangChangeCommand ('ru_RU'), 'Сбор статистики использования NVDA', 'диалог', 'Для дальнейшего улучшения NVDA, организации NV Access требуются статистические данные по\nиспользованию вашей копии программы.\n\nЭти данные включают в себя версию операционной системы, версию NVDA, используемый язык, страну\nпребывания, а также некоторые настройки NVDA, такие как используемый синтезатор речи, брайлевский\nдисплей и брайлевскую таблицу вывода. Никакой речевой или брайлевский вывод никогда не будет\nпередаваться в NV Access. Для ознакомления со списком всех собираемых данных, пожалуйста,\nобратитесь к руководству пользователя NVDA.\n\nХотите ли вы разрешить NV Access периодически собирать эти данные для улучшения NVDA?', CancellableSpeech (still valid)]
Speaking [LangChangeCommand ('ru_RU'), 'Напомнить позже', 'кнопка', 'Alt+', CharacterModeCommand(True), 'п', CharacterModeCommand(False), CancellableSpeech (still valid)]
Speaking [LangChangeCommand ('ru_RU'), 'rust-gui-desktop-ecosystem-state', CancellableSpeech (still valid)]
