   Compiling proc-macro2 v1.0.106
   Compiling quote v1.0.46
   Compiling unicode-ident v1.0.24
   Compiling libm v0.2.16
   Compiling bitflags v2.13.0
   Compiling autocfg v1.5.1
   Compiling log v0.4.33
   Compiling cfg_aliases v0.2.1
   Compiling thiserror v2.0.18
   Compiling windows_x86_64_msvc v0.52.6
   Compiling smallvec v1.15.2
   Compiling cfg-if v1.0.4
   Compiling pin-project-lite v0.2.17
   Compiling windows-link v0.2.1
   Compiling zerocopy v0.8.54
   Compiling raw-window-handle v0.6.2
   Compiling once_cell v1.21.4
   Compiling smol_str v0.2.2
   Compiling futures-core v0.3.32
   Compiling khronos_api v3.1.0
   Compiling rustc-hash v1.1.0
   Compiling futures-sink v0.3.32
   Compiling version_check v0.9.5
   Compiling futures-task v0.3.32
   Compiling memchr v2.8.3
   Compiling futures-io v0.3.32
   Compiling slab v0.4.12
   Compiling web-time v1.1.0
   Compiling xml-rs v0.8.28
   Compiling rustc-hash v2.1.3
   Compiling futures-channel v0.3.32
   Compiling arrayvec v0.7.8
   Compiling lilt v0.8.1
   Compiling windows-targets v0.52.6
   Compiling libc v0.2.186
   Compiling thiserror v1.0.69
   Compiling parking_lot_core v0.9.12
   Compiling bytes v1.12.1
   Compiling tinyvec_macros v0.1.1
   Compiling windows-result v0.2.0
   Compiling glam v0.25.0
   Compiling naga v27.0.3
   Compiling libloading v0.8.9
   Compiling tinyvec v1.11.0
   Compiling ash v0.38.0+1.3.281
   Compiling yazi v0.2.1
   Compiling slotmap v1.1.1
   Compiling khronos-egl v6.0.0
   Compiling unicode-segmentation v1.13.3
   Compiling equivalent v1.0.2
   Compiling hashbrown v0.17.1
   Compiling memmap2 v0.9.11
   Compiling num-traits v0.2.19
   Compiling windows-strings v0.1.0
   Compiling scopeguard v1.2.0
   Compiling foldhash v0.2.0
   Compiling zeno v0.3.3
   Compiling bit-vec v0.8.0
   Compiling unicode-width v0.2.2
   Compiling foldhash v0.1.5
   Compiling lock_api v0.4.14
   Compiling hashbrown v0.16.1
   Compiling hashbrown v0.15.5
   Compiling bit-set v0.8.0
   Compiling codespan-reporting v0.12.0
   Compiling gpu-descriptor-types v0.2.0
   Compiling gl_generator v0.14.0
   Compiling gpu-alloc-types v0.3.1
   Compiling spirv v0.3.0+sdk-1.3.268.0
   Compiling wgpu-hal v27.0.4
   Compiling unicode-bidi v0.3.18
   Compiling unicode-script v0.5.8
   Compiling syn v2.0.118
   Compiling unicode-linebreak v0.1.5
   Compiling rangemap v1.7.1
   Compiling self_cell v1.2.2
   Compiling presser v0.3.1
   Compiling indexmap v2.14.0
   Compiling linebender_resource_handle v0.1.1
   Compiling sys-locale v0.3.2
   Compiling hexf-parse v0.2.1
   Compiling gpu-alloc v0.6.2
   Compiling parking_lot v0.12.5
   Compiling profiling v1.0.18
   Compiling renderdoc-sys v1.1.0
   Compiling glow v0.16.0
   Compiling gpu-descriptor v0.3.2
   Compiling range-alloc v0.1.5
   Compiling core_maths v0.1.1
   Compiling glutin_wgl_sys v0.6.1
   Compiling tracing-core v0.1.36
   Compiling wgpu-core v27.0.3
   Compiling ttf-parser v0.25.1
   Compiling litrs v1.0.0
   Compiling wgpu v27.0.1
   Compiling svg_fmt v0.4.5
   Compiling arrayref v0.3.9
   Compiling static_assertions v1.1.0
   Compiling strict-num v0.1.1
   Compiling windows-sys v0.61.2
   Compiling lru v0.16.4
   Compiling kurbo v0.10.4
   Compiling winit v0.30.13
   Compiling error-code v3.3.2
   Compiling windows-sys v0.52.0
   Compiling dpi v0.1.2
   Compiling cursor-icon v1.2.0
   Compiling clipboard-win v5.4.1
   Compiling ordered-float v5.3.0
   Compiling document-features v0.2.12
   Compiling euclid v0.22.14
   Compiling etagere v0.2.15
   Compiling guillotiere v0.6.2
   Compiling fontdb v0.23.0
   Compiling bytemuck_derive v1.10.2
   Compiling thiserror-impl v2.0.18
   Compiling zerocopy-derive v0.8.54
   Compiling futures-macro v0.3.32
   Compiling windows-implement v0.58.0
   Compiling windows-interface v0.58.0
   Compiling thiserror-impl v1.0.69
   Compiling tracing-attributes v0.1.31
   Compiling futures-util v0.3.32
   Compiling windows-core v0.58.0
   Compiling tracing v0.1.44
   Compiling bytemuck v1.25.0
   Compiling iced_core v0.14.0
   Compiling window_clipboard v0.5.1
   Compiling windows v0.58.0
   Compiling softbuffer v0.4.8
   Compiling font-types v0.10.1
   Compiling font-types v0.11.3
   Compiling wgpu-types v27.0.1
   Compiling tiny-skia-path v0.11.4
   Compiling read-fonts v0.39.2
   Compiling read-fonts v0.35.0
   Compiling tiny-skia v0.11.4
   Compiling futures-executor v0.3.32
   Compiling futures v0.3.32
   Compiling iced_futures v0.14.0
   Compiling iced_debug v0.14.0
   Compiling iced_runtime v0.14.0
   Compiling half v2.7.1
   Compiling skrifa v0.37.0
   Compiling harfrust v0.3.2
   Compiling skrifa v0.42.1
   Compiling gpu-allocator v0.27.0
   Compiling swash v0.2.9
   Compiling cosmic-text v0.15.0
   Compiling iced_graphics v0.14.0
   Compiling iced_tiny_skia v0.14.0
   Compiling iced_program v0.14.0
   Compiling iced_winit v0.14.0
   Compiling wgpu-core-deps-windows-linux-android v27.0.0
   Compiling cryoglyph v0.1.0
   Compiling iced_wgpu v0.14.0
   Compiling iced_renderer v0.14.0
   Compiling iced_widget v0.14.2
   Compiling iced v0.14.0
   Compiling iced-grid v0.1.0 (C:\Users\M.Pertsev\Desktop\workspace\OSS\rust-gui-desktop-ecosystem-state\apps\iced-grid)
    Finished `release` profile [optimized] target(s) in 1m 14s
