   Compiling proc-macro2 v1.0.107
   Compiling quote v1.0.47
   Compiling unicode-ident v1.0.24
   Compiling windows-link v0.2.1
   Compiling serde_core v1.0.229
   Compiling log v0.4.33
   Compiling siphasher v1.0.3
   Compiling crc32fast v1.5.0
   Compiling khronos_api v3.1.0
   Compiling memchr v2.8.3
   Compiling rand_core v0.6.4
   Compiling xml-rs v0.8.28
   Compiling glob v0.3.4
   Compiling windows_x86_64_msvc v0.52.6
   Compiling smallvec v1.15.2
   Compiling unicode-segmentation v1.13.3
   Compiling libc v0.2.189
   Compiling proc-macro-hack v0.5.20+deprecated
   Compiling prettyplease v0.2.37
   Compiling cfg_aliases v0.2.2
   Compiling cfg-if v1.0.4
   Compiling serde v1.0.229
   Compiling zmij v1.0.23
   Compiling regex-syntax v0.8.11
   Compiling minimal-lexical v0.2.1
   Compiling phf_shared v0.11.3
   Compiling rand v0.8.7
   Compiling libloading v0.8.9
   Compiling either v1.17.0
   Compiling adler2 v2.0.1
   Compiling bindgen v0.72.1
   Compiling autocfg v1.5.1
   Compiling simd-adler32 v0.3.10
   Compiling windows-link v0.1.3
   Compiling clang-sys v1.9.1
   Compiling serde_json v1.0.151
   Compiling winnow v1.0.4
   Compiling itertools v0.13.0
   Compiling filetime v0.2.29
   Compiling miniz_oxide v0.8.9
   Compiling aho-corasick v1.1.5
   Compiling nom v7.1.3
   Compiling windows-targets v0.52.6
   Compiling windows-strings v0.5.1
   Compiling windows-result v0.4.1
   Compiling rustc-hash v2.1.3
   Compiling bitflags v2.13.1
   Compiling shlex v1.3.0
   Compiling gl_generator v0.14.0
   Compiling phf_generator v0.11.3
   Compiling find-msvc-tools v0.1.9
   Compiling shlex v2.0.1
   Compiling itoa v1.0.18
   Compiling num-traits v0.2.19
   Compiling toml_writer v1.1.2+spec-1.1.0
   Compiling toml_parser v1.1.3+spec-1.1.0
   Compiling tar v0.4.46
   Compiling phf_shared v0.13.1
   Compiling flate2 v1.1.9
   Compiling dtoa v1.0.11
   Compiling fastrand v2.5.0
   Compiling pkg-config v0.3.33
   Compiling equivalent v1.0.2
   Compiling cc v1.4.0
   Compiling heck v0.5.0
   Compiling phf_generator v0.13.1
   Compiling dtoa-short v0.3.5
   Compiling phf_codegen v0.11.3
   Compiling windows-sys v0.52.0
   Compiling syn v2.0.119
   Compiling syn v3.0.3
   Compiling windows-strings v0.4.2
   Compiling windows-result v0.3.4
   Compiling dpi v0.1.2
   Compiling raw-window-handle v0.6.2
   Compiling parking_lot_core v0.9.12
   Compiling tinyvec_macros v0.1.1
   Compiling allocator-api2 v0.2.21
   Compiling once_cell v1.21.4
   Compiling thiserror v2.0.19
   Compiling uuid v1.24.0
   Compiling thiserror v1.0.69
   Compiling foldhash v0.2.0
   Compiling tinyvec v1.12.0
   Compiling selectors v0.32.0
   Compiling glutin_wgl_sys v0.6.1
   Compiling glutin_egl_sys v0.7.1
   Compiling phf_codegen v0.13.1
   Compiling accesskit v0.24.1
   Compiling hashbrown v0.16.1
   Compiling winit v0.30.13
   Compiling windows-threading v0.2.1
   Compiling pin-project-lite v0.2.17
   Compiling entities v1.0.1
   Compiling error-code v3.3.2
   Compiling vizia_id v0.4.0
   Compiling jetscii v0.5.3
   Compiling crossbeam-utils v0.8.22
   Compiling tracing-core v0.1.36
   Compiling scopeguard v1.2.0
   Compiling regex-automata v0.4.16
   Compiling stable_deref_trait v1.2.1
   Compiling unicode-normalization v0.1.25
   Compiling cexpr v0.6.0
   Compiling servo_arc v0.4.3
   Compiling comrak v0.51.0
   Compiling lock_api v0.4.14
   Compiling clipboard-win v5.4.1
   Compiling tracing v0.1.44
   Compiling type-map v0.5.1
   Compiling glutin v0.32.3
   Compiling precomputed-hash v0.1.1
   Compiling percent-encoding v2.3.2
   Compiling self_cell v1.3.0
   Compiling byteorder v1.5.0
   Compiling new_debug_unreachable v1.0.6
   Compiling smol_str v0.2.2
   Compiling windows_x86_64_msvc v0.53.1
   Compiling cursor-icon v1.2.0
   Compiling base64 v0.22.1
   Compiling serde_spanned v1.1.1
   Compiling toml_datetime v1.1.1+spec-1.1.0
   Compiling phf v0.13.1
   Compiling caseless v0.2.2
   Compiling accesskit_consumer v0.35.0
   Compiling self_cell v0.10.3
   Compiling fxhash v0.2.1
   Compiling parking_lot v0.12.5
   Compiling gl v0.14.0
   Compiling toml v1.1.4+spec-1.1.0
   Compiling windows-threading v0.1.0
   Compiling morphorm v0.8.0
   Compiling glutin-winit v0.5.0
   Compiling static_assertions v1.1.0
   Compiling typed-arena v2.0.2
   Compiling finl_unicode v1.4.0
   Compiling rustc-hash v1.1.0
   Compiling hashbrown v0.17.1
   Compiling xxhash-rust v0.8.18
   Compiling vizia_reactive v0.4.0
   Compiling copypasta v0.10.2
   Compiling fdeflate v0.3.7
   Compiling qfilter v0.2.5
   Compiling vizia_storage v0.4.0
   Compiling crossbeam-channel v0.5.16
   Compiling chrono v0.4.45
   Compiling windows-sys v0.59.0
   Compiling windows-sys v0.61.2
   Compiling sys-locale v0.3.2
   Compiling unicode-bidi v0.3.18
   Compiling pxfm v0.1.30
   Compiling indexmap v2.14.0
   Compiling displaydoc v0.2.7
   Compiling serde_derive v1.0.229
   Compiling thiserror-impl v2.0.19
   Compiling open v5.4.0
   Compiling web-time v1.1.0
   Compiling regex v1.13.1
   Compiling png v0.18.1
   Compiling windows-targets v0.53.5
   Compiling windows-version v0.1.7
   Compiling rfd v0.17.2
   Compiling byteorder-lite v0.1.0
   Compiling tinystr v0.8.3
   Compiling bytemuck v1.25.2
   Compiling windows-sys v0.60.2
   Compiling unic-langid-impl v0.9.6
   Compiling windows-interface v0.59.3
   Compiling windows-implement v0.60.2
   Compiling unic-langid-macros-impl v0.9.6
   Compiling phf_macros v0.11.3
   Compiling cssparser-macros v0.6.1
   Compiling derive_more-impl v2.1.1
   Compiling thiserror-impl v1.0.69
   Compiling skia-svg-macros v0.1.0
   Compiling unic-langid-macros v0.9.6
   Compiling windows-core v0.62.2
   Compiling unic-langid v0.9.6
   Compiling phf v0.11.3
   Compiling windows-core v0.61.2
   Compiling intl-memoizer v0.5.3
   Compiling intl_pluralrules v7.0.2
   Compiling cssparser v0.35.0
   Compiling fluent-langneg v0.13.1
   Compiling moxcms v0.8.1
   Compiling windows-numerics v0.2.0
   Compiling windows-numerics v0.3.1
   Compiling keyboard-types v0.7.0
   Compiling windows-future v0.3.2
   Compiling windows-collections v0.3.2
   Compiling derive_more v2.1.1
   Compiling windows-collections v0.2.0
   Compiling windows-future v0.2.1
   Compiling cssparser-color v0.3.0
   Compiling windows v0.61.3
   Compiling windows v0.62.2
   Compiling fluent-syntax v0.11.1
   Compiling vizia_input v0.4.0
   Compiling vizia_window v0.4.0
   Compiling fluent-bundle v0.15.3
   Compiling muda v0.19.3
   Compiling global-hotkey v0.7.0
   Compiling skia-bindings v0.93.1
   Compiling tray-icon v0.24.2
   Compiling image v0.25.10
   Compiling tauri-winrt-notification v0.7.3
   Compiling notify-rust v4.18.0
   Compiling arboard v3.6.1
   Compiling skia-safe v0.93.1
   Compiling vizia_style v0.4.0
   Compiling accesskit_windows v0.32.1
   Compiling accesskit_winit v0.32.2
   Compiling vizia_core v0.4.0
   Compiling vizia_winit v0.4.0
   Compiling vizia v0.4.0
   Compiling vizia-tray v0.1.0 (C:\Users\M.Pertsev\Desktop\workspace\OSS\rust-gui-desktop-ecosystem-state\apps\vizia-tray)
error: linking with `link.exe` failed: exit code: 1120
  |
  = note: "C:\\Program Files\\Microsoft Visual Studio\\2022\\Community\\VC\\Tools\\MSVC\\14.34.31933\\bin\\HostX64\\x64\\link.exe" "/NOLOGO" "C:\\Users\\M.Pertsev\\Desktop\\workspace\\OSS\\rust-gui-desktop-ecosystem-state\\apps\\vizia-tray\\target\\release\\deps\\rustcausp6q\\symbols.o" "<17 object files omitted>" "C:\\Users\\M.Pertsev\\Desktop\\workspace\\OSS\\rust-gui-desktop-ecosystem-state\\apps\\vizia-tray\\target\\release\\deps/{librfd-07b703448bd9cd3e,libarboard-2563511fe4adcf34,libimage-82e8ab268fede180,libbytemuck-f065f1fc96b4a076,libmoxcms-857d604bc24933cb,libpxfm-d636c0661bb4bb70,libpng-cce2798f257a40e9,libflate2-a332ecdc22e37d86,libminiz_oxide-cbf7995dc9082ee0,libfdeflate-f9c81e61da9088bb,libsimd_adler32-445b8f124b22c4b3,libcrc32fast-a96b8d61a0248e2b,libbyteorder_lite-fff331745ab8d61e,libwindows_sys-ed2e1976f273520a,libwindows_targets-af037d452f48ef99,libnotify_rust-a2f4fa059379abb1,libtauri_winrt_notification-0a079ad3d63a3f4c,libwindows_version-101c59535c9392fb,libwindows-689d3077d9392dc5,libwindows_collections-44b279fec5974f5f,libwindows_future-8b72a7696f0e52c1,libwindows_core-58a256d645e065c6,libwindows_strings-70cd467a36e5b722,libwindows_result-d354ee5a253f4597,libwindows_link-b7ca084d178002eb,libvizia-237ef84e6852daff,libvizia_winit-4aa6d5295667b365,libglutin_winit-3b529d45b3baa959,libgl-bcab414a894f6999,libglutin-fc3176cf6f85c0ee,libglutin_wgl_sys-2cb8a6df509aacb5,liblibloading-e89f3dcd2e0f55ac,libglutin_egl_sys-617c7ed34c28146f,libvizia_core-f0bd43a15394b1c7,libopen-632103e1adbe85d6,libqfilter-6cb211c1eeb8901b,libxxhash_rust-518e9aecc33cbd9d,libsys_locale-a885540fe7eda2e0,libcomrak-6dd21fd30e51b697,libcaseless-89269c7dc2853de7,libunicode_normalization-614c5151a87118aa,libtinyvec-9a606210e0ee9de9,libtinyvec_macros-707f0409c5fc1dcc,libphf-b84f996d75ef7c75,libphf_shared-6f4867b36ee4ca0d,libtyped_arena-d918c684ae630503,libjetscii-406c4431777d4888,libfinl_unicode-d1494cc1ff0f381e,libunicode_bidi-cc78a8bbb7364688,libfluent_bundle-4eeb55faf8cd9441,libfluent_langneg-436e13eb99c2eb6f,libintl_pluralrules-1693c003af72eb43,libself_cell-c09fd9742d023141,libself_cell-45fddd1131e91a0e,libintl_memoizer-edd1d63a75530db5,libtype_map-7df7dbf1d2579a30,libfluent_syntax-6209664456087a8e,libthiserror-8302d476d6a13a5c,librustc_hash-7684dd5dbd508766,libchrono-83cfd6bc5b2aa9d3,libnum_traits-7094e6fa54590c57,libindexmap-26fbe65eb23646bf,libhashbrown-c14e9b0c3771733f,libweb_time-b4c3fde96b8240b5,libunic_langid-1566b2a17f726dfd,libunic_langid_macros-6ceec67afcec905e,libunic_langid_impl-e106c2121e40f29b,libtinystr-0b9f30fbbaae692d,libcopypasta-2411a3c2a72f2ba9,libclipboard_win-8b5faa43f6fe99bf,liberror_code-0523ce8ae8fcdcb4,libvizia_window-586375767162ae78,libvizia_storage-ecab46a9c486b8d3,libvizia_reactive-c8f80bffcb9bfa91,libparking_lot-21613e4a87adaf3a,libparking_lot_core-c880d928c8150ca9,libcfg_if-a6d390c06a308e4b,liblock_api-f561e6c0d61f2dab,libscopeguard-9e0b9aeafb41f66d,libvizia_style-c7df1276dced71e1,libfxhash-b05538b32bdebe40,libbyteorder-0fda514d865f63fa,libselectors-42160afc2834d51d,libprecomputed_hash-486861d3acc9297e,librustc_hash-dabeb20c4cc8e786,libdebug_unreachable-8de1092862332837,libservo_arc-8aef113250a87229,libstable_deref_trait-9f706cb48d454d1d,libderive_more-d77c2431b79003aa,libcssparser_color-55941ec0a4faba42,libskia_safe-a19f9aeccfd7a025,libpercent_encoding-c3221a7b86debc36,libbase64-c61854154c9df35f,libskia_bindings-8702299d481e65de,libcssparser-4ea0654cefd3316d,libitoa-749974bbc94b8860,libdtoa_short-7ec0c73a61895ec0,libdtoa-d8b10a8986fd4e63,libphf-52c213b0aca8e2bc,libphf_shared-ba7336c98632f554,libsiphasher-6a37c5ab5d5ac95f,libmorphorm-d3e3d14210a190d3,libsmallvec-e629c44c8c150b96,libvizia_input-62d9510573610241,libvizia_id-6d048e3f4f79e7bd,liblog-0b4f82736a09f646,libaccesskit_winit-c4ef1afe528add46,libaccesskit_windows-55907f29e00c2657,libstatic_assertions-54f1fe3701970061,libwindows-c791ea6456908d88,libwindows_core-7862c01a9a414154,libwindows_strings-4e674c6e47e345cd,libwindows_result-5e4c9c512bf8c9e4,libaccesskit_consumer-ed32ebe2395145c3,libhashbrown-de454ad50701f215,libequivalent-24730f67c843a19c,liballocator_api2-75b59e8ab3354e05,libfoldhash-0f79e3d54dc9372f,libwinit-7529f36fd13e2f95,libtracing-d6373f131a6cd7c3,libpin_project_lite-e6ad672f76ce18a3,libtracing_core-0e7cba22f7026bbd,libwindows_sys-abad9fe22f208898,libsmol_str-2d2f40042e6c51aa,libcursor_icon-1cc21aa26dd05c1c,libraw_window_handle-5e301fe7f121c39a,libaccesskit-d83ac7d2582f1271,libuuid-3473ec40e6593b8b,libtray_icon-557205eb9f8f4448,libmuda-e7aa2738ad923ec2,libdpi-d6d8d79fcbf4e409,libwindows_sys-170ae787e6868f54,libwindows_link-00c055d229e54a21,libglobal_hotkey-6dfdf052ba0664a1,libwindows_sys-8c37bb88a2fbb1db,libwindows_targets-2b89bc63493d3f9a,libkeyboard_types-08e4966bde9076c7,libbitflags-5244bceeeec10034,libserde-c3a4c5702206f5bf,libserde_core-4549c2c6ebfde947,libunicode_segmentation-214be74ff4fd9c78,libthiserror-fd071d3848bbbc2c,libonce_cell-2f0ff9dcaaeac03f,libcrossbeam_channel-7839e0b42345a2a7,libcrossbeam_utils-5e963d560cffadbd}.rlib" "<sysroot>\\lib\\rustlib\\x86_64-pc-windows-msvc\\lib/{libstd-*,libpanic_unwind-*,libcfg_if-*,libwindows_link-*,librustc_demangle-*,libstd_detect-*,libhashbrown-*,librustc_std_workspace_alloc-*,libunwind-*,librustc_std_workspace_core-*,liballoc-*,libcore-*,libcompiler_builtins-*}.rlib" "C:\\Users\\M.Pertsev\\.cargo\\registry\\src\\index.crates.io-1949cf8c6b5b557f\\windows_x86_64_msvc-0.53.1\\lib\\windows.0.53.0.lib" "opengl32.lib" "advapi32.lib" "kernel32.lib" "kernel32.lib" "user32.lib" "shell32.lib" "gdi32.lib" "advapi32.lib" "C:\\Users\\M.Pertsev\\Desktop\\workspace\\OSS\\rust-gui-desktop-ecosystem-state\\apps\\vizia-tray\\target\\release\\build\\skia-bindings-c96378ee1ed1aded\\out\\skia\\skparagraph.lib" "C:\\Users\\M.Pertsev\\Desktop\\workspace\\OSS\\rust-gui-desktop-ecosystem-state\\apps\\vizia-tray\\target\\release\\build\\skia-bindings-c96378ee1ed1aded\\out\\skia\\skshaper.lib" "C:\\Users\\M.Pertsev\\Desktop\\workspace\\OSS\\rust-gui-desktop-ecosystem-state\\apps\\vizia-tray\\target\\release\\build\\skia-bindings-c96378ee1ed1aded\\out\\skia\\skunicode_core.lib" "C:\\Users\\M.Pertsev\\Desktop\\workspace\\OSS\\rust-gui-desktop-ecosystem-state\\apps\\vizia-tray\\target\\release\\build\\skia-bindings-c96378ee1ed1aded\\out\\skia\\skunicode_icu.lib" "C:\\Users\\M.Pertsev\\Desktop\\workspace\\OSS\\rust-gui-desktop-ecosystem-state\\apps\\vizia-tray\\target\\release\\build\\skia-bindings-c96378ee1ed1aded\\out\\skia\\svg.lib" "C:\\Users\\M.Pertsev\\Desktop\\workspace\\OSS\\rust-gui-desktop-ecosystem-state\\apps\\vizia-tray\\target\\release\\build\\skia-bindings-c96378ee1ed1aded\\out\\skia\\skresources.lib" "C:\\Users\\M.Pertsev\\Desktop\\workspace\\OSS\\rust-gui-desktop-ecosystem-state\\apps\\vizia-tray\\target\\release\\build\\skia-bindings-c96378ee1ed1aded\\out\\skia\\skia.lib" "C:\\Users\\M.Pertsev\\Desktop\\workspace\\OSS\\rust-gui-desktop-ecosystem-state\\apps\\vizia-tray\\target\\release\\build\\skia-bindings-c96378ee1ed1aded\\out\\skia\\skia-bindings.lib" "usp10.lib" "ole32.lib" "user32.lib" "gdi32.lib" "fontsub.lib" "Advapi32.lib" "opengl32.lib" "C:\\Users\\M.Pertsev\\.cargo\\registry\\src\\index.crates.io-1949cf8c6b5b557f\\windows_x86_64_msvc-0.52.6\\lib\\windows.0.52.0.lib" "C:\\Users\\M.Pertsev\\.cargo\\registry\\src\\index.crates.io-1949cf8c6b5b557f\\windows_x86_64_msvc-0.52.6\\lib\\windows.0.52.0.lib" "kernel32.lib" "kernel32.lib" "kernel32.lib" "ntdll.lib" "userenv.lib" "ws2_32.lib" "dbghelp.lib" "/defaultlib:msvcrt" "/NXCOMPAT" "/LIBPATH:C:\\Users\\M.Pertsev\\Desktop\\workspace\\OSS\\rust-gui-desktop-ecosystem-state\\apps\\vizia-tray\\target\\release\\build\\skia-bindings-c96378ee1ed1aded\\out\\skia" "/LIBPATH:C:\\Users\\M.Pertsev\\.cargo\\registry\\src\\index.crates.io-1949cf8c6b5b557f\\windows_x86_64_msvc-0.53.1\\lib" "/LIBPATH:C:\\Users\\M.Pertsev\\.cargo\\registry\\src\\index.crates.io-1949cf8c6b5b557f\\windows_x86_64_msvc-0.52.6\\lib" "/OUT:C:\\Users\\M.Pertsev\\Desktop\\workspace\\OSS\\rust-gui-desktop-ecosystem-state\\apps\\vizia-tray\\target\\release\\deps\\vizia_tray.exe" "/OPT:REF,ICF" "/DEBUG" "/PDBALTPATH:%_PDB%" "/NATVIS:<sysroot>\\lib\\rustlib\\etc\\intrinsic.natvis" "/NATVIS:<sysroot>\\lib\\rustlib\\etc\\liballoc.natvis" "/NATVIS:<sysroot>\\lib\\rustlib\\etc\\libcore.natvis" "/NATVIS:<sysroot>\\lib\\rustlib\\etc\\libstd.natvis" "/NATVIS:C:\\Users\\M.Pertsev\\Desktop\\workspace\\OSS\\rust-gui-desktop-ecosystem-state\\apps\\vizia-tray\\target\\release\\deps\\rustcausp6q\\vizia_tray-0.natvis" "/NATVIS:C:\\Users\\M.Pertsev\\Desktop\\workspace\\OSS\\rust-gui-desktop-ecosystem-state\\apps\\vizia-tray\\target\\release\\deps\\rustcausp6q\\vizia_tray-1.natvis" "/NATVIS:C:\\Users\\M.Pertsev\\Desktop\\workspace\\OSS\\rust-gui-desktop-ecosystem-state\\apps\\vizia-tray\\target\\release\\deps\\rustcausp6q\\vizia_tray-2.natvis"
  = note: some arguments are omitted. use `--verbose` to show all linker arguments
  = note: skunicode_icu.lib(icu.SkLoadICU.obj) : error LNK2019: unresolved external symbol __std_find_last_trivial_2 referenced in function "class std::basic_string<wchar_t,struct std::char_traits<wchar_t>,class std::allocator<wchar_t> > __cdecl get_module_path(struct HINSTANCE__ *)" (?get_module_path@@YA?AV?$basic_string@_WU?$char_traits@_W@std@@V?$allocator@_W@2@@std@@PEAUHINSTANCE__@@@Z)
          skia.lib(core.SkStroke.obj) : error LNK2019: unresolved external symbol __std_min_element_f referenced in function "private: bool __cdecl SkPathStroker::ptInQuadBounds(struct SkPoint const * const,struct SkPoint const &)const " (?ptInQuadBounds@SkPathStroker@@AEBA_NQEBUSkPoint@@AEBU2@@Z)
          skia.lib(skia.SkGradientBaseShader.obj) : error LNK2001: unresolved external symbol __std_min_element_f
          skia.lib(core.SkStroke.obj) : error LNK2019: unresolved external symbol __std_max_element_f referenced in function "private: bool __cdecl SkPathStroker::ptInQuadBounds(struct SkPoint const * const,struct SkPoint const &)const " (?ptInQuadBounds@SkPathStroker@@AEBA_NQEBUSkPoint@@AEBU2@@Z)
          skia.lib(skia.SkGradientBaseShader.obj) : error LNK2001: unresolved external symbol __std_max_element_f
          skia.lib(core.SkGlyph.obj) : error LNK2019: unresolved external symbol __std_minmax_element_f referenced in function "public: void __cdecl SkGlyph::ensureIntercepts(float const * const,float,float,float *,int *,class SkArenaAlloc *)" (?ensureIntercepts@SkGlyph@@QEAAXQEBMMMPEAMPEAHPEAVSkArenaAlloc@@@Z)
          skia.lib(skia.SkSLErrorReporter.obj) : error LNK2019: unresolved external symbol __std_search_1 referenced in function "public: void __cdecl SkSL::ErrorReporter::error(class SkSL::Position,class std::basic_string_view<char,struct std::char_traits<char> >)" (?error@ErrorReporter@SkSL@@QEAAXVPosition@2@V?$basic_string_view@DU?$char_traits@D@std@@@std@@@Z)
          skia.lib(gpu_shared.SkSLGLSLCodeGenerator.obj) : error LNK2001: unresolved external symbol __std_search_1
          C:\Users\M.Pertsev\Desktop\workspace\OSS\rust-gui-desktop-ecosystem-state\apps\vizia-tray\target\release\deps\vizia_tray.exe : fatal error LNK1120: 5 unresolved externals
          

error: could not compile `vizia-tray` (bin "vizia-tray") due to 1 previous error
