   Compiling proc-macro2 v1.0.106
   Compiling quote v1.0.46
   Compiling unicode-ident v1.0.24
   Compiling libm v0.2.16
   Compiling cfg-if v1.0.4
   Compiling autocfg v1.5.1
   Compiling log v0.4.33
   Compiling arrayvec v0.7.8
   Compiling bitflags v2.13.0
   Compiling thiserror v2.0.18
   Compiling windows-link v0.2.1
   Compiling memchr v2.8.3
   Compiling libc v0.2.186
   Compiling zerocopy v0.8.54
   Compiling crossbeam-utils v0.8.22
   Compiling smallvec v1.15.2
   Compiling version_check v0.9.5
   Compiling crossbeam-epoch v0.9.20
   Compiling cfg_aliases v0.2.1
   Compiling crossbeam-deque v0.8.7
   Compiling rayon-core v1.13.0
   Compiling windows_x86_64_msvc v0.52.6
   Compiling simd-adler32 v0.3.9
   Compiling anyhow v1.0.103
   Compiling either v1.16.0
   Compiling pin-project-lite v0.2.17
   Compiling paste v1.0.15
   Compiling futures-core v0.3.32
   Compiling raw-window-handle v0.6.2
   Compiling adler2 v2.0.1
   Compiling crc32fast v1.5.0
   Compiling futures-sink v0.3.32
   Compiling stable_deref_trait v1.2.1
   Compiling av-scenechange v0.14.1
   Compiling once_cell v1.21.4
   Compiling built v0.8.1
   Compiling windows-targets v0.52.6
   Compiling miniz_oxide v0.8.9
   Compiling pulp v0.22.3
   Compiling as-slice v0.2.1
   Compiling quick-error v2.0.1
   Compiling y4m v0.8.0
   Compiling aligned v0.4.3
   Compiling smol_str v0.2.2
   Compiling rustc-hash v1.1.0
   Compiling bytes v1.12.1
   Compiling pastey v0.1.1
   Compiling khronos_api v3.1.0
   Compiling futures-channel v0.3.32
   Compiling num-traits v0.2.19
   Compiling itertools v0.14.0
   Compiling raw-cpuid v11.6.0
   Compiling weezl v0.1.12
   Compiling pulp-wasm-simd-flag v0.1.1
   Compiling imgref v1.12.2
   Compiling new_debug_unreachable v1.0.6
   Compiling zune-core v0.5.1
   Compiling scopeguard v1.2.0
   Compiling reborrow v0.5.5
   Compiling futures-task v0.3.32
   Compiling noop_proc_macro v0.3.0
   Compiling futures-io v0.3.32
   Compiling nom v8.0.0
   Compiling no_std_io2 v0.9.4
   Compiling slab v0.4.12
   Compiling bitstream-io v4.10.0
   Compiling zune-jpeg v0.5.15
   Compiling loop9 v0.1.5
   Compiling lock_api v0.4.14
   Compiling windows-result v0.2.0
   Compiling flate2 v1.1.9
   Compiling slotmap v1.1.1
   Compiling avif-serialize v0.8.9
   Compiling zune-inflate v0.2.54
   Compiling fdeflate v0.3.7
   Compiling rav1e v0.8.1
   Compiling bit_field v0.10.3
   Compiling xml-rs v0.8.28
   Compiling fax v0.2.7
   Compiling syn v2.0.118
   Compiling lebe v0.5.3
   Compiling lazy_static v1.5.0
   Compiling core_maths v0.1.1
   Compiling simd_helpers v0.1.0
   Compiling web-time v1.1.0
   Compiling rustc-hash v2.1.3
   Compiling byteorder-lite v0.1.0
   Compiling color_quant v1.1.0
   Compiling bitflags v1.3.2
   Compiling pxfm v0.1.30
   Compiling lilt v0.8.1
   Compiling gl_generator v0.14.0
   Compiling gif v0.14.2
   Compiling png v0.18.1
   Compiling windows-strings v0.1.0
   Compiling rayon v1.12.0
   Compiling image-webp v0.2.4
   Compiling getrandom v0.4.3
   Compiling glam v0.25.0
   Compiling thiserror v1.0.69
   Compiling num-integer v0.1.46
   Compiling tinyvec_macros v0.1.1
   Compiling parking_lot_core v0.9.12
   Compiling tinyvec v1.11.0
   Compiling ttf-parser v0.25.1
   Compiling tokio v1.52.3
   Compiling naga v27.0.3
   Compiling libloading v0.8.9
   Compiling num-bigint v0.4.8
   Compiling glutin_wgl_sys v0.6.1
   Compiling yazi v0.2.1
   Compiling equivalent v1.0.2
   Compiling zeno v0.3.3
   Compiling bit-vec v0.8.0
   Compiling ash v0.38.0+1.3.281
   Compiling hashbrown v0.17.1
   Compiling foldhash v0.1.5
   Compiling memmap2 v0.9.11
   Compiling foldhash v0.2.0
   Compiling unicode-width v0.2.2
   Compiling khronos-egl v6.0.0
   Compiling unicode-segmentation v1.13.3
   Compiling hashbrown v0.16.1
   Compiling bit-set v0.8.0
   Compiling codespan-reporting v0.12.0
   Compiling hashbrown v0.15.5
   Compiling gpu-alloc-types v0.3.1
   Compiling gpu-descriptor-types v0.2.0
   Compiling spirv v0.3.0+sdk-1.3.268.0
   Compiling indexmap v2.14.0
   Compiling wgpu-hal v27.0.4
   Compiling encoding_rs v0.8.35
   Compiling self_cell v1.2.2
   Compiling presser v0.3.1
   Compiling hexf-parse v0.2.1
   Compiling num-rational v0.4.2
   Compiling unicode-script v0.5.8
   Compiling linebender_resource_handle v0.1.1
   Compiling unicode-bidi v0.3.18
   Compiling sys-locale v0.3.2
   Compiling unicode-linebreak v0.1.5
   Compiling rangemap v1.7.1
   Compiling gpu-descriptor v0.3.2
   Compiling parking_lot v0.12.5
   Compiling gpu-alloc v0.6.2
   Compiling jobserver v0.1.35
   Compiling ordered-float v5.3.0
   Compiling mutate_once v0.1.2
   Compiling maybe-rayon v0.1.1
   Compiling moxcms v0.8.1
   Compiling glow v0.16.0
   Compiling range-alloc v0.1.5
   Compiling renderdoc-sys v1.1.0
   Compiling kamadak-exif v0.6.1
   Compiling tracing-core v0.1.36
   Compiling wgpu-core v27.0.3
   Compiling find-msvc-tools v0.1.9
   Compiling fontdb v0.23.0
   Compiling shlex v2.0.1
   Compiling litrs v1.0.0
   Compiling nasm-rs v0.3.2
   Compiling euclid v0.22.14
   Compiling cc v1.2.66
   Compiling wgpu v27.0.1
   Compiling windows-result v0.4.1
   Compiling windows-strings v0.5.1
   Compiling document-features v0.2.12
   Compiling dunce v1.0.5
   Compiling svg_fmt v0.4.5
   Compiling arrayref v0.3.9
   Compiling static_assertions v1.1.0
   Compiling strict-num v0.1.1
   Compiling windows-sys v0.61.2
   Compiling rand_core v0.10.1
   Compiling lru v0.16.4
   Compiling etagere v0.2.15
   Compiling guillotiere v0.6.2
   Compiling kurbo v0.10.4
   Compiling winit v0.30.13
   Compiling windows-threading v0.2.1
   Compiling error-code v3.3.2
   Compiling cpufeatures v0.3.0
   Compiling windows-sys v0.52.0
   Compiling chacha20 v0.10.1
   Compiling clipboard-win v5.4.1
   Compiling getrandom v0.2.17
   Compiling cpal v0.17.3
   Compiling extended v0.1.0
   Compiling nokhwa-bindings-macos v0.2.4
   Compiling cursor-icon v1.2.0
   Compiling dpi v0.1.2
   Compiling rand v0.10.2
   Compiling nanorand v0.7.0
   Compiling spin v0.9.8
   Compiling dasp_sample v0.11.0
   Compiling rtrb v0.3.4
   Compiling bytemuck_derive v1.10.2
   Compiling thiserror-impl v2.0.18
   Compiling zerocopy-derive v0.8.54
   Compiling profiling-procmacros v1.0.18
   Compiling equator-macro v0.4.2
   Compiling arg_enum_proc_macro v0.3.4
   Compiling num-derive v0.4.2
   Compiling futures-macro v0.3.32
   Compiling profiling v1.0.18
   Compiling windows-interface v0.58.0
   Compiling windows-implement v0.58.0
   Compiling thiserror-impl v1.0.69
   Compiling tracing-attributes v0.1.31
   Compiling windows-interface v0.59.3
   Compiling equator v0.4.2
   Compiling aligned-vec v0.6.4
   Compiling windows-implement v0.60.2
   Compiling mozjpeg-sys v2.2.3
   Compiling futures-util v0.3.32
   Compiling windows-core v0.58.0
   Compiling v_frame v0.3.9
   Compiling rand_distr v0.6.0
   Compiling flume v0.11.1
   Compiling iced_core v0.14.0
   Compiling bytemuck v1.25.0
   Compiling av1-grain v0.2.5
   Compiling window_clipboard v0.5.1
   Compiling num-complex v0.4.6
   Compiling rgb v0.8.53
   Compiling font-types v0.10.1
   Compiling font-types v0.11.3
   Compiling qoi v0.4.1
   Compiling symphonia-core v0.5.5
   Compiling windows v0.58.0
   Compiling wgpu-types v27.0.1
   Compiling tracing v0.1.44
   Compiling read-fonts v0.35.0
   Compiling read-fonts v0.39.2
   Compiling windows-core v0.62.2
   Compiling tiny-skia-path v0.11.4
   Compiling softbuffer v0.4.8
   Compiling windows-collections v0.3.2
   Compiling windows-future v0.3.2
   Compiling symphonia-metadata v0.5.5
   Compiling tiny-skia v0.11.4
   Compiling symphonia-utils-xiph v0.5.5
   Compiling windows-numerics v0.3.1
   Compiling symphonia-codec-vorbis v0.5.5
   Compiling windows v0.62.2
   Compiling symphonia-format-isomp4 v0.5.5
   Compiling symphonia-bundle-flac v0.5.5
   Compiling futures-executor v0.3.32
   Compiling symphonia-format-ogg v0.5.5
   Compiling futures v0.3.32
   Compiling symphonia-bundle-mp3 v0.5.5
   Compiling iced_futures v0.14.0
   Compiling symphonia-format-riff v0.5.5
   Compiling half v2.7.1
   Compiling symphonia-codec-aac v0.5.5
   Compiling tiff v0.11.3
   Compiling exr v1.74.1
   Compiling iced_debug v0.14.0
   Compiling iced_runtime v0.14.0
   Compiling symphonia-codec-pcm v0.5.5
   Compiling ravif v0.13.0
   Compiling symphonia v0.5.5
   Compiling skrifa v0.42.1
   Compiling skrifa v0.37.0
   Compiling harfrust v0.3.2
   Compiling image v0.25.10
   Compiling gpu-allocator v0.27.0
   Compiling swash v0.2.9
   Compiling cosmic-text v0.15.0
   Compiling iced_graphics v0.14.0
   Compiling iced_tiny_skia v0.14.0
   Compiling wgpu-core-deps-windows-linux-android v27.0.0
   Compiling mozjpeg v0.10.13
   Compiling nokhwa-core v0.1.9
   Compiling iced_program v0.14.0
   Compiling iced_winit v0.14.0
   Compiling rodio v0.22.2
   Compiling nokhwa v0.10.11
   Compiling cryoglyph v0.1.0
   Compiling iced_wgpu v0.14.0
   Compiling iced_renderer v0.14.0
   Compiling iced_widget v0.14.2
   Compiling iced v0.14.0
   Compiling iced-peek v0.1.0 (C:\Users\M.Pertsev\Desktop\workspace\OSS\rust-gui-desktop-ecosystem-state\apps\iced-peek)
    Finished `release` profile [optimized] target(s) in 2m 05s
