   Compiling proc-macro2 v1.0.107
   Compiling unicode-ident v1.0.24
   Compiling quote v1.0.47
   Compiling windows-link v0.2.1
   Compiling autocfg v1.5.1
   Compiling log v0.4.33
   Compiling pin-project-lite v0.2.17
   Compiling windows_x86_64_msvc v0.52.6
   Compiling cfg-if v1.0.4
   Compiling crc32fast v1.5.0
   Compiling crossbeam-utils v0.8.22
   Compiling bitflags v2.13.1
   Compiling memchr v2.8.3
   Compiling serde_core v1.0.229
   Compiling once_cell v1.21.4
   Compiling glob v0.3.4
   Compiling prettyplease v0.2.37
   Compiling either v1.17.0
   Compiling libc v0.2.189
   Compiling regex-syntax v0.8.11
   Compiling zmij v1.0.23
   Compiling parking v2.2.1
   Compiling khronos_api v3.1.0
   Compiling windows-strings v0.5.1
   Compiling windows-result v0.4.1
   Compiling minimal-lexical v0.2.1
   Compiling libloading v0.8.9
   Compiling serde_json v1.0.151
   Compiling paste v1.0.15
   Compiling winnow v1.0.4
   Compiling futures-core v0.3.33
   Compiling bindgen v0.72.1
   Compiling adler2 v2.0.1
   Compiling tracing-core v0.1.36
   Compiling simd-adler32 v0.3.10
   Compiling itertools v0.13.0
   Compiling filetime v0.2.29
   Compiling xml-rs v0.8.28
   Compiling smallvec v1.15.2
   Compiling toml_writer v1.1.2+spec-1.1.0
   Compiling clang-sys v1.9.1
   Compiling shlex v2.0.1
   Compiling itoa v1.0.18
   Compiling miniz_oxide v0.8.9
   Compiling shlex v1.3.0
   Compiling num-traits v0.2.19
   Compiling find-msvc-tools v0.1.9
   Compiling aho-corasick v1.1.5
   Compiling nom v7.1.3
   Compiling toml_parser v1.1.3+spec-1.1.0
   Compiling rustc-hash v2.1.3
   Compiling tar v0.4.46
   Compiling windows-targets v0.52.6
   Compiling itertools v0.14.0
   Compiling windows-threading v0.2.1
   Compiling futures-io v0.3.33
   Compiling crossbeam-epoch v0.9.20
   Compiling fastrand v2.5.0
   Compiling pkg-config v0.3.33
   Compiling heck v0.5.0
   Compiling windows-sys v0.52.0
   Compiling cc v1.4.0
   Compiling flate2 v1.1.9
   Compiling syn v2.0.119
   Compiling gl_generator v0.14.0
   Compiling crossbeam-deque v0.8.7
   Compiling cfg_aliases v0.2.2
   Compiling uuid v1.24.0
   Compiling parking_lot_core v0.9.12
   Compiling futures-lite v2.6.1
   Compiling windows-sys v0.61.2
   Compiling cursor-icon v1.2.0
   Compiling rayon-core v1.13.0
   Compiling scopeguard v1.2.0
   Compiling base64 v0.22.1
   Compiling accesskit v0.24.1
   Compiling lock_api v0.4.14
   Compiling euclid v0.22.14
   Compiling hotpath-macros v0.15.1
   Compiling percent-encoding v2.3.2
   Compiling anyhow v1.0.104
   Compiling slab v0.4.12
   Compiling parking_lot v0.12.5
   Compiling num-integer v0.1.46
   Compiling cexpr v0.6.0
   Compiling hotpath v0.15.1
   Compiling syn v3.0.3
   Compiling concurrent-queue v2.5.0
   Compiling android-build v0.1.4
   Compiling futures-channel v0.3.33
   Compiling regex-automata v0.4.16
   Compiling raw-window-handle v0.6.2
   Compiling futures-task v0.3.33
   Compiling beul v1.0.0
   Compiling event-listener v2.5.3
   Compiling thiserror v2.0.19
   Compiling async-watch v0.3.1
   Compiling num-bigint v0.4.8
   Compiling keyboard-types v0.8.3
   Compiling bytes v1.12.1
   Compiling stable_deref_trait v1.2.1
   Compiling pathgraph v0.4.1
   Compiling mundy v0.2.3
   Compiling zerocopy v0.8.55
   Compiling arrayvec v0.7.8
   Compiling rustix v1.1.4
   Compiling as-slice v0.2.1
   Compiling rayon v1.12.0
   Compiling async-io v2.6.0
   Compiling event-listener v5.4.2
   Compiling toml_datetime v1.1.1+spec-1.1.0
   Compiling serde_spanned v1.1.1
   Compiling version_check v0.9.5
   Compiling av-scenechange v0.14.1
   Compiling bytemuck v1.25.2
   Compiling unicode-segmentation v1.13.3
   Compiling toml v1.1.4+spec-1.1.0
   Compiling libm v0.2.16
   Compiling error-code v3.3.2
   Compiling built v0.8.1
   Compiling event-listener-strategy v0.5.4
   Compiling pulp v0.22.3
   Compiling clipboard-win v5.4.1
   Compiling no_std_io2 v0.9.4
   Compiling nom v8.0.0
   Compiling aligned v0.4.3
   Compiling glutin_egl_sys v0.7.1
   Compiling glutin_wgl_sys v0.6.1
   Compiling winit v0.30.13
   Compiling y4m v0.8.0
   Compiling pastey v0.1.1
   Compiling num-rational v0.4.2
   Compiling quick-error v2.0.1
   Compiling rav1e v0.8.1
   Compiling foldhash v0.2.0
   Compiling regex v1.13.1
   Compiling hashbrown v0.16.1
   Compiling copypasta v0.10.2
   Compiling bitstream-io v4.10.0
   Compiling num-complex v0.4.6
   Compiling glutin v0.32.3
   Compiling simd_helpers v0.1.0
   Compiling raw-cpuid v11.6.0
   Compiling ash v0.38.0+1.3.281
   Compiling reborrow v0.5.5
   Compiling imgref v1.12.2
   Compiling atomic-waker v1.1.2
   Compiling new_debug_unreachable v1.0.6
   Compiling str_indices v0.4.4
   Compiling noop_proc_macro v0.3.0
   Compiling pulp-wasm-simd-flag v0.1.1
   Compiling weezl v0.1.12
   Compiling smol_str v0.2.2
   Compiling zune-core v0.5.1
   Compiling dpi v0.1.2
   Compiling ropey v1.6.1
   Compiling loop9 v0.1.5
   Compiling accesskit_consumer v0.38.0
   Compiling zune-jpeg v0.5.15
   Compiling errno v0.3.14
   Compiling polling v3.11.0
   Compiling piper v0.2.5
   Compiling thiserror-impl v2.0.19
   Compiling async-channel v2.5.0
   Compiling avif-serialize v0.8.9
   Compiling gl v0.14.0
   Compiling maybe-rayon v0.1.1
   Compiling easer v0.3.0
   Compiling fdeflate v0.3.7
   Compiling zune-inflate v0.2.54
   Compiling glutin-winit v0.5.0
   Compiling fax v0.2.7
   Compiling lebe v0.5.3
   Compiling bit_field v0.10.3
   Compiling byteorder-lite v0.1.0
   Compiling pxfm v0.1.30
   Compiling rfd v0.17.2
   Compiling async-task v4.7.1
   Compiling color_quant v1.1.0
   Compiling static_assertions v1.1.0
   Compiling rgb v0.8.53
   Compiling image-webp v0.2.4
   Compiling gif v0.14.2
   Compiling blocking v1.6.2
   Compiling png v0.18.1
   Compiling async-lock v3.4.2
   Compiling qoi v0.4.1
   Compiling tracing-attributes v0.1.31
   Compiling windows-interface v0.59.3
   Compiling windows-implement v0.60.2
   Compiling freya-skia-svg-macros v0.1.0
   Compiling equator-macro v0.4.2
   Compiling futures-macro v0.3.33
   Compiling zerocopy-derive v0.8.55
   Compiling arg_enum_proc_macro v0.3.4
   Compiling profiling-procmacros v1.0.18
   Compiling num-derive v0.4.2
   Compiling profiling v1.0.18
   Compiling windows-core v0.62.2
   Compiling equator v0.4.2
   Compiling aligned-vec v0.6.4
   Compiling futures-util v0.3.33
   Compiling windows-future v0.3.2
   Compiling windows-numerics v0.3.1
   Compiling tracing v0.1.44
   Compiling windows-collections v0.3.2
   Compiling v_frame v0.3.9
   Compiling ragnarok v0.4.1
   Compiling torin v0.4.1
   Compiling generational-box v0.7.10
   Compiling av1-grain v0.2.5
   Compiling moxcms v0.8.1
   Compiling softbuffer v0.4.8
   Compiling windows v0.62.2
   Compiling freya-skia-bindings v0.98.1
error: failed to run custom build command for `freya-skia-bindings v0.98.1`

Caused by:
  process didn't exit successfully: `C:\Users\M.Pertsev\Desktop\workspace\OSS\rust-gui-desktop-ecosystem-state\apps\freya-app\target\release\build\freya-skia-bindings-97e6847842ab645d\build-script-build` (exit code: 101)
  --- stdout
  cargo:rerun-if-env-changed=DOCS_RS
  cargo:rerun-if-env-changed=SKIA_DEBUG
  cargo:rerun-if-env-changed=SKIA_SOURCE_DIR
  cargo:rerun-if-env-changed=FORCE_SKIA_BUILD
  cargo:rerun-if-env-changed=FORCE_SKIA_BINARIES_DOWNLOAD
  TRYING TO DOWNLOAD AND INSTALL SKIA BINARIES: 0.98.1/b5756d8613bf27909a64-x86_64-pc-windows-msvc-gl-jpegd-jpege-svg-textlayout-vulkan-webpd-webpe
  cargo:rerun-if-env-changed=SKIA_BINARIES_URL
    FROM: https://github.com/marc2332/rust-skia/releases/download/0.98.1/skia-binaries-b5756d8613bf27909a64-x86_64-pc-windows-msvc-gl-jpegd-jpege-svg-textlayout-vulkan-webpd-webpe.tar.gz
  DOWNLOAD AND INSTALL FAILED: curl error code: "3"
  curl stderr: "curl: (3) URL using bad/illegal format or missing URL\r\n"
  STARTING A FULL BUILD
  HOST: x86_64-pc-windows-msvc
  cargo:rerun-if-env-changed=CLANGCC
  cargo:rerun-if-env-changed=CC
  cargo:rerun-if-env-changed=CLANGCXX
  cargo:rerun-if-env-changed=CXX
  cargo:rerun-if-env-changed=OPT_LEVEL
  cargo:rerun-if-env-changed=SKIA_USE_SYSTEM_LIBRARIES
  cargo:rerun-if-env-changed=SDKTARGETSYSROOT
  cargo:rerun-if-env-changed=SDKROOT
  cargo:rerun-if-env-changed=VCINSTALLDIR
  cargo:rerun-if-env-changed=LLVM_HOME
  cargo:rerun-if-env-changed=USERPROFILE

  --- stderr
  Checking for "C:\\Program Files\\LLVM\\bin\\clang-cl.exe"
  Checking for "C:\\LLVM\\bin\\clang-cl.exe"
  Checking for "C:\\Users\\M.Pertsev\\scoop\\apps\\llvm\\current\\bin\\clang-cl.exe"

  thread 'main' (30396) panicked at C:\Users\M.Pertsev\.cargo\registry\src\index.crates.io-1949cf8c6b5b557f\freya-skia-bindings-0.98.1\build_support\platform\windows.rs:40:13:
  Unable to locate LLVM installation
  note: run with `RUST_BACKTRACE=1` environment variable to display a backtrace
warning: build failed, waiting for other jobs to finish...
