### rustup run 1.96.1 cargo bundle --release --format msi (cwd=C:\Users\M.Pertsev\Desktop\workspace\OSS\rust-gui-desktop-ecosystem-state\apps\tauri-app timeout=1800s timed_out=False exit=1)

--- stderr ---
[1m[33mwarning:[0m No [package.metadata.bundle] section in package "tauri-app"
   Compiling tauri-app v0.1.0 (C:\Users\M.Pertsev\Desktop\workspace\OSS\rust-gui-desktop-ecosystem-state\apps\tauri-app)
   Compiling tauri v2.11.5
error: failed to run custom build command for `tauri-app v0.1.0 (C:\Users\M.Pertsev\Desktop\workspace\OSS\rust-gui-desktop-ecosystem-state\apps\tauri-app)`

Caused by:
  process didn't exit successfully: `C:\Users\M.Pertsev\Desktop\workspace\OSS\rust-gui-desktop-ecosystem-state\apps\tauri-app\target\release\build\tauri-app-f95adede08b0c9ef\build-script-build` (exit code: 1)
  --- stdout
  cargo:rerun-if-env-changed=TAURI_CONFIG
  cargo:rustc-check-cfg=cfg(desktop)
  cargo:rustc-cfg=desktop
  cargo:rustc-check-cfg=cfg(mobile)
  cargo:rerun-if-changed=C:\Users\M.Pertsev\Desktop\workspace\OSS\rust-gui-desktop-ecosystem-state\apps\tauri-app\tauri.conf.json
  cargo:rustc-env=TAURI_ANDROID_PACKAGE_NAME_APP_NAME=tauriapp
  cargo:rustc-env=TAURI_ANDROID_PACKAGE_NAME_PREFIX=org_rcn
  cargo:rustc-check-cfg=cfg(dev)
  cargo:rustc-cfg=dev
  cargo:PERMISSION_FILES_PATH=C:\Users\M.Pertsev\Desktop\workspace\OSS\rust-gui-desktop-ecosystem-state\apps\tauri-app\target\release\build\tauri-app-8e12e5feaff168ea\out\app-manifest\__app__-permission-files
  cargo:rerun-if-changed=capabilities
  cargo:rerun-if-env-changed=REMOVE_UNUSED_COMMANDS
  cargo:rustc-env=TAURI_ENV_TARGET_TRIPLE=x86_64-pc-windows-msvc
  package.metadata does not exist
  `icons/icon.ico` not found; required for generating a Windows Resource file during tauri-build
warning: build failed, waiting for other jobs to finish...
[1m[31merror:[0m[1m Result of `cargo build` operation was unsuccessful: exit code: 101
[0m<disabled>

