   Compiling proc-macro2 v1.0.106
   Compiling quote v1.0.46
   Compiling unicode-ident v1.0.24
   Compiling bitflags v2.13.0
   Compiling objc2-encode v4.1.0
   Compiling autocfg v1.5.1
   Compiling libm v0.2.16
   Compiling smallvec v1.15.2
   Compiling cfg_aliases v0.2.1
   Compiling cfg-if v1.0.4
   Compiling libc v0.2.186
   Compiling foldhash v0.2.0
   Compiling objc2 v0.6.4
   Compiling zerocopy v0.8.53
   Compiling arrayvec v0.7.8
   Compiling stable_deref_trait v1.2.1
   Compiling thiserror v2.0.18
   Compiling log v0.4.33
   Compiling hashbrown v0.17.1
   Compiling num-traits v0.2.19
   Compiling hashbrown v0.16.1
   Compiling objc-sys v0.3.5
   Compiling once_cell v1.21.4
   Compiling parking_lot_core v0.9.12
   Compiling raw-window-handle v0.6.2
   Compiling scopeguard v1.2.0
   Compiling writeable v0.6.3
   Compiling lock_api v0.4.14
   Compiling core-foundation-sys v0.8.7
   Compiling litemap v0.8.2
   Compiling polycool v0.4.0
   Compiling naga v29.0.4
   Compiling crc32fast v1.5.0
   Compiling equivalent v1.0.2
   Compiling icu_normalizer_data v2.2.0
   Compiling unicode-width v0.2.2
   Compiling bit-vec v0.9.1
   Compiling profiling v1.0.18
   Compiling simd-adler32 v0.3.9
   Compiling icu_properties_data v2.2.0
   Compiling utf8_iter v1.0.4
   Compiling bit-set v0.9.1
   Compiling objc2-core-foundation v0.3.2
   Compiling block2 v0.6.2
   Compiling syn v2.0.118
   Compiling codespan-reporting v0.13.1
   Compiling objc2-foundation v0.3.2
   Compiling indexmap v2.14.0
   Compiling kurbo v0.13.1
   Compiling adler2 v2.0.1
   Compiling linebender_resource_handle v0.1.1
   Compiling version_check v0.9.5
   Compiling uuid v1.23.4
   Compiling hexf-parse v0.2.1
   Compiling dispatch v0.2.0
   Compiling rustc-hash v1.1.0
   Compiling objc2 v0.5.2
   Compiling ahash v0.8.12
   Compiling accesskit v0.24.1
   Compiling euclid v0.22.14
   Compiling miniz_oxide v0.8.9
   Compiling synstructure v0.13.2
   Compiling parking_lot v0.12.5
   Compiling block2 v0.5.1
   Compiling objc2-metal v0.3.2
   Compiling objc2-foundation v0.2.2
   Compiling guillotiere v0.7.0
   Compiling core-foundation v0.9.4
   Compiling wgpu-hal v29.0.4
   Compiling fearless_simd v0.4.1
   Compiling unicode-general-category v1.1.0
   Compiling bytemuck_derive v1.10.2
   Compiling zerofrom-derive v0.1.7
   Compiling zerocopy-derive v0.8.53
   Compiling yoke-derive v0.8.2
   Compiling zerovec-derive v0.11.3
   Compiling thiserror-impl v2.0.18
   Compiling displaydoc v0.2.6
   Compiling bytemuck v1.25.0
   Compiling foreign-types-macros v0.2.3
   Compiling zerofrom v0.1.8
   Compiling bitflags v1.3.2
   Compiling foreign-types-shared v0.3.1
   Compiling flate2 v1.1.9
   Compiling core-graphics-types v0.1.3
   Compiling foreign-types v0.5.0
   Compiling winit v0.30.13
   Compiling color v0.3.3
   Compiling font-types v0.11.3
   Compiling wgpu-types v29.0.4
   Compiling peniko v0.6.1
   Compiling yoke v0.8.3
   Compiling read-fonts v0.39.2
   Compiling objc2-quartz-core v0.3.2
   Compiling objc2-app-kit v0.2.2
   Compiling emath v0.35.0
   Compiling raw-window-metal v1.1.0
   Compiling tracing-core v0.1.36
   Compiling zune-core v0.5.1
   Compiling pin-project-lite v0.2.17
   Compiling ecolor v0.35.0
   Compiling tracing v0.1.44
   Compiling zune-jpeg v0.5.15
   Compiling fdeflate v0.3.7
   Compiling wgpu-core v29.0.4
   Compiling self_cell v1.2.2
   Compiling dpi v0.1.2
   Compiling pxfm v0.1.30
   Compiling nohash-hasher v0.2.0
   Compiling epaint_default_fonts v0.35.0
   Compiling vello_common v0.0.9
   Compiling cursor-icon v1.2.0
   Compiling litrs v1.0.0
   Compiling quick-error v2.0.1
   Compiling weezl v0.1.12
   Compiling either v1.16.0
   Compiling unicode-segmentation v1.13.3
   Compiling fax v0.2.7
   Compiling percent-encoding v2.3.2
   Compiling smol_str v0.2.2
   Compiling form_urlencoded v1.2.2
   Compiling vello_cpu v0.0.9
   Compiling document-features v0.2.12
   Compiling itertools v0.14.0
   Compiling core-graphics v0.23.2
   Compiling png v0.18.1
   Compiling moxcms v0.8.1
   Compiling zerovec v0.11.6
   Compiling zerotrie v0.2.4
   Compiling skrifa v0.42.1
   Compiling harfrust v0.7.0
   Compiling half v2.7.1
   Compiling tiff v0.11.3
   Compiling accesskit_consumer v0.37.0
   Compiling tinystr v0.8.3
   Compiling icu_locale_core v2.2.0
   Compiling potential_utf v0.1.5
   Compiling icu_collections v2.2.0
   Compiling icu_provider v2.2.0
   Compiling icu_normalizer v2.2.0
   Compiling icu_properties v2.2.0
   Compiling epaint v0.35.0
   Compiling objc2-core-graphics v0.3.2
   Compiling wgpu v29.0.4
   Compiling idna_adapter v1.2.2
   Compiling idna v1.1.0
   Compiling byteorder-lite v0.1.0
   Compiling url v2.5.8
   Compiling image v0.25.10
   Compiling egui v0.35.0
   Compiling objc2-app-kit v0.3.2
   Compiling accesskit_macos v0.26.2
   Compiling wgpu-naga-bridge v29.0.4
   Compiling core-foundation v0.10.1
   Compiling rustc-hash v2.1.3
   Compiling static_assertions v1.1.0
   Compiling web-time v1.1.0
   Compiling type-map v0.5.1
   Compiling arboard v3.6.1
   Compiling wgpu-core-deps-apple v29.0.4
   Compiling webbrowser v1.2.1
   Compiling accesskit_winit v0.32.2
   Compiling egui-winit v0.35.0
   Compiling pollster v0.4.0
   Compiling egui-wgpu v0.35.0
   Compiling eframe v0.35.0
   Compiling egui-board v0.1.0 (/Users/mpl4/Desktop/workspace/self_learning/rust/gui-ecosystem-research/apps/egui-board)
    Finished `release` profile [optimized] target(s) in 24.56s
