   Compiling proc-macro2 v1.0.107
   Compiling unicode-ident v1.0.24
   Compiling quote v1.0.47
   Compiling serde_core v1.0.229
   Compiling serde v1.0.229
   Compiling libc v0.2.189
   Compiling objc2-encode v4.1.0
   Compiling libm v0.2.16
   Compiling objc2 v0.6.4
   Compiling cfg-if v1.0.4
   Compiling once_cell v1.21.4
   Compiling arrayvec v0.7.8
   Compiling cfg_aliases v0.2.2
   Compiling pin-project-lite v0.2.17
   Compiling stable_deref_trait v1.2.1
   Compiling log v0.4.33
   Compiling memchr v2.8.3
   Compiling equivalent v1.0.2
   Compiling version_check v0.9.5
   Compiling autocfg v1.5.1
   Compiling allocator-api2 v0.2.21
   Compiling raw-window-handle v0.6.2
   Compiling num-traits v0.2.19
   Compiling futures-core v0.3.33
   Compiling polycool v0.4.0
   Compiling writeable v0.6.3
   Compiling litemap v0.8.2
   Compiling foldhash v0.2.0
   Compiling thiserror v2.0.19
   Compiling hashbrown v0.16.1
   Compiling simd-adler32 v0.3.10
   Compiling crc32fast v1.5.0
   Compiling futures-sink v0.3.33
   Compiling parking_lot_core v0.9.12
   Compiling zerocopy v0.8.55
   Compiling adler2 v2.0.1
   Compiling block2 v0.6.2
   Compiling miniz_oxide v0.8.9
   Compiling syn v3.0.3
   Compiling syn v2.0.119
   Compiling futures-channel v0.3.33
   Compiling tracing-core v0.1.36
   Compiling scopeguard v1.2.0
   Compiling paste v1.0.15
   Compiling core_maths v0.1.1
   Compiling core-foundation-sys v0.8.7
   Compiling bitflags v2.13.1
   Compiling core-foundation v0.10.1
   Compiling malloc_buf v0.0.6
   Compiling objc2-core-foundation v0.3.2
   Compiling lock_api v0.4.14
   Compiling tracing v0.1.44
   Compiling naga v27.0.3
   Compiling hashbrown v0.17.1
   Compiling flate2 v1.1.9
   Compiling foreign-types-shared v0.3.1
   Compiling slab v0.4.12
   Compiling futures-io v0.3.33
   Compiling unicode-width v0.2.2
   Compiling futures-task v0.3.33
   Compiling bit-vec v0.8.0
   Compiling core-graphics-types v0.2.0
   Compiling objc v0.2.7
   Compiling bit-set v0.8.0
   Compiling codespan-reporting v0.12.0
   Compiling synstructure v0.13.2
   Compiling indexmap v2.14.0
   Compiling ttf-parser v0.25.1
   Compiling fdeflate v0.3.7
   Compiling slotmap v1.1.1
   Compiling serde_derive v1.0.229
   Compiling displaydoc v0.2.7
   Compiling objc2-foundation v0.3.2
   Compiling thiserror-impl v2.0.19
   Compiling objc2-core-graphics v0.3.2
   Compiling objc2-core-text v0.3.2
   Compiling foreign-types-macros v0.2.4
   Compiling wgpu-hal v27.0.4
   Compiling block v0.1.6
   Compiling objc2-core-video v0.3.2
   Compiling hexf-parse v0.2.1
   Compiling itoa v1.0.18
   Compiling rustc-hash v1.1.0
   Compiling foreign-types v0.5.0
   Compiling smol_str v0.3.6
   Compiling serde_bytes v0.11.19
   Compiling memmap2 v0.9.11
   Compiling profiling v1.0.18
   Compiling float-cmp v0.9.0
   Compiling strict-num v0.1.1
   Compiling dispatch2 v0.3.1
   Compiling bytemuck_derive v1.11.0
   Compiling zerofrom-derive v0.1.7
   Compiling yoke-derive v0.8.2
   Compiling zerovec-derive v0.11.3
   Compiling zerocopy-derive v0.8.55
   Compiling futures-macro v0.3.33
   Compiling wgpu-core v27.0.3
   Compiling bytemuck v1.25.2
   Compiling icu_properties_data v2.2.0
   Compiling zerofrom v0.1.8
   Compiling futures-util v0.3.33
   Compiling utf8_iter v1.0.4
   Compiling metal v0.32.0
   Compiling icu_normalizer_data v2.2.0
   Compiling bitflags v1.3.2
   Compiling tinyvec_macros v0.1.1
   Compiling arrayref v0.3.9
   Compiling base64 v0.22.1
   Compiling bytes v1.12.1
   Compiling litrs v1.0.0
   Compiling tinyvec v1.12.0
   Compiling document-features v0.2.12
   Compiling png v0.17.16
   Compiling wgpu-types v27.0.1
   Compiling yoke v0.8.3
   Compiling objc2-quartz-core v0.3.2
   Compiling smallvec v1.15.2
   Compiling keyboard-types v0.8.3
   Compiling kurbo v0.13.1
   Compiling parking_lot v0.12.5
   Compiling objc2-cloud-kit v0.3.2
   Compiling objc2-core-image v0.3.2
   Compiling objc2-core-data v0.3.2
   Compiling cursor-icon v1.2.0
   Compiling dpi v0.1.2 (https://github.com/lapce/winit?rev=133268de675a4fda70816d78a7a1435eb972fea1#133268de)
   Compiling font-types v0.10.1
   Compiling objc2-app-kit v0.3.2
   Compiling linebender_resource_handle v0.1.1
   Compiling floem-winit-core v25.10.0 (https://github.com/lapce/winit?rev=133268de675a4fda70816d78a7a1435eb972fea1#133268de)
   Compiling font-types v0.12.2
   Compiling tiny-skia-path v0.11.4
   Compiling read-fonts v0.35.0
   Compiling mio v1.2.2
   Compiling read-fonts v0.41.0
   Compiling socket2 v0.6.5
   Compiling zerovec v0.11.6
   Compiling zerotrie v0.2.4
   Compiling floem-winit-common v25.10.0 (https://github.com/lapce/winit?rev=133268de675a4fda70816d78a7a1435eb972fea1#133268de)
   Compiling generic-array v0.14.7
   Compiling floem-winit v25.10.0 (https://github.com/lapce/winit?rev=133268de675a4fda70816d78a7a1435eb972fea1#133268de)
   Compiling wgpu v27.0.1
   Compiling quick-error v2.0.1
   Compiling zune-core v0.5.1
   Compiling unicode-properties v0.1.4
   Compiling half v2.7.1
   Compiling siphasher v1.0.3
   Compiling byteorder-lite v0.1.0
   Compiling unicode-ccc v0.4.0
   Compiling objc-sys v0.3.5
   Compiling unicode-script v0.5.8
   Compiling unicode-bidi-mirroring v0.4.0
   Compiling image-webp v0.2.4
   Compiling svgtypes v0.16.1
   Compiling rustybuzz v0.20.1
   Compiling zune-jpeg v0.5.15
   Compiling tinystr v0.8.3
   Compiling potential_utf v0.1.5
   Compiling icu_locale_core v2.2.0
   Compiling icu_collections v2.2.0
   Compiling tokio v1.53.1
   Compiling fontdb v0.23.0
   Compiling http v1.5.0
   Compiling icu_provider v2.2.0
   Compiling roxmltree v0.21.1
   Compiling simplecss v0.2.2
   Compiling percent-encoding v2.3.2
   Compiling unicode-vo v0.1.0
   Compiling zeno v0.3.3
   Compiling imagesize v0.14.0
   Compiling data-url v0.3.2
   Compiling skrifa v0.44.0
   Compiling static_assertions v1.1.0
   Compiling pico-args v0.5.0
   Compiling xmlwriter v0.1.0
   Compiling color_quant v1.1.0
   Compiling unicode-bidi v0.3.18
   Compiling yazi v0.2.1
   Compiling typenum v1.20.1
   Compiling weezl v0.1.12
   Compiling gif v0.14.2
   Compiling usvg v0.46.0
   Compiling fontique v0.7.0
   Compiling swash v0.2.10
   Compiling harfrust v0.3.2
   Compiling wgpu-core-deps-apple v27.0.0
   Compiling skrifa v0.37.0
   Compiling http-body v1.1.0
   Compiling icu_properties v2.2.0
   Compiling icu_normalizer v2.2.0
   Compiling tiny-skia v0.11.4
   Compiling futures-executor v0.3.33
   Compiling color v0.3.3
   Compiling rgb v0.8.53
   Compiling floem-winit-appkit v25.10.0 (https://github.com/lapce/winit?rev=133268de675a4fda70816d78a7a1435eb972fea1#133268de)
   Compiling aho-corasick v1.1.5
   Compiling dpi v0.1.2
   Compiling crossbeam-utils v0.8.22
   Compiling unicode-segmentation v1.13.3
   Compiling regex-syntax v0.8.11
   Compiling foldhash v0.1.5
   Compiling zmij v1.0.23
   Compiling anyhow v1.0.104
   Compiling httparse v1.10.1
   Compiling regex-automata v0.4.16
   Compiling hashbrown v0.15.5
   Compiling resvg v0.46.0
   Compiling peniko v0.6.1
   Compiling futures v0.3.33
   Compiling objc2 v0.5.2
   Compiling parley v0.7.0
   Compiling idna_adapter v1.2.2
   Compiling form_urlencoded v1.2.2
   Compiling tower-service v0.3.3
   Compiling try-lock v0.2.5
   Compiling pxfm v0.1.30
   Compiling serde_json v1.0.151
   Compiling heck v0.5.0
   Compiling strum_macros v0.28.0
   Compiling floem_renderer v0.2.0 (https://github.com/lapce/floem?rev=778bb5f2aa08429e579ee2e6ac97e84fbf18b618#778bb5f2)
   Compiling regex v1.13.1
   Compiling objc2-foundation v0.2.2
   Compiling moxcms v0.8.1
   Compiling want v0.3.1
   Compiling idna v1.1.0
   Compiling fontdue v0.9.4
   Compiling ui-events v0.3.0
   Compiling block-buffer v0.10.4
   Compiling crypto-common v0.1.7
   Compiling safe_arch v0.7.4
   Compiling png v0.18.1
   Compiling enum-ordinalize-derive v4.4.2
   Compiling euclid v0.22.14
   Compiling sync_wrapper v1.0.2
   Compiling rfd v0.17.2
   Compiling bitmaps v3.2.1
   Compiling tower-layer v0.3.3
   Compiling rand_core v0.9.5
   Compiling either v1.17.0
   Compiling rect_packer v0.2.1
   Compiling bytecount v0.6.9
   Compiling atomic-waker v1.1.2
   Compiling itertools v0.14.0
   Compiling hyper v1.11.0
   Compiling lapce-xi-rope v0.4.0
   Compiling imbl-sized-chunks v0.1.3
   Compiling image v0.25.10
   Compiling floem-vger v0.3.2 (https://github.com/lapce/vger-rs?rev=54ab8135d9d870a4ac2b84fc6b9846b3b03ec919#54ab8135)
   Compiling rand_xoshiro v0.7.0
   Compiling tower v0.5.3
   Compiling enum-ordinalize v4.4.2
   Compiling digest v0.10.7
   Compiling wide v0.7.33
   Compiling crossbeam-channel v0.5.16
   Compiling url v2.5.8
   Compiling objc2-app-kit v0.2.2
   Compiling strum v0.28.0
   Compiling keyboard-types v0.7.0
   Compiling understory_index v0.0.1 (https://github.com/jrmoulton/understory?rev=2c2abb8c4bd9#2c2abb8c)
   Compiling softbuffer v0.4.8
   Compiling cpufeatures v0.2.17
   Compiling grid v1.0.1
   Compiling rustc-hash v2.1.3
   Compiling ryu v1.0.23
   Compiling ipnet v2.12.1
   Compiling archery v1.2.2
   Compiling hyper-util v0.1.20
   Compiling imbl v7.0.1
   Compiling serde_urlencoded v0.7.1
   Compiling taffy v0.9.2
   Compiling floem_tiny_skia_renderer v0.2.0 (https://github.com/lapce/floem?rev=778bb5f2aa08429e579ee2e6ac97e84fbf18b618#778bb5f2)
   Compiling sha2 v0.10.9
   Compiling muda v0.17.2
   Compiling understory_box_tree v0.0.1 (https://github.com/jrmoulton/understory?rev=2c2abb8c4bd9#2c2abb8c)
   Compiling floem-editor-core v0.2.0 (https://github.com/lapce/floem?rev=778bb5f2aa08429e579ee2e6ac97e84fbf18b618#778bb5f2)
   Compiling tower-http v0.6.11
   Compiling copypasta v0.10.2
   Compiling educe v0.6.0
   Compiling floem_vger_renderer v0.2.0 (https://github.com/lapce/floem?rev=778bb5f2aa08429e579ee2e6ac97e84fbf18b618#778bb5f2)
   Compiling ui-events-floem-winit v0.2.0 (https://github.com/lapce/floem?rev=778bb5f2aa08429e579ee2e6ac97e84fbf18b618#778bb5f2)
   Compiling http-body-util v0.1.4
   Compiling tokio-util v0.7.19
   Compiling understory_focus v0.1.0 (https://github.com/jrmoulton/understory?rev=2c2abb8c4bd9#2c2abb8c)
   Compiling understory_event_state v0.1.0 (https://github.com/jrmoulton/understory?rev=2c2abb8c4bd9#2c2abb8c)
   Compiling floem_reactive v0.2.0 (https://github.com/lapce/floem?rev=778bb5f2aa08429e579ee2e6ac97e84fbf18b618#778bb5f2)
   Compiling understory_virtual_list v0.1.0 (https://github.com/jrmoulton/understory?rev=2c2abb8c4bd9#2c2abb8c)
   Compiling reqwest v0.12.24
   Compiling floem v0.2.0 (https://github.com/lapce/floem?rev=778bb5f2aa08429e579ee2e6ac97e84fbf18b618#778bb5f2)
   Compiling floem-fetch v0.1.0 (/Users/mpl4/Desktop/workspace/self_learning/rust/gui-ecosystem-research/apps/floem-fetch)
    Finished `release` profile [optimized] target(s) in 47.63s
warning: the following packages contain code that will be rejected by a future version of Rust: block v0.1.6
note: to see what the problems were, use the option `--future-incompat-report`, or run `cargo report future-incompatibilities --id 1`
real 47.66
user 433.74
sys 15.79
