   Compiling proc-macro2 v1.0.107
   Compiling unicode-ident v1.0.24
   Compiling quote v1.0.47
   Compiling libc v0.2.189
   Compiling serde_core v1.0.229
   Compiling cfg-if v1.0.4
   Compiling serde v1.0.229
   Compiling arrayvec v0.7.8
   Compiling libm v0.2.16
   Compiling log v0.4.33
   Compiling objc2-encode v4.1.0
   Compiling autocfg v1.5.1
   Compiling objc2 v0.6.4
   Compiling bitflags v1.3.2
   Compiling version_check v0.9.5
   Compiling memchr v2.8.3
   Compiling shlex v2.0.1
   Compiling num-traits v0.2.19
   Compiling find-msvc-tools v0.1.9
   Compiling thiserror v2.0.19
   Compiling cfg_aliases v0.2.2
   Compiling paste v1.0.15
   Compiling simd-adler32 v0.3.10
   Compiling zerocopy v0.8.55
   Compiling equivalent v1.0.2
   Compiling crossbeam-utils v0.8.22
   Compiling crc32fast v1.5.0
   Compiling syn v2.0.119
   Compiling syn v3.0.3
   Compiling block2 v0.6.2
   Compiling adler2 v2.0.1
   Compiling miniz_oxide v0.8.9
   Compiling jobserver v0.1.35
   Compiling malloc_buf v0.0.6
   Compiling cc v1.4.0
   Compiling once_cell v1.21.4
   Compiling allocator-api2 v0.2.21
   Compiling core_maths v0.1.1
   Compiling block v0.1.6
   Compiling raw-window-handle v0.6.2
   Compiling scopeguard v1.2.0
   Compiling crossbeam-epoch v0.9.20
   Compiling lock_api v0.4.14
   Compiling polycool v0.4.0
   Compiling bitflags v2.13.1
   Compiling core-foundation-sys v0.8.7
   Compiling crossbeam-deque v0.8.7
   Compiling foldhash v0.2.0
   Compiling dispatch2 v0.3.1
   Compiling core-foundation v0.10.1
   Compiling hashbrown v0.16.1
   Compiling serde_derive v1.0.229
   Compiling thiserror-impl v2.0.19
   Compiling objc2-core-foundation v0.3.2
   Compiling objc_exception v0.1.2
   Compiling rayon-core v1.13.0
   Compiling flate2 v1.1.9
   Compiling core-graphics-types v0.2.0
   Compiling num-integer v0.1.46
   Compiling bytemuck_derive v1.11.0
   Compiling zerocopy-derive v0.8.55
   Compiling profiling-procmacros v1.0.18
   Compiling equator-macro v0.4.2
   Compiling profiling v1.0.18
   Compiling fdeflate v0.3.7
   Compiling pin-project-lite v0.2.17
   Compiling anyhow v1.0.104
   Compiling lazy_static v1.5.0
   Compiling parking_lot_core v0.9.12
   Compiling either v1.17.0
   Compiling equator v0.4.2
   Compiling bytemuck v1.25.2
   Compiling objc2-foundation v0.3.2
   Compiling objc2-core-text v0.3.2
   Compiling objc v0.2.7
   Compiling objc2-core-graphics v0.3.2
   Compiling num-bigint v0.4.8
   Compiling quick-error v2.0.1
   Compiling foreign-types-macros v0.2.4
   Compiling naga v27.0.3
   Compiling futures-core v0.3.33
   Compiling hashbrown v0.17.1
   Compiling foreign-types-shared v0.3.1
   Compiling stable_deref_trait v1.2.1
   Compiling bit-vec v0.8.0
   Compiling weezl v0.1.12
   Compiling zune-core v0.5.1
   Compiling num-rational v0.4.2
   Compiling unicode-width v0.2.2
   Compiling futures-sink v0.3.33
   Compiling indexmap v2.14.0
   Compiling aligned-vec v0.6.4
   Compiling codespan-reporting v0.12.0
   Compiling v_frame v0.3.9
   Compiling zune-jpeg v0.5.15
   Compiling bit-set v0.8.0
   Compiling symphonia-core v0.5.5
   Compiling rgb v0.8.53
   Compiling as-slice v0.2.1
   Compiling foreign-types v0.5.0
   Compiling objc2-core-video v0.3.2
   Compiling rayon v1.12.0
   Compiling ttf-parser v0.25.1
   Compiling wgpu-hal v27.0.4
   Compiling slotmap v1.1.1
   Compiling encoding_rs v0.8.35
   Compiling av-scenechange v0.14.1
   Compiling color_quant v1.1.0
   Compiling core-foundation-sys v0.7.0
   Compiling hexf-parse v0.2.1
   Compiling built v0.8.1
   Compiling tracing-core v0.1.36
   Compiling byteorder-lite v0.1.0
   Compiling smallvec v1.15.2
   Compiling keyboard-types v0.8.3
   Compiling kurbo v0.13.1
   Compiling rustc-hash v1.1.0
   Compiling metal v0.32.0
   Compiling parking_lot v0.12.5
   Compiling rav1e v0.8.1
   Compiling tracing v0.1.44
   Compiling symphonia-metadata v0.5.5
   Compiling image-webp v0.2.4
   Compiling dpi v0.1.2 (https://github.com/lapce/winit?rev=133268de675a4fda70816d78a7a1435eb972fea1#133268de)
   Compiling cursor-icon v1.2.0
   Compiling gif v0.14.2
   Compiling aligned v0.4.3
   Compiling half v2.7.1
   Compiling wgpu-types v27.0.1
   Compiling font-types v0.10.1
   Compiling itertools v0.14.0
   Compiling arg_enum_proc_macro v0.3.4
   Compiling serde_bytes v0.11.19
   Compiling smol_str v0.3.6
   Compiling memmap2 v0.9.11
   Compiling no_std_io2 v0.9.4
   Compiling nom v8.0.0
   Compiling pulp v0.22.3
   Compiling float-cmp v0.9.0
   Compiling y4m v0.8.0
   Compiling pastey v0.1.1
   Compiling strict-num v0.1.1
   Compiling bitstream-io v4.10.0
   Compiling floem-winit-core v25.10.0 (https://github.com/lapce/winit?rev=133268de675a4fda70816d78a7a1435eb972fea1#133268de)
   Compiling linebender_resource_handle v0.1.1
   Compiling read-fonts v0.35.0
   Compiling maybe-rayon v0.1.1
   Compiling num-complex v0.4.6
   Compiling font-types v0.12.2
   Compiling num-derive v0.4.2
   Compiling displaydoc v0.2.7
   Compiling simd_helpers v0.1.0
   Compiling wgpu-core v27.0.3
   Compiling pulp-wasm-simd-flag v0.1.1
   Compiling tinyvec_macros v0.1.1
   Compiling reborrow v0.5.5
   Compiling litrs v1.0.0
   Compiling arrayref v0.3.9
   Compiling new_debug_unreachable v1.0.6
   Compiling imgref v1.12.2
   Compiling noop_proc_macro v0.3.0
   Compiling tinystr v0.8.3
   Compiling loop9 v0.1.5
   Compiling tiny-skia-path v0.11.4
   Compiling av1-grain v0.2.5
   Compiling nasm-rs v0.3.2
   Compiling document-features v0.2.12
   Compiling tinyvec v1.12.0
   Compiling floem-winit-common v25.10.0 (https://github.com/lapce/winit?rev=133268de675a4fda70816d78a7a1435eb972fea1#133268de)
   Compiling read-fonts v0.41.0
   Compiling futures-channel v0.3.33
   Compiling png v0.17.16
   Compiling futures-macro v0.3.33
   Compiling zune-inflate v0.2.54
   Compiling objc2-quartz-core v0.3.2
   Compiling objc2-cloud-kit v0.3.2
   Compiling objc2-core-image v0.3.2
   Compiling objc2-core-data v0.3.2
   Compiling wgpu v27.0.1
   Compiling objc2-app-kit v0.3.2
   Compiling floem-winit v25.10.0 (https://github.com/lapce/winit?rev=133268de675a4fda70816d78a7a1435eb972fea1#133268de)
   Compiling generic-array v0.14.7
   Compiling avif-serialize v0.8.9
   Compiling lebe v0.5.3
   Compiling slab v0.4.12
   Compiling dunce v1.0.5
   Compiling foreign-types-shared v0.1.1
   Compiling siphasher v1.0.3
   Compiling writeable v0.6.3
   Compiling unicode-ccc v0.4.0
   Compiling futures-task v0.3.33
   Compiling pxfm v0.1.30
   Compiling litemap v0.8.2
   Compiling fax v0.2.7
   Compiling unicode-script v0.5.8
   Compiling objc-sys v0.3.5
   Compiling bit_field v0.10.3
   Compiling unicode-properties v0.1.4
   Compiling futures-io v0.3.33
   Compiling unicode-bidi-mirroring v0.4.0
   Compiling wgpu-core-deps-apple v27.0.0
   Compiling rustybuzz v0.20.1
   Compiling futures-util v0.3.33
   Compiling skrifa v0.44.0
   Compiling ravif v0.13.0
   Compiling moxcms v0.8.1
   Compiling exr v1.74.2
   Compiling tiff v0.11.3
   Compiling icu_locale_core v2.2.0
   Compiling svgtypes v0.16.1
   Compiling foreign-types v0.3.2
   Compiling mozjpeg-sys v2.2.3
   Compiling fontdb v0.23.0
   Compiling core-foundation v0.7.0
   Compiling symphonia-utils-xiph v0.5.5
   Compiling qoi v0.4.1
   Compiling png v0.18.1
   Compiling roxmltree v0.21.1
   Compiling simplecss v0.2.2
   Compiling xmlwriter v0.1.0
   Compiling data-url v0.3.2
   Compiling typenum v1.20.1
   Compiling zeno v0.3.3
   Compiling static_assertions v1.1.0
   Compiling unicode-vo v0.1.0
   Compiling imagesize v0.14.0
   Compiling base64 v0.22.1
   Compiling unicode-bidi v0.3.18
   Compiling yazi v0.2.1
   Compiling pico-args v0.5.0
   Compiling usvg v0.46.0
   Compiling swash v0.2.10
   Compiling image v0.25.10
   Compiling core-graphics v0.19.2
   Compiling fontique v0.7.0
   Compiling floem-winit-appkit v25.10.0 (https://github.com/lapce/winit?rev=133268de675a4fda70816d78a7a1435eb972fea1#133268de)
   Compiling futures-executor v0.3.33
   Compiling skrifa v0.37.0
   Compiling harfrust v0.3.2
   Compiling tiny-skia v0.11.4
   Compiling color v0.3.3
   Compiling objc2-core-audio-types v0.3.2
   Compiling aho-corasick v1.1.5
   Compiling regex-syntax v0.8.11
   Compiling rand_core v0.10.1
   Compiling foldhash v0.1.5
   Compiling getrandom v0.4.3
   Compiling unicode-segmentation v1.13.3
   Compiling dpi v0.1.2
   Compiling regex-automata v0.4.16
   Compiling hashbrown v0.15.5
   Compiling objc2-core-audio v0.3.2
   Compiling peniko v0.6.1
   Compiling resvg v0.46.0
   Compiling parley v0.7.0
   Compiling futures v0.3.33
   Compiling objc2 v0.5.2
   Compiling cocoa v0.20.2
   Compiling getrandom v0.2.17
   Compiling heck v0.5.0
   Compiling zmij v1.0.23
   Compiling cfg-if v0.1.10
   Compiling metal v0.18.0
   Compiling strum_macros v0.28.0
   Compiling nanorand v0.7.0
   Compiling floem_renderer v0.2.0 (https://github.com/lapce/floem?rev=778bb5f2aa08429e579ee2e6ac97e84fbf18b618#778bb5f2)
   Compiling objc2-foundation v0.2.2
   Compiling regex v1.13.1
   Compiling objc2-audio-toolbox v0.3.2
   Compiling fontdue v0.9.4
   Compiling ui-events v0.3.0
   Compiling chacha20 v0.10.1
   Compiling crypto-common v0.1.7
   Compiling block-buffer v0.10.4
   Compiling safe_arch v0.7.4
   Compiling enum-ordinalize-derive v4.4.2
   Compiling spin v0.9.9
   Compiling euclid v0.22.14
   Compiling bytecount v0.6.9
   Compiling cpal v0.17.3
   Compiling nokhwa-bindings-macos v0.2.4
   Compiling bitmaps v3.2.1
   Compiling extended v0.1.0
   Compiling bytes v1.12.1
   Compiling rect_packer v0.2.1
   Compiling serde_json v1.0.151
   Compiling rand_core v0.9.5
   Compiling rfd v0.17.2
   Compiling rand_xoshiro v0.7.0
   Compiling imbl-sized-chunks v0.1.3
   Compiling floem-vger v0.3.2 (https://github.com/lapce/vger-rs?rev=54ab8135d9d870a4ac2b84fc6b9846b3b03ec919#54ab8135)
   Compiling enum-ordinalize v4.4.2
   Compiling symphonia-format-riff v0.5.5
   Compiling lapce-xi-rope v0.4.0
   Compiling flume v0.11.1
   Compiling digest v0.10.7
   Compiling wide v0.7.33
   Compiling rand v0.10.2
   Compiling strum v0.28.0
   Compiling objc2-app-kit v0.2.2
   Compiling core-video-sys v0.1.4
   Compiling coreaudio-rs v0.14.2
   Compiling core-media-sys v0.1.2
   Compiling keyboard-types v0.7.0
   Compiling symphonia-codec-vorbis v0.5.5
   Compiling symphonia-format-ogg v0.5.5
   Compiling symphonia-bundle-flac v0.5.5
   Compiling mozjpeg v0.10.13
   Compiling nokhwa-core v0.1.9
   Compiling symphonia-format-isomp4 v0.5.5
   Compiling softbuffer v0.4.8
   Compiling symphonia-bundle-mp3 v0.5.5
   Compiling understory_index v0.0.1 (https://github.com/jrmoulton/understory?rev=2c2abb8c4bd9#2c2abb8c)
   Compiling symphonia-codec-pcm v0.5.5
   Compiling symphonia-codec-aac v0.5.5
   Compiling cocoa-foundation v0.2.1
   Compiling crossbeam-channel v0.5.16
   Compiling cpufeatures v0.2.17
   Compiling mach2 v0.5.0
   Compiling itoa v1.0.18
   Compiling rustc-hash v2.1.3
   Compiling archery v1.2.2
   Compiling dasp_sample v0.11.0
   Compiling grid v1.0.1
   Compiling floem_tiny_skia_renderer v0.2.0 (https://github.com/lapce/floem?rev=778bb5f2aa08429e579ee2e6ac97e84fbf18b618#778bb5f2)
   Compiling imbl v7.0.1
   Compiling taffy v0.9.2
   Compiling muda v0.17.2
   Compiling sha2 v0.10.9
   Compiling symphonia v0.5.5
   Compiling understory_box_tree v0.0.1 (https://github.com/jrmoulton/understory?rev=2c2abb8c4bd9#2c2abb8c)
   Compiling floem-editor-core v0.2.0 (https://github.com/lapce/floem?rev=778bb5f2aa08429e579ee2e6ac97e84fbf18b618#778bb5f2)
   Compiling educe v0.6.0
   Compiling rand_distr v0.6.0
   Compiling copypasta v0.10.2
   Compiling floem_vger_renderer v0.2.0 (https://github.com/lapce/floem?rev=778bb5f2aa08429e579ee2e6ac97e84fbf18b618#778bb5f2)
   Compiling ui-events-floem-winit v0.2.0 (https://github.com/lapce/floem?rev=778bb5f2aa08429e579ee2e6ac97e84fbf18b618#778bb5f2)
   Compiling understory_focus v0.1.0 (https://github.com/jrmoulton/understory?rev=2c2abb8c4bd9#2c2abb8c)
   Compiling understory_event_state v0.1.0 (https://github.com/jrmoulton/understory?rev=2c2abb8c4bd9#2c2abb8c)
   Compiling floem_reactive v0.2.0 (https://github.com/lapce/floem?rev=778bb5f2aa08429e579ee2e6ac97e84fbf18b618#778bb5f2)
   Compiling rtrb v0.3.4
   Compiling understory_virtual_list v0.1.0 (https://github.com/jrmoulton/understory?rev=2c2abb8c4bd9#2c2abb8c)
   Compiling rodio v0.22.2
   Compiling floem v0.2.0 (https://github.com/lapce/floem?rev=778bb5f2aa08429e579ee2e6ac97e84fbf18b618#778bb5f2)
   Compiling nokhwa v0.10.11
   Compiling floem-peek v0.1.0 (/Users/mpl4/Desktop/workspace/self_learning/rust/gui-ecosystem-research/apps/floem-peek)
    Finished `release` profile [optimized] target(s) in 59.33s
warning: the following packages contain code that will be rejected by a future version of Rust: block v0.1.6
note: to see what the problems were, use the option `--future-incompat-report`, or run `cargo report future-incompatibilities --id 1`
real 59.37
user 525.04
sys 21.27
