   Compiling libc v0.2.189
   Compiling proc-macro2 v1.0.107
   Compiling unicode-ident v1.0.24
   Compiling quote v1.0.47
   Compiling bitflags v2.13.1
   Compiling cfg-if v1.0.4
   Compiling objc2-encode v4.1.0
   Compiling autocfg v1.5.1
   Compiling libm v0.2.16
   Compiling objc2 v0.6.4
   Compiling find-msvc-tools v0.1.9
   Compiling shlex v2.0.1
   Compiling log v0.4.33
   Compiling bytemuck v1.25.2
   Compiling crc32fast v1.5.0
   Compiling arrayvec v0.7.8
   Compiling crossbeam-utils v0.8.22
   Compiling num-traits v0.2.19
   Compiling bitflags v1.3.2
   Compiling pin-project-lite v0.2.17
   Compiling either v1.17.0
   Compiling memchr v2.8.3
   Compiling paste v1.0.15
   Compiling once_cell v1.21.4
   Compiling smallvec v1.15.2
   Compiling serde_core v1.0.229
   Compiling itertools v0.14.0
   Compiling futures-core v0.3.33
   Compiling crossbeam-epoch v0.9.20
   Compiling glob v0.3.4
   Compiling clang-sys v1.9.1
   Compiling block2 v0.6.2
   Compiling syn v2.0.119
   Compiling syn v3.0.3
   Compiling crossbeam-deque v0.8.7
   Compiling rustix v1.1.4
   Compiling prettyplease v0.2.37
   Compiling jobserver v0.1.35
   Compiling dispatch2 v0.3.1
   Compiling cc v1.4.0
   Compiling objc2-core-foundation v0.3.2
   Compiling errno v0.3.14
   Compiling aho-corasick v1.1.5
   Compiling zmij v1.0.23
   Compiling parking v2.2.1
   Compiling minimal-lexical v0.2.1
   Compiling rayon-core v1.13.0
   Compiling regex-syntax v0.8.11
   Compiling nom v7.1.3
   Compiling objc2-foundation v0.3.2
   Compiling num-integer v0.1.46
   Compiling tracing-core v0.1.36
   Compiling libloading v0.8.9
   Compiling bindgen v0.72.1
   Compiling anyhow v1.0.104
   Compiling adler2 v2.0.1
   Compiling thiserror v2.0.19
   Compiling scopeguard v1.2.0
   Compiling winnow v1.0.4
   Compiling simd-adler32 v0.3.10
   Compiling serde_json v1.0.151
   Compiling toml_parser v1.1.3+spec-1.1.0
   Compiling miniz_oxide v0.8.9
   Compiling regex-automata v0.4.16
   Compiling equator-macro v0.4.2
   Compiling tracing-attributes v0.1.31
   Compiling cexpr v0.6.0
   Compiling lock_api v0.4.14
   Compiling itertools v0.13.0
   Compiling equator v0.4.2
   Compiling toml_datetime v1.1.1+spec-1.1.0
   Compiling serde_spanned v1.1.1
   Compiling thiserror-impl v2.0.19
   Compiling num-bigint v0.4.8
   Compiling xattr v1.6.1
   Compiling filetime v0.2.29
   Compiling toml_writer v1.1.2+spec-1.1.0
   Compiling rustc-hash v2.1.3
   Compiling shlex v1.3.0
   Compiling tracing v0.1.44
   Compiling objc-sys v0.3.5
   Compiling itoa v1.0.18
   Compiling regex v1.13.1
   Compiling aligned-vec v0.6.4
   Compiling toml v1.1.4+spec-1.1.0
   Compiling tar v0.4.46
   Compiling num-rational v0.4.2
   Compiling flate2 v1.1.9
   Compiling objc2-core-graphics v0.3.2
   Compiling objc2-core-video v0.3.2
   Compiling zerocopy v0.8.55
   Compiling fastrand v2.5.0
   Compiling heck v0.5.0
   Compiling futures-io v0.3.33
   Compiling bytes v1.12.1
   Compiling stable_deref_trait v1.2.1
   Compiling pkg-config v0.3.33
   Compiling as-slice v0.2.1
   Compiling v_frame v0.3.9
   Compiling rayon v1.12.0
   Compiling zerocopy-derive v0.8.55
   Compiling parking_lot_core v0.9.12
   Compiling built v0.8.1
   Compiling core-foundation-sys v0.8.7
   Compiling uuid v1.24.0
   Compiling version_check v0.9.5
   Compiling av-scenechange v0.14.1
   Compiling accesskit v0.24.1
   Compiling pulp v0.22.3
   Compiling rav1e v0.8.1
   Compiling objc2 v0.5.2
   Compiling aligned v0.4.3
   Compiling futures-lite v2.6.1
   Compiling no_std_io2 v0.9.4
   Compiling nom v8.0.0
   Compiling profiling-procmacros v1.0.18
   Compiling arg_enum_proc_macro v0.3.4
   Compiling objc2-core-text v0.3.2
   Compiling y4m v0.8.0
   Compiling pastey v0.1.1
   Compiling quick-error v2.0.1
   Compiling lazy_static v1.5.0
   Compiling android-build v0.1.4
   Compiling maybe-rayon v0.1.1
   Compiling symphonia-core v0.5.5
   Compiling block2 v0.5.1
   Compiling profiling v1.0.18
   Compiling bitstream-io v4.10.0
   Compiling mundy v0.2.3
   Compiling num-derive v0.4.2
   Compiling freya-skia-svg-macros v0.1.0
   Compiling euclid v0.22.14
   Compiling num-complex v0.4.6
   Compiling simd_helpers v0.1.0
   Compiling rgb v0.8.53
   Compiling reborrow v0.5.5
   Compiling imgref v1.12.2
   Compiling hotpath-macros v0.15.1
   Compiling base64 v0.22.1
   Compiling pulp-wasm-simd-flag v0.1.1
   Compiling new_debug_unreachable v1.0.6
   Compiling dispatch v0.2.0
   Compiling percent-encoding v2.3.2
   Compiling cursor-icon v1.2.0
   Compiling freya-skia-bindings v0.98.1
   Compiling av1-grain v0.2.5
   Compiling core-foundation-sys v0.7.0
   Compiling noop_proc_macro v0.3.0
   Compiling weezl v0.1.12
   Compiling zune-core v0.5.1
   Compiling slab v0.4.12
   Compiling hotpath v0.15.1
   Compiling zune-jpeg v0.5.15
   Compiling objc2-foundation v0.2.2
   Compiling loop9 v0.1.5
   Compiling parking_lot v0.12.5
   Compiling futures-macro v0.3.33
   Compiling fdeflate v0.3.7
   Compiling half v2.7.1
   Compiling zune-inflate v0.2.54
   Compiling objc_exception v0.1.2
   Compiling nasm-rs v0.3.2
   Compiling futures-channel v0.3.33
   Compiling avif-serialize v0.8.9
   Compiling pxfm v0.1.30
   Compiling byteorder-lite v0.1.0
   Compiling color_quant v1.1.0
   Compiling bit_field v0.10.3
   Compiling dunce v1.0.5
   Compiling futures-task v0.3.33
   Compiling lebe v0.5.3
   Compiling event-listener v2.5.3
   Compiling fax v0.2.7
   Compiling beul v1.0.0
   Compiling async-watch v0.3.1
   Compiling futures-util v0.3.33
   Compiling mozjpeg-sys v2.2.3
   Compiling gif v0.14.2
   Compiling tiff v0.11.3
   Compiling image-webp v0.2.4
   Compiling objc2-app-kit v0.2.2
   Compiling objc2-metal v0.3.2
   Compiling objc2-cloud-kit v0.3.2
   Compiling objc2-core-data v0.3.2
   Compiling objc2-core-image v0.3.2
   Compiling moxcms v0.8.1
   Compiling exr v1.74.2
   Compiling png v0.18.1
   Compiling ragnarok v0.4.1
   Compiling generational-box v0.7.10
   Compiling torin v0.4.1
   Compiling concurrent-queue v2.5.0
   Compiling qoi v0.4.1
   Compiling keyboard-types v0.8.3
   Compiling encoding_rs v0.8.35
   Compiling pathgraph v0.4.1
   Compiling freya-skia-safe v0.98.1
   Compiling symphonia-metadata v0.5.5
   Compiling event-listener v5.4.2
   Compiling malloc_buf v0.0.6
   Compiling ravif v0.13.0
   Compiling foreign-types-shared v0.1.1
   Compiling foreign-types v0.3.2
   Compiling objc v0.2.7
   Compiling objc2-quartz-core v0.3.2
   Compiling objc2-app-kit v0.3.2
   Compiling freya-engine v0.4.1
   Compiling image v0.25.10
   Compiling event-listener-strategy v0.5.4
   Compiling core-foundation v0.7.0
   Compiling async-io v2.6.0
   Compiling block v0.1.6
   Compiling core-graphics v0.19.2
   Compiling polling v3.11.0
   Compiling core-foundation v0.9.4
   Compiling foreign-types-macros v0.2.4
   Compiling raw-window-handle v0.6.2
   Compiling foldhash v0.2.0
   Compiling atomic-waker v1.1.2
   Compiling foreign-types-shared v0.3.1
   Compiling cfg_aliases v0.2.2
   Compiling piper v0.2.5
   Compiling hashbrown v0.16.1
   Compiling winit v0.30.13
   Compiling foreign-types v0.5.0
   Compiling core-graphics-types v0.1.3
   Compiling cocoa v0.20.2
   Compiling async-channel v2.5.0
   Compiling symphonia-utils-xiph v0.5.5
   Compiling copypasta v0.10.2
   Compiling core-foundation v0.10.1
   Compiling getrandom v0.2.17
   Compiling cfg-if v0.1.10
   Compiling str_indices v0.4.4
   Compiling async-task v4.7.1
   Compiling ropey v1.6.1
   Compiling core-graphics-types v0.2.0
   Compiling blocking v1.6.2
   Compiling nanorand v0.7.0
   Compiling core-graphics v0.23.2
   Compiling accesskit_consumer v0.38.0
   Compiling spin v0.9.9
   Compiling easer v0.3.0
   Compiling objc2-core-audio-types v0.3.2
   Compiling nokhwa-bindings-macos v0.2.4
   Compiling unicode-segmentation v1.13.3
   Compiling getrandom v0.4.3
   Compiling metal v0.18.0
   Compiling dpi v0.1.2
   Compiling futures-sink v0.3.33
   Compiling smol_str v0.2.2
   Compiling rfd v0.17.2
   Compiling rand_core v0.10.1
   Compiling flume v0.11.1
   Compiling core-video-sys v0.1.4
   Compiling objc2-core-audio v0.3.2
   Compiling accesskit_macos v0.26.3
   Compiling cocoa-foundation v0.2.1
   Compiling core-media-sys v0.1.2
   Compiling async-lock v3.4.2
   Compiling accesskit_winit v0.33.2
   Compiling objc2-audio-toolbox v0.3.2
   Compiling chacha20 v0.10.1
   Compiling softbuffer v0.4.8
   Compiling cpal v0.17.3
   Compiling extended v0.1.0
   Compiling symphonia-format-riff v0.5.5
   Compiling coreaudio-rs v0.14.2
   Compiling rand v0.10.2
   Compiling symphonia-format-isomp4 v0.5.5
   Compiling symphonia-bundle-flac v0.5.5
   Compiling symphonia-codec-vorbis v0.5.5
   Compiling symphonia-format-ogg v0.5.5
   Compiling symphonia-bundle-mp3 v0.5.5
   Compiling symphonia-codec-pcm v0.5.5
   Compiling symphonia-codec-aac v0.5.5
   Compiling mach2 v0.5.0
   Compiling dasp_sample v0.11.0
   Compiling symphonia v0.5.5
   Compiling rand_distr v0.6.0
   Compiling rtrb v0.3.4
   Compiling rodio v0.22.2
   Compiling mozjpeg v0.10.13
   Compiling nokhwa-core v0.1.9
   Compiling nokhwa-bindings-linux v0.1.4
   Compiling nokhwa-bindings-windows v0.4.6
   Compiling nokhwa v0.10.11
   Compiling freya-core v0.4.1
   Compiling freya-clipboard v0.4.2
   Compiling freya-sdk v0.4.1
   Compiling freya-animation v0.4.1
   Compiling freya-camera v0.4.1
   Compiling freya-edit v0.4.1
   Compiling freya-components v0.4.1
   Compiling freya-winit v0.4.1
   Compiling freya-performance-plugin v0.4.1
   Compiling freya v0.4.0
   Compiling freya-peek v0.1.0 (/Users/mpl4/Desktop/workspace/self_learning/rust/gui-ecosystem-research/apps/freya-peek)
    Finished `release` profile [optimized] target(s) in 31.78s
warning: the following packages contain code that will be rejected by a future version of Rust: block v0.1.6
note: to see what the problems were, use the option `--future-incompat-report`, or run `cargo report future-incompatibilities --id 1`
real 31.81
user 282.74
sys 17.33
