   Compiling proc-macro2 v1.0.107
   Compiling libc v0.2.189
   Compiling unicode-ident v1.0.24
   Compiling quote v1.0.47
   Compiling bitflags v2.13.1
   Compiling objc2-encode v4.1.0
   Compiling autocfg v1.5.1
   Compiling objc2 v0.6.4
   Compiling cfg-if v1.0.4
   Compiling pin-project-lite v0.2.17
   Compiling crc32fast v1.5.0
   Compiling crossbeam-utils v0.8.22
   Compiling memchr v2.8.3
   Compiling serde_core v1.0.229
   Compiling glob v0.3.4
   Compiling prettyplease v0.2.37
   Compiling num-traits v0.2.19
   Compiling clang-sys v1.9.1
   Compiling either v1.17.0
   Compiling rustix v1.1.4
   Compiling aho-corasick v1.1.5
   Compiling minimal-lexical v0.2.1
   Compiling regex-syntax v0.8.11
   Compiling block2 v0.6.2
   Compiling once_cell v1.21.4
   Compiling zmij v1.0.23
   Compiling parking v2.2.1
   Compiling tracing-core v0.1.36
   Compiling nom v7.1.3
   Compiling dispatch2 v0.3.1
   Compiling errno v0.3.14
   Compiling regex-automata v0.4.16
   Compiling objc2-core-foundation v0.3.2
   Compiling libloading v0.8.9
   Compiling syn v2.0.119
   Compiling bindgen v0.72.1
   Compiling winnow v1.0.4
   Compiling objc-sys v0.3.5
   Compiling simd-adler32 v0.3.10
   Compiling adler2 v2.0.1
   Compiling paste v1.0.15
   Compiling futures-core v0.3.33
   Compiling serde_json v1.0.151
   Compiling regex v1.13.1
   Compiling itertools v0.13.0
   Compiling objc2-foundation v0.3.2
   Compiling toml_datetime v1.1.1+spec-1.1.0
   Compiling serde_spanned v1.1.1
   Compiling miniz_oxide v0.8.9
   Compiling toml_parser v1.1.3+spec-1.1.0
   Compiling syn v3.0.3
   Compiling cexpr v0.6.0
   Compiling xattr v1.6.1
   Compiling filetime v0.2.29
   Compiling shlex v2.0.1
   Compiling shlex v1.3.0
   Compiling toml_writer v1.1.2+spec-1.1.0
   Compiling rustc-hash v2.1.3
   Compiling log v0.4.33
   Compiling find-msvc-tools v0.1.9
   Compiling itoa v1.0.18
   Compiling smallvec v1.15.2
   Compiling tracing-attributes v0.1.31
   Compiling cc v1.4.0
   Compiling toml v1.1.4+spec-1.1.0
   Compiling tar v0.4.46
   Compiling flate2 v1.1.9
   Compiling objc2-core-video v0.3.2
   Compiling objc2-core-graphics v0.3.2
   Compiling itertools v0.14.0
   Compiling pkg-config v0.3.33
   Compiling crossbeam-epoch v0.9.20
   Compiling fastrand v2.5.0
   Compiling futures-io v0.3.33
   Compiling heck v0.5.0
   Compiling objc2 v0.5.2
   Compiling crossbeam-deque v0.8.7
   Compiling parking_lot_core v0.9.12
   Compiling tracing v0.1.44
   Compiling uuid v1.24.0
   Compiling futures-lite v2.6.1
   Compiling objc2-core-text v0.3.2
   Compiling accesskit v0.24.1
   Compiling rayon-core v1.13.0
   Compiling block2 v0.5.1
   Compiling dispatch v0.2.0
   Compiling scopeguard v1.2.0
   Compiling android-build v0.1.4
   Compiling lock_api v0.4.14
   Compiling objc2-foundation v0.2.2
   Compiling equator-macro v0.4.2
   Compiling freya-skia-svg-macros v0.1.0
   Compiling mundy v0.2.3
   Compiling euclid v0.22.14
   Compiling slab v0.4.12
   Compiling percent-encoding v2.3.2
   Compiling base64 v0.22.1
   Compiling cursor-icon v1.2.0
   Compiling anyhow v1.0.104
   Compiling hotpath-macros v0.15.1
   Compiling equator v0.4.2
   Compiling futures-macro v0.3.33
   Compiling num-integer v0.1.46
   Compiling hotpath v0.15.1
   Compiling parking_lot v0.12.5
   Compiling futures-channel v0.3.33
   Compiling event-listener v2.5.3
   Compiling beul v1.0.0
   Compiling thiserror v2.0.19
   Compiling futures-task v0.3.33
   Compiling futures-util v0.3.33
   Compiling async-watch v0.3.1
   Compiling generational-box v0.7.10
   Compiling objc2-app-kit v0.2.2
   Compiling num-bigint v0.4.8
   Compiling aligned-vec v0.6.4
   Compiling torin v0.4.1
   Compiling freya-skia-bindings v0.98.1
   Compiling thiserror-impl v2.0.19
   Compiling ragnarok v0.4.1
   Compiling concurrent-queue v2.5.0
   Compiling keyboard-types v0.8.3
   Compiling bytes v1.12.1
   Compiling pathgraph v0.4.1
   Compiling stable_deref_trait v1.2.1
   Compiling arrayvec v0.7.8
   Compiling zerocopy v0.8.55
   Compiling as-slice v0.2.1
   Compiling num-rational v0.4.2
   Compiling v_frame v0.3.9
   Compiling rayon v1.12.0
   Compiling zerocopy-derive v0.8.55
   Compiling objc2-metal v0.3.2
   Compiling objc2-core-data v0.3.2
   Compiling objc2-core-image v0.3.2
   Compiling objc2-cloud-kit v0.3.2
   Compiling event-listener v5.4.2
   Compiling async-io v2.6.0
   Compiling version_check v0.9.5
   Compiling core-foundation-sys v0.8.7
   Compiling bytemuck v1.25.2
   Compiling built v0.8.1
   Compiling av-scenechange v0.14.1
   Compiling libm v0.2.16
   Compiling pulp v0.22.3
   Compiling core-foundation v0.9.4
   Compiling rav1e v0.8.1
   Compiling event-listener-strategy v0.5.4
   Compiling polling v3.11.0
   Compiling aligned v0.4.3
   Compiling no_std_io2 v0.9.4
   Compiling nom v8.0.0
   Compiling foreign-types-macros v0.2.4
   Compiling arg_enum_proc_macro v0.3.4
   Compiling profiling-procmacros v1.0.18
   Compiling pastey v0.1.1
   Compiling bitflags v1.3.2
   Compiling cfg_aliases v0.2.2
   Compiling foldhash v0.2.0
   Compiling quick-error v2.0.1
   Compiling foreign-types-shared v0.3.1
   Compiling y4m v0.8.0
   Compiling raw-window-handle v0.6.2
   Compiling hashbrown v0.16.1
   Compiling foreign-types v0.5.0
   Compiling winit v0.30.13
   Compiling core-graphics-types v0.1.3
   Compiling profiling v1.0.18
   Compiling bitstream-io v4.10.0
   Compiling num-complex v0.4.6
   Compiling av1-grain v0.2.5
   Compiling maybe-rayon v0.1.1
   Compiling copypasta v0.10.2
   Compiling num-derive v0.4.2
   Compiling simd_helpers v0.1.0
   Compiling str_indices v0.4.4
   Compiling noop_proc_macro v0.3.0
   Compiling atomic-waker v1.1.2
   Compiling imgref v1.12.2
   Compiling half v2.7.1
   Compiling weezl v0.1.12
   Compiling new_debug_unreachable v1.0.6
   Compiling pulp-wasm-simd-flag v0.1.1
   Compiling objc2-quartz-core v0.3.2
   Compiling reborrow v0.5.5
   Compiling zune-core v0.5.1
   Compiling loop9 v0.1.5
   Compiling piper v0.2.5
   Compiling zune-jpeg v0.5.15
   Compiling ropey v1.6.1
   Compiling core-graphics v0.23.2
   Compiling accesskit_consumer v0.38.0
   Compiling objc2-app-kit v0.3.2
   Compiling freya-skia-safe v0.98.1
   Compiling async-channel v2.5.0
   Compiling avif-serialize v0.8.9
   Compiling zune-inflate v0.2.54
   Compiling fdeflate v0.3.7
   Compiling easer v0.3.0
   Compiling color_quant v1.1.0
   Compiling pxfm v0.1.30
   Compiling unicode-segmentation v1.13.3
   Compiling rgb v0.8.53
   Compiling smol_str v0.2.2
   Compiling bit_field v0.10.3
   Compiling byteorder-lite v0.1.0
   Compiling lebe v0.5.3
   Compiling async-task v4.7.1
   Compiling rfd v0.17.2
   Compiling fax v0.2.7
   Compiling dpi v0.1.2
   Compiling blocking v1.6.2
   Compiling tiff v0.11.3
   Compiling image-webp v0.2.4
   Compiling gif v0.14.2
   Compiling png v0.18.1
   Compiling moxcms v0.8.1
   Compiling accesskit_macos v0.26.3
   Compiling exr v1.74.2
   Compiling freya-engine v0.4.1
   Compiling async-lock v3.4.2
   Compiling qoi v0.4.1
   Compiling accesskit_winit v0.33.2
   Compiling ravif v0.13.0
   Compiling softbuffer v0.4.8
   Compiling image v0.25.10
   Compiling freya-core v0.4.1
   Compiling freya-clipboard v0.4.2
   Compiling freya-animation v0.4.1
   Compiling freya-sdk v0.4.1
   Compiling freya-edit v0.4.1
   Compiling freya-components v0.4.1
   Compiling freya-winit v0.4.1
   Compiling freya-performance-plugin v0.4.1
   Compiling freya v0.4.0
   Compiling freya-app v0.1.0 (/Users/mpl4/Desktop/workspace/self_learning/rust/gui-ecosystem-research/apps/freya-app)
    Finished `release` profile [optimized] target(s) in 28.31s
real 28.34
user 224.27
sys 12.18
