   Compiling proc-macro2 v1.0.106
   Compiling unicode-ident v1.0.24
   Compiling quote v1.0.46
   Compiling libc v0.2.186
   Compiling cfg-if v1.0.4
   Compiling serde_core v1.0.228
   Compiling bitflags v2.13.0
   Compiling autocfg v1.5.1
   Compiling libm v0.2.16
   Compiling pin-project-lite v0.2.17
   Compiling typeid v1.0.3
   Compiling erased-serde v0.4.10
   Compiling memchr v2.8.2
   Compiling crossbeam-utils v0.8.22
   Compiling futures-core v0.3.32
   Compiling futures-io v0.3.32
   Compiling version_check v0.9.5
   Compiling num-traits v0.2.19
   Compiling core-foundation-sys v0.8.7
   Compiling slab v0.4.12
   Compiling stable_deref_trait v1.2.1
   Compiling arrayvec v0.7.8
   Compiling parking v2.2.1
   Compiling smallvec v1.15.2
   Compiling cfg_aliases v0.2.1
   Compiling generic-array v0.14.7
   Compiling find-msvc-tools v0.1.9
   Compiling once_cell v1.21.4
   Compiling shlex v2.0.1
   Compiling simd-adler32 v0.3.9
   Compiling fastrand v2.4.1
   Compiling cc v1.2.66
   Compiling adler2 v2.0.1
   Compiling atomic-waker v1.1.2
   Compiling zerocopy v0.8.53
   Compiling hashbrown v0.17.1
   Compiling crc32fast v1.5.0
   Compiling futures-sink v0.3.32
   Compiling equivalent v1.0.2
   Compiling miniz_oxide v0.8.9
   Compiling futures-lite v2.6.1
   Compiling aho-corasick v1.1.4
   Compiling itoa v1.0.18
   Compiling syn v2.0.118
   Compiling log v0.4.33
   Compiling rustix v1.1.4
   Compiling regex-syntax v0.8.11
   Compiling zmij v1.0.21
   Compiling bytes v1.12.0
   Compiling regex-automata v0.4.14
   Compiling concurrent-queue v2.5.0
   Compiling serde_fmt v1.1.0
   Compiling indexmap v2.14.0
   Compiling event-listener v5.4.1
   Compiling value-bag-serde1 v1.12.0
   Compiling value-bag v1.12.0
   Compiling either v1.16.0
   Compiling event-listener-strategy v0.5.4
   Compiling futures-channel v0.3.32
   Compiling crossbeam-epoch v0.9.20
   Compiling synstructure v0.13.2
   Compiling errno v0.3.14
   Compiling core-foundation v0.10.0
   Compiling heck v0.5.0
   Compiling thiserror v2.0.18
   Compiling getrandom v0.4.3
   Compiling socket2 v0.6.4
   Compiling mio v1.2.1
   Compiling async-io v2.6.0
   Compiling crossbeam-deque v0.8.7
   Compiling rustversion v1.0.23
   Compiling serde v1.0.228
   Compiling futures-task v0.3.32
   Compiling anyhow v1.0.103
   Compiling serde_derive v1.0.228
   Compiling zerofrom-derive v0.1.7
   Compiling thiserror-impl v2.0.18
   Compiling yoke-derive v0.8.2
   Compiling zerovec-derive v0.11.3
   Compiling zerocopy-derive v0.8.53
   Compiling flate2 v1.1.9
   Compiling zerofrom v0.1.8
   Compiling bytemuck_derive v1.10.2
   Compiling displaydoc v0.2.6
   Compiling futures-macro v0.3.32
   Compiling bytemuck v1.25.0
   Compiling futures-util v0.3.32
   Compiling tokio v1.52.3
   Compiling polling v3.11.0
   Compiling rayon-core v1.13.0
   Compiling objc2 v0.6.4
   Compiling async-task v4.7.1
   Compiling typenum v1.20.1
   Compiling glob v0.3.3
   Compiling clang-sys v1.8.1
   Compiling yoke v0.8.3
   Compiling async-channel v2.5.0
   Compiling ring v0.17.14
   Compiling piper v0.2.5
   Compiling litemap v0.8.2
   Compiling zeroize v1.9.0
   Compiling prettyplease v0.2.37
   Compiling rustc-hash v2.1.3
   Compiling objc2-encode v4.1.0
   Compiling writeable v0.6.3
   Compiling rustls-pki-types v1.15.0
   Compiling blocking v1.6.2
   Compiling strum_macros v0.26.4
   Compiling foreign-types-macros v0.2.3
   Compiling equator-macro v0.4.2
   Compiling async-lock v3.4.2
   Compiling http v1.4.2
   Compiling zerovec v0.11.6
   Compiling zerotrie v0.2.4
   Compiling thiserror v1.0.69
   Compiling icu_properties_data v2.2.0
   Compiling minimal-lexical v0.2.1
   Compiling utf8_iter v1.0.4
   Compiling foreign-types-shared v0.3.1
   Compiling icu_normalizer_data v2.2.0
   Compiling object v0.37.3
   Compiling paste v1.0.15
   Compiling foreign-types v0.5.0
   Compiling nom v7.1.3
   Compiling equator v0.4.2
   Compiling crypto-common v0.1.7
   Compiling block-buffer v0.10.4
   Compiling thiserror-impl v1.0.69
   Compiling tinystr v0.8.3
   Compiling potential_utf v0.1.5
   Compiling icu_collections v2.2.0
   Compiling icu_locale_core v2.2.0
   Compiling num-integer v0.1.46
   Compiling signal-hook-registry v1.4.8
   Compiling core-foundation v0.9.4
   Compiling getrandom v0.2.17
   Compiling icu_provider v2.2.0
   Compiling tracing-core v0.1.36
   Compiling libloading v0.8.9
   Compiling untrusted v0.9.0
   Compiling bitflags v1.3.2
   Compiling httparse v1.10.1
   Compiling bindgen v0.71.1
   Compiling serde_json v1.0.150
   Compiling itertools v0.13.0
   Compiling tracing v0.1.44
   Compiling aligned-vec v0.6.4
   Compiling async-signal v0.2.14
   Compiling num-bigint v0.4.8
   Compiling digest v0.10.7
   Compiling cexpr v0.6.0
   Compiling rayon v1.12.0
   Compiling http-body v1.0.1
   Compiling objc2-core-foundation v0.3.2
   Compiling tokio-util v0.7.18
   Compiling async-executor v1.14.0
   Compiling pin-project-internal v1.1.13
   Compiling cpufeatures v0.2.17
   Compiling euclid v0.22.14
   Compiling regex v1.12.4
   Compiling malloc_buf v0.0.6
   Compiling slotmap v1.1.1
   Compiling bstr v1.12.3
   Compiling half v2.7.1
   Compiling semver v1.0.28
   Compiling rustls v0.23.41
   Compiling shlex v1.3.0
   Compiling same-file v1.0.6
   Compiling block v0.1.6
   Compiling try-lock v0.2.5
   Compiling fnv v1.0.7
   Compiling pin-project v1.1.13
   Compiling h2 v0.4.15
   Compiling want v0.3.1
   Compiling walkdir v2.5.0
   Compiling rustc_version v0.4.1
   Compiling globset v0.4.18
   Compiling objc v0.2.7
   Compiling objc2-foundation v0.3.2
   Compiling sha2 v0.10.9
   Compiling num-rational v0.4.2
   Compiling ar_archive_writer v0.5.2
   Compiling async-process v2.5.0
   Compiling icu_normalizer v2.2.0
   Compiling v_frame v0.3.9
   Compiling rustls-webpki v0.103.13
   Compiling icu_properties v2.2.0
   Compiling toml_datetime v0.6.11
   Compiling serde_spanned v0.6.9
   Compiling block2 v0.6.2
   Compiling profiling-procmacros v1.0.18
   Compiling core-graphics-types v0.2.0
   Compiling security-framework-sys v2.17.0
   Compiling itertools v0.14.0
   Compiling core_maths v0.1.1
   Compiling fdeflate v0.3.7
   Compiling nix v0.31.3
   Compiling as-slice v0.2.1
   Compiling subtle v2.6.1
   Compiling av-scenechange v0.14.1
   Compiling unicase v2.9.0
   Compiling rustix v0.38.44
   Compiling ryu v1.0.23
   Compiling ref-cast v1.0.25
   Compiling system-configuration-sys v0.6.0
   Compiling deflate64 v0.1.12
   Compiling syn v1.0.109
   Compiling percent-encoding v2.3.2
   Compiling tower-service v0.3.3
   Compiling parking_lot_core v0.9.12
   Compiling float-cmp v0.9.0
   Compiling toml_write v0.1.2
   Compiling winnow v0.7.15
   Compiling compression-core v0.4.32
   Compiling built v0.8.1
   Compiling strict-num v0.1.1
   Compiling compression-codecs v0.4.38
   Compiling form_urlencoded v1.2.2
   Compiling rav1e v0.8.1
   Compiling mime_guess v2.0.5
   Compiling toml_edit v0.22.27
   Compiling aligned v0.4.3
   Compiling ttf-parser v0.25.1
   Compiling security-framework v3.7.0
   Compiling profiling v1.0.18
   Compiling objc2-metal v0.3.2
   Compiling idna_adapter v1.2.2
   Compiling hyper v1.10.1
   Compiling psm v0.1.31
   Compiling rust-embed-utils v8.11.0
   Compiling pathfinder_simd v0.5.6
   Compiling lyon_geom v1.0.19
   Compiling futures-executor v0.3.32
   Compiling arg_enum_proc_macro v0.3.4
   Compiling ref-cast-impl v1.0.25
   Compiling serde_derive_internals v0.29.1
   Compiling nix v0.29.0
   Compiling naga v25.0.1
   Compiling no_std_io2 v0.9.4
   Compiling nom v8.0.0
   Compiling quick-error v2.0.1
   Compiling event-listener v2.5.3
   Compiling foldhash v0.1.5
   Compiling pastey v0.1.1
   Compiling serde_json_lenient v0.2.4
   Compiling y4m v0.8.0
   Compiling tinyvec_macros v0.1.1
   Compiling bit-vec v0.8.0
   Compiling unicode-width v0.2.2
   Compiling scopeguard v1.2.0
   Compiling arrayref v0.3.9
   Compiling cbindgen v0.28.0
   Compiling termcolor v1.4.1
   Compiling leak v0.1.2
   Compiling base64 v0.22.1
   Compiling codespan-reporting v0.12.0
   Compiling bit-set v0.8.0
   Compiling leaky-cow v0.1.1
   Compiling objc2-quartz-core v0.3.2
   Compiling tiny-skia-path v0.11.4
   Compiling lock_api v0.4.14
   Compiling tinyvec v1.11.0
   Compiling hashbrown v0.15.5
   Compiling schemars_derive v1.2.1
   Compiling tempfile v3.27.0
   Compiling async-channel v1.9.0
   Compiling av1-grain v0.2.5
   Compiling bitstream-io v4.10.0
   Compiling hyper-util v0.1.20
   Compiling lyon_path v1.0.19
   Compiling futures v0.3.32
   Compiling rust-embed-impl v8.11.0
   Compiling idna v1.1.0
   Compiling tokio-rustls v0.26.4
   Compiling rustls-native-certs v0.8.4
   Compiling toml v0.8.23
   Compiling async-compression v0.4.42
   Compiling core-graphics v0.24.0
   Compiling maybe-rayon v0.1.1
   Compiling async-global-executor v2.4.1
   Compiling core-graphics-types v0.1.3
   Compiling strum v0.26.3
   Compiling async-fs v2.2.0
   Compiling async-net v2.0.0
   Compiling rgb v0.8.53
   Compiling num-derive v0.4.2
   Compiling kv-log-macro v1.0.7
   Compiling cgl v0.3.2
   Compiling memmap2 v0.9.11
   Compiling dirs-sys v0.3.7
   Compiling simd_helpers v0.1.0
   Compiling proc-macro-error-attr2 v2.0.0
   Compiling stacker v0.1.24
   Compiling kurbo v0.11.3
   Compiling sync_wrapper v1.0.2
   Compiling fastrand v1.9.0
   Compiling rustc-hash v1.1.0
   Compiling home v0.5.12
   Compiling option-ext v0.2.0
   Compiling zune-core v0.5.1
   Compiling weezl v0.1.12
   Compiling waker-fn v1.2.0
   Compiling pin-utils v0.1.0
   Compiling siphasher v1.0.3
   Compiling unicode-script v0.5.8
   Compiling heck v0.4.1
   Compiling new_debug_unreachable v1.0.6
   Compiling unicode-bidi-mirroring v0.4.0
   Compiling imgref v1.12.2
   Compiling dyn-clone v1.0.20
   Compiling hexf-parse v0.2.1
   Compiling unicode-ccc v0.4.0
   Compiling dtor-proc-macro v0.0.5
   Compiling unicode-properties v0.1.4
   Compiling mime v0.3.17
   Compiling noop_proc_macro v0.3.0
   Compiling tower-layer v0.3.3
   Compiling tower v0.5.3
   Compiling dtor v0.0.6
   Compiling rustybuzz v0.20.1
   Compiling svgtypes v0.15.3
   Compiling loop9 v0.1.5
   Compiling schemars v1.2.1
   Compiling hidden-trait v0.1.2
   Compiling zune-jpeg v0.5.15
   Compiling async-std v1.13.2
   Compiling futures-lite v1.13.0
   Compiling gpui_collections v0.2.2
   Compiling which v6.0.3
   Compiling dirs-sys v0.4.1
   Compiling proc-macro-error2 v2.0.1
   Compiling dirs v4.0.0
   Compiling fontdb v0.23.0
   Compiling io-surface v0.16.1
   Compiling smol v2.0.2
   Compiling metal v0.29.0
   Compiling async_zip v0.0.17
   Compiling parking_lot v0.12.5
   Compiling system-configuration v0.6.1
   Compiling rust-embed v8.11.0
   Compiling hyper-rustls v0.27.9
   Compiling url v2.5.8
   Compiling command-fds v0.3.3
   Compiling objc2-app-kit v0.3.2
   Compiling serde_urlencoded v0.7.1
   Compiling gpui_media v0.2.2
   Compiling png v0.17.16
   Compiling tokio-socks v0.5.3
   Compiling core-graphics2 v0.4.1
   Compiling http-body-util v0.1.3
   Compiling rustls-pemfile v2.2.0
   Compiling simplecss v0.2.2
   Compiling filetime v0.2.29
   Compiling xattr v0.2.3
   Compiling zune-inflate v0.2.54
   Compiling avif-serialize v0.8.9
   Compiling encoding_rs v0.8.35
   Compiling roxmltree v0.20.0
   Compiling ipnet v2.12.0
   Compiling dunce v1.0.5
   Compiling data-url v0.3.2
   Compiling color_quant v1.1.0
   Compiling pico-args v0.5.0
   Compiling fax v0.2.7
   Compiling lebe v0.5.3
   Compiling float_next_after v1.0.0
   Compiling imagesize v0.13.0
   Compiling raw-window-handle v0.6.2
   Compiling zed-font-kit v0.14.1-zed
   Compiling unicode-vo v0.1.0
   Compiling ctor-proc-macro v0.0.6
   Compiling xmlwriter v0.1.0
   Compiling bit_field v0.10.3
   Compiling mint v0.5.9
   Compiling convert_case v0.4.0
   Compiling pxfm v0.1.30
   Compiling take-until v0.2.0
   Compiling byteorder-lite v0.1.0
   Compiling unicode-bidi v0.3.18
   Compiling blade-graphics v0.7.1
   Compiling image-webp v0.2.4
   Compiling derive_more v0.99.20
   Compiling usvg v0.45.1
   Compiling ravif v0.13.0
   Compiling gpui_util v0.2.2
   Compiling ctor v0.4.3
   Compiling exr v1.74.0
   Compiling tiff v0.11.3
   Compiling moxcms v0.8.1
   Compiling lyon_tessellation v1.0.20
   Compiling zed-reqwest v0.12.15-zed
   Compiling gif v0.14.2
   Compiling gpui v0.2.2
   Compiling core-video v0.4.3
   Compiling zed-async-tar v0.5.0-zed
   Compiling gpui_perf v0.2.2
   Compiling tiny-skia v0.11.4
   Compiling stacksafe-macro v0.1.4
   Compiling pathfinder_geometry v0.5.1
   Compiling dirs v5.0.1
   Compiling core-text v21.0.0
   Compiling lyon_algorithms v1.0.20
   Compiling png v0.18.1
   Compiling cocoa-foundation v0.2.0
   Compiling qoi v0.4.1
   Compiling gpui_derive_refineable v0.2.2
   Compiling strum_macros v0.27.2
   Compiling crossbeam-queue v0.3.13
   Compiling atomic v0.5.3
   Compiling pollster v0.2.5
   Compiling sha1_smol v1.0.1
   Compiling float-ord v0.3.2
   Compiling lazy_static v1.5.0
   Compiling static_assertions v1.1.0
   Compiling svg_fmt v0.4.5
   Compiling grid v0.18.0
   Compiling byteorder v1.5.0
   Compiling taffy v0.9.0
   Compiling etagere v0.2.15
   Compiling postage v0.5.0
   Compiling strum v0.27.2
   Compiling uuid v1.23.4
   Compiling gpui_refineable v0.2.2
   Compiling image v0.25.10
   Compiling cocoa v0.26.0
   Compiling lyon v1.0.19
   Compiling resvg v0.45.1
   Compiling stacksafe v0.1.4
   Compiling gpui_http_client v0.2.2
   Compiling gpui_util_macros v0.2.2
   Compiling blade-util v0.3.0
   Compiling gpui_sum_tree v0.2.2
   Compiling gpui_semantic_version v0.2.2
   Compiling blade-macros v0.3.0
   Compiling gpui-macros v0.2.2
   Compiling num_cpus v1.17.0
   Compiling inventory v0.3.24
   Compiling seahash v4.1.0
   Compiling gpui-board v0.1.0 (/Users/mpl4/Desktop/workspace/self_learning/rust/gui-ecosystem-research/apps/gpui-board)
    Finished `release` profile [optimized] target(s) in 54.44s
warning: the following packages contain code that will be rejected by a future version of Rust: block v0.1.6
note: to see what the problems were, use the option `--future-incompat-report`, or run `cargo report future-incompatibilities --id 1`
