   Compiling proc-macro2 v1.0.106
   Compiling unicode-ident v1.0.24
   Compiling quote v1.0.46
   Compiling libm v0.2.16
   Compiling autocfg v1.5.1
   Compiling serde_core v1.0.228
   Compiling objc2 v0.6.4
   Compiling libc v0.2.186
   Compiling objc2-encode v4.1.0
   Compiling crc32fast v1.5.0
   Compiling stable_deref_trait v1.2.1
   Compiling version_check v0.9.5
   Compiling memchr v2.8.2
   Compiling icu_properties_data v2.2.0
   Compiling icu_locale_data v2.2.0
   Compiling icu_normalizer_data v2.2.0
   Compiling arrayvec v0.7.8
   Compiling smallvec v1.15.2
   Compiling cfg-if v1.0.4
   Compiling writeable v0.6.3
   Compiling num-traits v0.2.19
   Compiling thiserror v2.0.18
   Compiling icu_decimal_data v2.2.0
   Compiling bitflags v2.13.0
   Compiling simd-adler32 v0.3.9
   Compiling log v0.4.33
   Compiling litemap v0.8.2
   Compiling adler2 v2.0.1
   Compiling pulldown-cmark v0.13.4
   Compiling unicode-segmentation v1.13.3
   Compiling utf8_iter v1.0.4
   Compiling miniz_oxide v0.8.9
   Compiling convert_case v0.10.0
   Compiling crossbeam-utils v0.8.22
   Compiling unicode-xid v0.2.6
   Compiling crossbeam-epoch v0.9.20
   Compiling cfg_aliases v0.2.1
   Compiling foldhash v0.2.0
   Compiling heck v0.5.0
   Compiling hashbrown v0.17.1
   Compiling syn v2.0.118
   Compiling block2 v0.6.2
   Compiling core-foundation-sys v0.8.7
   Compiling crossbeam-deque v0.8.7
   Compiling core_maths v0.1.1
   Compiling slotmap v1.1.1
   Compiling quick-error v2.0.1
   Compiling float-cmp v0.9.0
   Compiling rayon-core v1.13.0
   Compiling strict-num v0.1.1
   Compiling flate2 v1.1.9
   Compiling synstructure v0.13.2
   Compiling ttf-parser v0.25.1
   Compiling fdeflate v0.3.7
   Compiling objc2-core-foundation v0.3.2
   Compiling polycool v0.4.0
   Compiling tinyvec_macros v0.1.1
   Compiling zune-core v0.5.1
   Compiling unicode-width v0.2.2
   Compiling weezl v0.1.12
   Compiling arrayref v0.3.9
   Compiling objc-sys v0.3.5
   Compiling zune-jpeg v0.5.15
   Compiling tinyvec v1.11.0
   Compiling zerofrom-derive v0.1.7
   Compiling yoke-derive v0.8.2
   Compiling bytemuck_derive v1.10.2
   Compiling zerovec-derive v0.11.3
   Compiling displaydoc v0.2.6
   Compiling thiserror-impl v2.0.18
   Compiling objc2-foundation v0.3.2
   Compiling derive_more-impl v2.1.1
   Compiling equator-macro v0.4.2
   Compiling zerofrom v0.1.8
   Compiling bytemuck v1.25.0
   Compiling objc2-core-text v0.3.2
   Compiling strum_macros v0.28.0
   Compiling equator v0.4.2
   Compiling kurbo v0.13.1
   Compiling png v0.18.1
   Compiling yoke v0.8.3
   Compiling num-integer v0.1.46
   Compiling portable-atomic v1.13.1
   Compiling font-types v0.11.3
   Compiling rgb v0.8.53
   Compiling read-fonts v0.39.2
   Compiling tiny-skia-path v0.12.0
   Compiling unicode-ccc v0.4.0
   Compiling unicode-properties v0.1.4
   Compiling unicode-script v0.5.8
   Compiling either v1.16.0
   Compiling byteorder-lite v0.1.0
   Compiling siphasher v1.0.3
   Compiling color_quant v1.1.0
   Compiling anyhow v1.0.103
   Compiling unicode-bidi-mirroring v0.4.0
   Compiling gif v0.14.2
   Compiling rustybuzz v0.20.1
   Compiling aligned-vec v0.6.4
   Compiling image-webp v0.2.4
   Compiling svgtypes v0.16.1
   Compiling zerovec v0.11.6
   Compiling zerotrie v0.2.4
   Compiling num-bigint v0.4.8
   Compiling fontdb v0.23.0
   Compiling simplecss v0.2.2
   Compiling roxmltree v0.21.1
   Compiling zerocopy v0.8.53
   Compiling semver v1.0.28
   Compiling critical-section v1.2.0
   Compiling unicode-bidi v0.3.18
   Compiling imagesize v0.14.0
   Compiling data-url v0.3.2
   Compiling unicode-vo v0.1.0
   Compiling base64 v0.22.1
   Compiling pico-args v0.5.0
   Compiling xmlwriter v0.1.0
   Compiling usvg v0.47.0
   Compiling rustc_version v0.4.1
   Compiling tinystr v0.8.3
   Compiling potential_utf v0.1.5
   Compiling skrifa v0.42.1
   Compiling icu_locale_core v2.2.0
   Compiling icu_collections v2.2.0
   Compiling num-rational v0.4.2
   Compiling icu_provider v2.2.0
   Compiling icu_locale v2.2.0
   Compiling icu_properties v2.2.0
   Compiling icu_normalizer v2.2.0
   Compiling objc2 v0.5.2
   Compiling v_frame v0.3.9
   Compiling objc2-quartz-core v0.3.2
   Compiling tiny-skia v0.12.0
   Compiling rayon v1.12.0
   Compiling fixed_decimal v0.7.2
   Compiling objc2-core-graphics v0.3.2
   Compiling zerocopy-derive v0.8.53
   Compiling getopts v0.2.24
   Compiling memmap2 v0.9.11
   Compiling memoffset v0.9.1
   Compiling as-slice v0.2.1
   Compiling equivalent v1.0.2
   Compiling winnow v1.0.3
   Compiling built v0.8.1
   Compiling parlance v0.1.0
   Compiling unicase v2.9.0
   Compiling allocator-api2 v0.2.21
   Compiling pulldown-cmark-escape v0.11.0
   Compiling linebender_resource_handle v0.1.1
   Compiling paste v1.0.15
   Compiling av-scenechange v0.14.1
   Compiling fontique v0.10.0
   Compiling rav1e v0.8.1
   Compiling hashbrown v0.16.1
   Compiling toml_parser v1.1.2+spec-1.1.0
   Compiling indexmap v2.14.0
   Compiling aligned v0.4.3
   Compiling resvg v0.47.0
   Compiling icu_decimal v2.2.0
   Compiling block2 v0.5.1
   Compiling field-offset v0.3.6
   Compiling objc2-core-data v0.3.2
   Compiling objc2-cloud-kit v0.3.2
   Compiling objc2-core-image v0.3.2
   Compiling derive_more v2.1.1
   Compiling euclid v0.22.14
   Compiling objc2-core-video v0.3.2
   Compiling profiling-procmacros v1.0.18
   Compiling arg_enum_proc_macro v0.3.4
   Compiling no_std_io2 v0.9.4
   Compiling nom v8.0.0
   Compiling htmlparser v0.2.1
   Compiling toml_datetime v1.1.1+spec-1.1.0
   Compiling icu_segmenter_data v2.2.0
   Compiling toml_writer v1.1.1+spec-1.1.0
   Compiling dispatch v0.2.0
   Compiling y4m v0.8.0
   Compiling zmij v1.0.21
   Compiling pastey v0.1.1
   Compiling objc2-foundation v0.2.2
   Compiling half v2.7.1
   Compiling toml_edit v0.25.12+spec-1.1.0
   Compiling i-slint-common v1.17.1
   Compiling profiling v1.0.18
   Compiling lyon_geom v1.0.19
   Compiling av1-grain v0.2.5
   Compiling bitstream-io v4.10.0
   Compiling objc2-app-kit v0.3.2
   Compiling maybe-rayon v0.1.1
   Compiling once_cell v1.21.4
   Compiling itertools v0.14.0
   Compiling num-derive v0.4.2
   Compiling simd_helpers v0.1.0
   Compiling rustversion v1.0.23
   Compiling new_debug_unreachable v1.0.6
   Compiling noop_proc_macro v0.3.0
   Compiling imgref v1.12.2
   Compiling serde_json v1.0.150
   Compiling loop9 v0.1.5
   Compiling idna_adapter v1.2.2
   Compiling objc2-app-kit v0.2.2
   Compiling lyon_path v1.0.19
   Compiling proc-macro-crate v3.5.0
   Compiling snafu-derive v0.8.9
   Compiling const-field-offset-macro v0.2.0
   Compiling foreign-types-macros v0.2.3
   Compiling core-foundation v0.9.4
   Compiling zune-inflate v0.2.54
   Compiling avif-serialize v0.8.9
   Compiling pxfm v0.1.30
   Compiling yazi v0.2.1
   Compiling zeno v0.3.3
   Compiling itoa v1.0.18
   Compiling rspolib v0.1.2
   Compiling foreign-types-shared v0.3.1
   Compiling fax v0.2.7
   Compiling pin-project-lite v0.2.17
   Compiling bitflags v1.3.2
   Compiling tracing-core v0.1.36
   Compiling raw-window-handle v0.6.2
   Compiling lebe v0.5.3
   Compiling percent-encoding v2.3.2
   Compiling bit_field v0.10.3
   Compiling exr v1.74.0
   Compiling form_urlencoded v1.2.2
   Compiling tracing v0.1.44
   Compiling core-graphics-types v0.1.3
   Compiling tiff v0.11.3
   Compiling moxcms v0.8.1
   Compiling ravif v0.13.0
   Compiling swash v0.2.9
   Compiling foreign-types v0.5.0
   Compiling snafu v0.8.9
   Compiling const-field-offset v0.2.0
   Compiling icu_segmenter v2.2.0
   Compiling num_enum_derive v0.7.6
   Compiling idna v1.1.0
   Compiling parley_data v0.10.0
   Compiling harfrust v0.8.4
   Compiling qoi v0.4.1
   Compiling pin-project-internal v1.1.13
   Compiling vtable-macro v0.4.0
   Compiling derive_utils v0.15.1
   Compiling iana-time-zone v0.1.65
   Compiling winit v0.30.13
   Compiling hashbrown v0.14.5
   Compiling lazy_static v1.5.0
   Compiling text-size v1.1.1
   Compiling i-slint-compiler v1.17.1
   Compiling natord v1.0.9
   Compiling uuid v1.23.4
   Compiling rustc-hash v1.1.0
   Compiling serde v1.0.228
   Compiling countme v3.0.1
   Compiling linked-hash-map v0.5.6
   Compiling dpi v0.1.2
   Compiling anstyle v1.0.14
   Compiling unicode-linebreak v0.1.5
   Compiling annotate-snippets v0.12.16
   Compiling parley v0.10.0
   Compiling linked_hash_set v0.1.6
   Compiling accesskit v0.24.1
   Compiling rowan v0.16.1
   Compiling pin-project v1.1.13
   Compiling vtable v0.4.0
   Compiling chrono v0.4.45
   Compiling auto_enums v0.8.9
   Compiling image v0.25.10
   Compiling lyon_extra v1.1.0
   Compiling num_enum v0.7.6
   Compiling url v2.5.8
   Compiling i-slint-core-macros v1.17.1
   Compiling core-graphics v0.23.2
   Compiling lyon_algorithms v1.0.20
   Compiling clru v0.6.3
   Compiling taffy v0.10.1
   Compiling strum v0.28.0
   Compiling serde_derive v1.0.228
   Compiling glutin v0.32.3
   Compiling by_address v1.2.1
   Compiling cursor-icon v1.2.0
   Compiling pin-utils v0.1.0
   Compiling pin-weak v1.1.0
   Compiling smol_str v0.2.2
   Compiling slab v0.4.12
   Compiling typed-index-collections v3.5.0
   Compiling scopeguard v1.2.0
   Compiling sys-locale v0.3.2
   Compiling smol_str v0.3.6
   Compiling i-slint-core v1.17.1
   Compiling spin_on v0.1.1
   Compiling accesskit_consumer v0.37.0
   Compiling dispatch2 v0.3.1
   Compiling cgl v0.3.2
   Compiling glutin-winit v0.5.0
   Compiling libloading v0.8.9
   Compiling fnv v1.0.7
   Compiling glow v0.17.0
   Compiling keyboard-types v0.7.0
   Compiling femtovg v0.25.1
   Compiling accesskit_macos v0.26.2
   Compiling crossbeam-channel v0.5.16
   Compiling integer-sqrt v0.1.5
   Compiling core-foundation v0.10.1
   Compiling i-slint-backend-winit v1.17.1
   Compiling webbrowser v1.2.1
   Compiling i-slint-renderer-femtovg v1.17.1
   Compiling i-slint-renderer-software v1.17.1
   Compiling muda v0.19.3
   Compiling accesskit_winit v0.33.1
   Compiling softbuffer v0.4.8
   Compiling copypasta v0.10.2
   Compiling i-slint-backend-selector v1.17.1
   Compiling scoped-tls-hkt v0.1.5
   Compiling slint-build v1.17.1
   Compiling slint-macros v1.17.1
   Compiling slint-dash v0.1.0 (/Users/mpl4/Desktop/workspace/self_learning/rust/gui-ecosystem-research/apps/slint-dash)
   Compiling slint v1.17.1
    Finished `release` profile [optimized] target(s) in 40.09s
