   Compiling proc-macro2 v1.0.107
   Compiling quote v1.0.47
   Compiling unicode-ident v1.0.24
   Compiling libc v0.2.189
   Compiling stable_deref_trait v1.2.1
   Compiling bitflags v2.13.1
   Compiling smallvec v1.15.2
   Compiling siphasher v1.0.3
   Compiling objc2-encode v4.1.0
   Compiling itoa v1.0.18
   Compiling pin-project-lite v0.2.17
   Compiling memchr v2.8.3
   Compiling zmij v1.0.23
   Compiling cfg-if v1.0.4
   Compiling objc-sys v0.3.5
   Compiling serde_core v1.0.229
   Compiling rand_core v0.6.4
   Compiling phf_shared v0.11.3
   Compiling log v0.4.33
   Compiling rand v0.8.7
   Compiling serde_json v1.0.151
   Compiling glob v0.3.4
   Compiling prettyplease v0.2.37
   Compiling cfg_aliases v0.2.2
   Compiling rustix v1.1.4
   Compiling proc-macro-hack v0.5.20+deprecated
   Compiling aho-corasick v1.1.5
   Compiling clang-sys v1.9.1
   Compiling phf_generator v0.11.3
   Compiling regex-syntax v0.8.11
   Compiling percent-encoding v2.3.2
   Compiling core-foundation-sys v0.8.7
   Compiling crc32fast v1.5.0
   Compiling objc2 v0.5.2
   Compiling minimal-lexical v0.2.1
   Compiling syn v2.0.119
   Compiling syn v3.0.3
   Compiling nom v7.1.3
   Compiling errno v0.3.14
   Compiling regex-automata v0.4.16
   Compiling block2 v0.5.1
   Compiling libloading v0.8.9
   Compiling simd-adler32 v0.3.10
   Compiling once_cell v1.21.4
   Compiling objc2 v0.6.4
   Compiling bindgen v0.72.1
   Compiling adler2 v2.0.1
   Compiling either v1.17.0
   Compiling futures-core v0.3.33
   Compiling winnow v1.0.4
   Compiling dispatch v0.2.0
   Compiling itertools v0.13.0
   Compiling toml_parser v1.1.3+spec-1.1.0
   Compiling objc2-foundation v0.2.2
   Compiling cexpr v0.6.0
   Compiling serde_spanned v1.1.1
   Compiling regex v1.13.1
   Compiling xattr v1.6.1
   Compiling toml_datetime v1.1.1+spec-1.1.0
   Compiling miniz_oxide v0.8.9
   Compiling filetime v0.2.29
   Compiling shlex v2.0.1
   Compiling shlex v1.3.0
   Compiling litemap v0.8.2
   Compiling writeable v0.6.3
   Compiling synstructure v0.13.2
   Compiling toml_writer v1.1.2+spec-1.1.0
   Compiling find-msvc-tools v0.1.9
   Compiling rustc-hash v2.1.3
   Compiling toml v1.1.4+spec-1.1.0
   Compiling cc v1.4.0
   Compiling flate2 v1.1.9
   Compiling tar v0.4.46
   Compiling displaydoc v0.2.7
   Compiling tracing-core v0.1.36
   Compiling phf_shared v0.13.1
   Compiling equivalent v1.0.2
   Compiling heck v0.5.0
   Compiling icu_normalizer_data v2.2.0
   Compiling fastrand v2.5.0
   Compiling utf8_iter v1.0.4
   Compiling bytes v1.12.1
   Compiling dtoa v1.0.11
   Compiling tinystr v0.8.3
   Compiling icu_properties_data v2.2.0
   Compiling pkg-config v0.3.33
   Compiling khronos_api v3.1.0
   Compiling dtoa-short v0.3.5
   Compiling zerofrom-derive v0.1.7
   Compiling yoke-derive v0.8.2
   Compiling zerovec-derive v0.11.3
   Compiling phf_macros v0.11.3
   Compiling unic-langid-impl v0.9.6
   Compiling cssparser-macros v0.6.1
   Compiling objc2-app-kit v0.2.2
   Compiling unic-langid-macros-impl v0.9.6
   Compiling phf v0.11.3
   Compiling phf_generator v0.13.1
   Compiling tracing v0.1.44
   Compiling tokio-macros v2.7.2
   Compiling foreign-types-macros v0.2.4
   Compiling core-foundation v0.9.4
   Compiling zerofrom v0.1.8
   Compiling socket2 v0.6.5
   Compiling mio v1.2.2
   Compiling phf_codegen v0.11.3
   Compiling parking_lot_core v0.9.12
   Compiling base64 v0.22.1
   Compiling foldhash v0.2.0
   Compiling allocator-api2 v0.2.21
   Compiling thiserror v1.0.69
   Compiling autocfg v1.5.1
   Compiling bitflags v1.3.2
   Compiling tinyvec_macros v0.1.1
   Compiling foreign-types-shared v0.3.1
   Compiling uuid v1.24.0
   Compiling tinyvec v1.12.0
   Compiling foreign-types v0.5.0
   Compiling core-graphics-types v0.1.3
   Compiling hashbrown v0.16.1
   Compiling num-traits v0.2.19
   Compiling cssparser v0.35.0
   Compiling accesskit v0.24.1
   Compiling tokio v1.53.1
   Compiling selectors v0.32.0
   Compiling yoke v0.8.3
   Compiling phf_codegen v0.13.1
   Compiling http v1.5.0
   Compiling thiserror-impl v1.0.69
   Compiling derive_more-impl v2.1.1
   Compiling objc2-core-foundation v0.3.2
   Compiling winit v0.30.13
   Compiling vizia_id v0.4.0
   Compiling entities v1.0.1
   Compiling raw-window-handle v0.6.2
   Compiling xml-rs v0.8.28
   Compiling scopeguard v1.2.0
   Compiling jetscii v0.5.3
   Compiling lock_api v0.4.14
   Compiling derive_more v2.1.1
   Compiling objc2-foundation v0.3.2
   Compiling skia-bindings v0.93.1
   Compiling gl_generator v0.14.0
   Compiling comrak v0.51.0
   Compiling http-body v1.1.0
   Compiling core-graphics v0.23.2
   Compiling zerovec v0.11.6
   Compiling zerotrie v0.2.4
   Compiling unicode-normalization v0.1.25
   Compiling skia-svg-macros v0.1.0
   Compiling type-map v0.5.1
   Compiling glutin v0.32.3
   Compiling keyboard-types v0.7.0
   Compiling servo_arc v0.4.3
   Compiling smol_str v0.2.2
   Compiling futures-task v0.3.33
   Compiling httparse v1.10.1
   Compiling self_cell v1.3.0
   Compiling precomputed-hash v0.1.1
   Compiling cursor-icon v1.2.0
   Compiling slab v0.4.12
   Compiling dpi v0.1.2
   Compiling byteorder v1.5.0
   Compiling new_debug_unreachable v1.0.6
   Compiling futures-util v0.3.33
   Compiling self_cell v0.10.3
   Compiling fxhash v0.2.1
   Compiling vizia_input v0.4.0
   Compiling phf v0.13.1
   Compiling caseless v0.2.2
   Compiling fluent-syntax v0.11.1
   Compiling objc2-app-kit v0.3.2
   Compiling potential_utf v0.1.5
   Compiling icu_locale_core v2.2.0
   Compiling icu_collections v2.2.0
   Compiling unic-langid-macros v0.9.6
   Compiling icu_provider v2.2.0
   Compiling gl v0.14.0
   Compiling icu_properties v2.2.0
   Compiling icu_normalizer v2.2.0
   Compiling parking_lot v0.12.5
   Compiling cssparser-color v0.3.0
   Compiling accesskit_consumer v0.38.0
   Compiling dispatch2 v0.3.1
   Compiling idna_adapter v1.2.2
   Compiling unic-langid v0.9.6
   Compiling intl_pluralrules v7.0.2
   Compiling intl-memoizer v0.5.3
   Compiling fluent-langneg v0.13.1
   Compiling cgl v0.3.2
   Compiling iana-time-zone v0.1.65
   Compiling form_urlencoded v1.2.2
   Compiling glutin-winit v0.5.0
   Compiling morphorm v0.8.0
   Compiling hashbrown v0.17.1
   Compiling serde v1.0.229
   Compiling rustc-hash v1.1.0
   Compiling tower-service v0.3.3
   Compiling typed-arena v2.0.2
   Compiling finl_unicode v1.4.0
   Compiling xxhash-rust v0.8.18
   Compiling try-lock v0.2.5
   Compiling fluent-bundle v0.15.3
   Compiling chrono v0.4.45
   Compiling want v0.3.1
   Compiling qfilter v0.2.5
   Compiling indexmap v2.14.0
   Compiling idna v1.1.0
   Compiling accesskit_macos v0.26.3
   Compiling vizia_reactive v0.4.0
   Compiling vizia_window v0.4.0
   Compiling copypasta v0.10.2
   Compiling skia-safe v0.93.1
   Compiling vizia_storage v0.4.0
   Compiling serde_derive v1.0.229
   Compiling sync_wrapper v1.0.2
   Compiling futures-channel v0.3.33
   Compiling open v5.4.0
   Compiling atomic-waker v1.1.2
   Compiling unicode-segmentation v1.13.3
   Compiling tower-layer v0.3.3
   Compiling unicode-bidi v0.3.18
   Compiling web-time v1.1.0
   Compiling sys-locale v0.3.2
   Compiling tower v0.5.3
   Compiling hyper v1.11.0
   Compiling accesskit_winit v0.32.2
   Compiling url v2.5.8
   Compiling ryu v1.0.23
   Compiling futures-sink v0.3.33
   Compiling ipnet v2.12.1
   Compiling tower-http v0.6.11
   Compiling tokio-util v0.7.19
   Compiling http-body-util v0.1.4
   Compiling hyper-util v0.1.20
   Compiling vizia_style v0.4.0
   Compiling serde_urlencoded v0.7.1
   Compiling reqwest v0.12.24
   Compiling vizia_core v0.4.0
   Compiling vizia_winit v0.4.0
   Compiling vizia v0.4.0
   Compiling vizia-fetch v0.1.0 (/Users/mpl4/Desktop/workspace/self_learning/rust/gui-ecosystem-research/apps/vizia-fetch)
    Finished `release` profile [optimized] target(s) in 19.08s
real 19.11
user 143.93
sys 11.35
