   Compiling libc v0.2.189
   Compiling proc-macro2 v1.0.107
   Compiling unicode-ident v1.0.24
   Compiling quote v1.0.47
   Compiling bitflags v2.13.1
   Compiling cfg-if v1.0.4
   Compiling bitflags v1.3.2
   Compiling objc2-encode v4.1.0
   Compiling shlex v2.0.1
   Compiling find-msvc-tools v0.1.9
   Compiling log v0.4.33
   Compiling siphasher v1.0.3
   Compiling bytemuck v1.25.2
   Compiling autocfg v1.5.1
   Compiling arrayvec v0.7.8
   Compiling libm v0.2.16
   Compiling objc2 v0.6.4
   Compiling core-foundation-sys v0.8.7
   Compiling memchr v2.8.3
   Compiling rand_core v0.6.4
   Compiling objc-sys v0.3.5
   Compiling serde_core v1.0.229
   Compiling num-traits v0.2.19
   Compiling rand v0.8.7
   Compiling phf_shared v0.11.3
   Compiling smallvec v1.15.2
   Compiling glob v0.3.4
   Compiling lazy_static v1.5.0
   Compiling symphonia-core v0.5.5
   Compiling phf_generator v0.11.3
   Compiling rustix v1.1.4
   Compiling clang-sys v1.9.1
   Compiling prettyplease v0.2.37
   Compiling proc-macro-hack v0.5.20+deprecated
   Compiling cfg_aliases v0.2.2
   Compiling syn v2.0.119
   Compiling syn v3.0.3
   Compiling jobserver v0.1.35
   Compiling cc v1.4.0
   Compiling objc2 v0.5.2
   Compiling block2 v0.6.2
   Compiling dispatch2 v0.3.1
   Compiling errno v0.3.14
   Compiling aho-corasick v1.1.5
   Compiling crc32fast v1.5.0
   Compiling objc2-core-foundation v0.3.2
   Compiling regex-syntax v0.8.11
   Compiling zmij v1.0.23
   Compiling minimal-lexical v0.2.1
   Compiling nom v7.1.3
   Compiling block2 v0.5.1
   Compiling libloading v0.8.9
   Compiling encoding_rs v0.8.35
   Compiling dispatch v0.2.0
   Compiling bindgen v0.72.1
   Compiling simd-adler32 v0.3.10
   Compiling serde_json v1.0.151
   Compiling winnow v1.0.4
   Compiling adler2 v2.0.1
   Compiling core-foundation-sys v0.7.0
   Compiling either v1.17.0
   Compiling scopeguard v1.2.0
   Compiling lock_api v0.4.14
   Compiling itertools v0.13.0
   Compiling displaydoc v0.2.7
   Compiling toml_parser v1.1.3+spec-1.1.0
   Compiling xattr v1.6.1
   Compiling cexpr v0.6.0
   Compiling miniz_oxide v0.8.9
   Compiling regex-automata v0.4.16
   Compiling symphonia-metadata v0.5.5
   Compiling objc2-foundation v0.3.2
   Compiling toml_datetime v1.1.1+spec-1.1.0
   Compiling serde_spanned v1.1.1
   Compiling tinystr v0.8.3
   Compiling objc2-foundation v0.2.2
   Compiling objc_exception v0.1.2
   Compiling filetime v0.2.29
   Compiling rustc-hash v2.1.3
   Compiling itoa v1.0.18
   Compiling toml_writer v1.1.2+spec-1.1.0
   Compiling shlex v1.3.0
   Compiling toml v1.1.4+spec-1.1.0
   Compiling unic-langid-impl v0.9.6
   Compiling unic-langid-macros-impl v0.9.6
   Compiling regex v1.13.1
   Compiling tar v0.4.46
   Compiling flate2 v1.1.9
   Compiling phf_macros v0.11.3
   Compiling phf_shared v0.13.1
   Compiling heck v0.5.0
   Compiling unic-langid-macros v0.9.6
   Compiling pkg-config v0.3.33
   Compiling khronos_api v3.1.0
   Compiling dtoa v1.0.11
   Compiling fastrand v2.5.0
   Compiling equivalent v1.0.2
   Compiling dtoa-short v0.3.5
   Compiling phf v0.11.3
   Compiling phf_generator v0.13.1
   Compiling cssparser-macros v0.6.1
   Compiling foreign-types-macros v0.2.4
   Compiling nasm-rs v0.3.2
   Compiling malloc_buf v0.0.6
   Compiling unic-langid v0.9.6
   Compiling core-foundation v0.9.4
   Compiling phf_codegen v0.11.3
   Compiling foreign-types-shared v0.3.1
   Compiling foldhash v0.2.0
   Compiling tinyvec_macros v0.1.1
   Compiling uuid v1.24.0
   Compiling parking_lot_core v0.9.12
   Compiling objc2-app-kit v0.2.2
   Compiling allocator-api2 v0.2.21
   Compiling dunce v1.0.5
   Compiling foreign-types-shared v0.1.1
   Compiling thiserror v1.0.69
   Compiling foreign-types v0.3.2
   Compiling mozjpeg-sys v2.2.3
   Compiling cssparser v0.35.0
   Compiling hashbrown v0.16.1
   Compiling accesskit v0.24.1
   Compiling foreign-types v0.5.0
   Compiling tinyvec v1.12.0
   Compiling core-graphics-types v0.1.3
   Compiling selectors v0.32.0
   Compiling objc v0.2.7
   Compiling phf_codegen v0.13.1
   Compiling core-foundation v0.7.0
   Compiling thiserror-impl v1.0.69
   Compiling derive_more-impl v2.1.1
   Compiling symphonia-utils-xiph v0.5.5
   Compiling winit v0.30.13
   Compiling xml-rs v0.8.28
   Compiling tracing-core v0.1.36
   Compiling jetscii v0.5.3
   Compiling pin-project-lite v0.2.17
   Compiling once_cell v1.21.4
   Compiling stable_deref_trait v1.2.1
   Compiling vizia_id v0.4.0
   Compiling entities v1.0.1
   Compiling block v0.1.6
   Compiling thiserror v2.0.19
   Compiling raw-window-handle v0.6.2
   Compiling comrak v0.51.0
   Compiling servo_arc v0.4.3
   Compiling derive_more v2.1.1
   Compiling core-graphics v0.23.2
   Compiling gl_generator v0.14.0
   Compiling tracing v0.1.44
   Compiling core-graphics v0.19.2
   Compiling unicode-normalization v0.1.25
   Compiling type-map v0.5.1
   Compiling skia-svg-macros v0.1.0
   Compiling thiserror-impl v2.0.19
   Compiling objc2-core-audio-types v0.3.2
   Compiling glutin v0.32.3
   Compiling skia-bindings v0.93.1
   Compiling keyboard-types v0.7.0
   Compiling getrandom v0.4.3
   Compiling smol_str v0.2.2
   Compiling rand_core v0.10.1
   Compiling percent-encoding v2.3.2
   Compiling dpi v0.1.2
   Compiling self_cell v1.3.0
   Compiling cursor-icon v1.2.0
   Compiling zune-core v0.5.1
   Compiling byteorder v1.5.0
   Compiling precomputed-hash v0.1.1
   Compiling base64 v0.22.1
   Compiling new_debug_unreachable v1.0.6
   Compiling pxfm v0.1.30
   Compiling zune-jpeg v0.5.15
   Compiling fxhash v0.2.1
   Compiling self_cell v0.10.3
   Compiling vizia_input v0.4.0
   Compiling phf v0.13.1
   Compiling fluent-syntax v0.11.1
   Compiling intl-memoizer v0.5.3
   Compiling caseless v0.2.2
   Compiling parking_lot v0.12.5
   Compiling cocoa v0.20.2
   Compiling gl v0.14.0
   Compiling cssparser-color v0.3.0
   Compiling moxcms v0.8.1
   Compiling accesskit_consumer v0.38.0
   Compiling fluent-langneg v0.13.1
   Compiling intl_pluralrules v7.0.2
   Compiling core-foundation v0.10.1
   Compiling cgl v0.3.2
   Compiling getrandom v0.2.17
   Compiling glutin-winit v0.5.0
   Compiling morphorm v0.8.0
   Compiling iana-time-zone v0.1.65
   Compiling rgb v0.8.53
   Compiling typed-arena v2.0.2
   Compiling cfg-if v0.1.10
   Compiling rustc-hash v1.1.0
   Compiling xxhash-rust v0.8.18
   Compiling hashbrown v0.17.1
   Compiling finl_unicode v1.4.0
   Compiling byteorder-lite v0.1.0
   Compiling qfilter v0.2.5
   Compiling metal v0.18.0
   Compiling indexmap v2.14.0
   Compiling objc2-core-audio v0.3.2
   Compiling objc2-app-kit v0.3.2
   Compiling objc2-audio-toolbox v0.3.2
   Compiling fluent-bundle v0.15.3
   Compiling image v0.25.10
   Compiling chrono v0.4.45
   Compiling skia-safe v0.93.1
   Compiling nanorand v0.7.0
   Compiling core-graphics-types v0.2.0
   Compiling accesskit_macos v0.26.3
   Compiling vizia_reactive v0.4.0
   Compiling vizia_window v0.4.0
   Compiling chacha20 v0.10.1
   Compiling copypasta v0.10.2
   Compiling vizia_storage v0.4.0
   Compiling spin v0.9.9
   Compiling num-integer v0.1.46
   Compiling open v5.4.0
   Compiling futures-sink v0.3.33
   Compiling cpal v0.17.3
   Compiling extended v0.1.0
   Compiling paste v1.0.15
   Compiling unicode-segmentation v1.13.3
   Compiling nokhwa-bindings-macos v0.2.4
   Compiling vizia_style v0.4.0
   Compiling bytes v1.12.1
   Compiling web-time v1.1.0
   Compiling sys-locale v0.3.2
   Compiling futures-core v0.3.33
   Compiling unicode-bidi v0.3.18
   Compiling flume v0.11.1
   Compiling symphonia-format-riff v0.5.5
   Compiling vizia_core v0.4.0
   Compiling num-bigint v0.4.8
   Compiling rand v0.10.2
   Compiling accesskit_winit v0.32.2
   Compiling cocoa-foundation v0.2.1
   Compiling core-video-sys v0.1.4
   Compiling coreaudio-rs v0.14.2
   Compiling core-media-sys v0.1.2
   Compiling symphonia-bundle-flac v0.5.5
   Compiling symphonia-format-ogg v0.5.5
   Compiling symphonia-codec-vorbis v0.5.5
   Compiling symphonia-format-isomp4 v0.5.5
   Compiling symphonia-bundle-mp3 v0.5.5
   Compiling mach2 v0.5.0
   Compiling symphonia-codec-aac v0.5.5
   Compiling symphonia-codec-pcm v0.5.5
   Compiling dasp_sample v0.11.0
   Compiling symphonia v0.5.5
   Compiling num-rational v0.4.2
   Compiling vizia_winit v0.4.0
   Compiling rand_distr v0.6.0
   Compiling rtrb v0.3.4
   Compiling rodio v0.22.2
   Compiling vizia v0.4.0
   Compiling mozjpeg v0.10.13
   Compiling nokhwa-core v0.1.9
   Compiling nokhwa v0.10.11
   Compiling vizia-peek v0.1.0 (/Users/mpl4/Desktop/workspace/self_learning/rust/gui-ecosystem-research/apps/vizia-peek)
    Finished `release` profile [optimized] target(s) in 22.46s
warning: the following packages contain code that will be rejected by a future version of Rust: block v0.1.6
note: to see what the problems were, use the option `--future-incompat-report`, or run `cargo report future-incompatibilities --id 1`
real 22.49
user 198.76
sys 14.25
