   Compiling proc-macro2 v1.0.106
   Compiling unicode-ident v1.0.24
   Compiling quote v1.0.46
   Compiling libm v0.2.16
   Compiling serde_core v1.0.228
   Compiling smallvec v1.15.2
   Compiling cfg_aliases v0.2.1
   Compiling windows-link v0.2.1
   Compiling autocfg v1.5.1
   Compiling windows_x86_64_msvc v0.52.6
   Compiling stable_deref_trait v1.2.1
   Compiling equivalent v1.0.2
   Compiling allocator-api2 v0.2.21
   Compiling zerocopy v0.8.54
   Compiling once_cell v1.21.4
   Compiling thiserror v2.0.18
   Compiling cfg-if v1.0.4
   Compiling pin-project-lite v0.2.17
   Compiling log v0.4.33
   Compiling foldhash v0.1.5
   Compiling arrayvec v0.7.8
   Compiling writeable v0.6.3
   Compiling khronos_api v3.1.0
   Compiling litemap v0.8.2
   Compiling futures-core v0.3.32
   Compiling windows-sys v0.61.2
   Compiling libc v0.2.186
   Compiling parking_lot_core v0.9.12
   Compiling xml-rs v0.8.28
   Compiling thiserror v1.0.69
   Compiling windows-link v0.1.3
   Compiling tracing-core v0.1.36
   Compiling raw-window-handle v0.6.2
   Compiling scopeguard v1.2.0
   Compiling naga v26.0.0
   Compiling lock_api v0.4.14
   Compiling libloading v0.8.9
   Compiling unicode-width v0.2.2
   Compiling hashbrown v0.17.1
   Compiling ash v0.38.0+1.3.281
   Compiling hashbrown v0.15.5
   Compiling num-traits v0.2.19
   Compiling bit-vec v0.8.0
   Compiling khronos-egl v6.0.0
   Compiling codespan-reporting v0.12.0
   Compiling windows-targets v0.52.6
   Compiling kurbo v0.12.0
   Compiling windows-result v0.2.0
   Compiling wgpu-hal v26.0.6
   Compiling linebender_resource_handle v0.1.1
   Compiling rustc-hash v1.1.0
   Compiling windows-strings v0.1.0
   Compiling gl_generator v0.14.0
   Compiling bit-set v0.8.0
   Compiling parking_lot v0.12.5
   Compiling hexf-parse v0.2.1
   Compiling presser v0.3.1
   Compiling windows-strings v0.4.2
   Compiling windows-result v0.3.4
   Compiling range-alloc v0.1.5
   Compiling crc32fast v1.5.0
   Compiling indexmap v2.14.0
   Compiling syn v2.0.118
   Compiling profiling v1.0.18
   Compiling glow v0.16.0
   Compiling simd-adler32 v0.3.9
   Compiling renderdoc-sys v1.1.0
   Compiling bitflags v2.13.0
   Compiling itoa v1.0.18
   Compiling glutin_wgl_sys v0.6.1
   Compiling wgpu-core v26.0.1
   Compiling color v0.3.3
   Compiling core_maths v0.1.1
   Compiling icu_properties_data v2.2.0
   Compiling litrs v1.0.0
   Compiling dpi v0.1.2
   Compiling svg_fmt v0.4.5
   Compiling accesskit v0.21.1
   Compiling icu_normalizer_data v2.2.0
   Compiling adler2 v2.0.1
   Compiling static_assertions v1.1.0
   Compiling utf8_iter v1.0.4
   Compiling miniz_oxide v0.8.9
   Compiling wgpu v26.0.1
   Compiling cursor-icon v1.2.0
   Compiling bytes v1.12.1
   Compiling time-core v0.1.9
   Compiling num-conv v0.2.2
   Compiling foldhash v0.2.0
   Compiling regex-syntax v0.8.11
   Compiling peniko v0.5.0
   Compiling fdeflate v0.3.7
   Compiling windows-threading v0.1.0
   Compiling hashbrown v0.16.1
   Compiling time-macros v0.2.31
   Compiling document-features v0.2.12
   Compiling socket2 v0.6.4
   Compiling mio v1.2.1
   Compiling winit v0.30.13
   Compiling bitflags v1.3.2
   Compiling powerfmt v0.2.0
   Compiling ordered-float v5.0.0
   Compiling euclid v0.22.14
   Compiling flate2 v1.1.9
   Compiling http v1.4.2
   Compiling memmap2 v0.9.11
   Compiling deranged v0.5.8
   Compiling lazy_static v1.5.0
   Compiling percent-encoding v2.3.2
   Compiling sharded-slab v0.1.7
   Compiling nu-ansi-term v0.50.3
   Compiling futures-intrusive v0.5.0
   Compiling png v0.17.16
   Compiling tracing-log v0.2.0
   Compiling windows-sys v0.52.0
   Compiling thread_local v1.1.9
   Compiling spirv v0.3.0+sdk-1.3.268.0
   Compiling gpu-alloc-types v0.3.1
   Compiling gpu-descriptor-types v0.2.0
   Compiling gpu-alloc v0.6.2
   Compiling guillotiere v0.6.2
   Compiling regex-automata v0.4.15
   Compiling keyboard-types v0.8.3
   Compiling gpu-descriptor v0.3.2
   Compiling http-body v1.0.1
   Compiling futures-task v0.3.32
   Compiling unicode-segmentation v1.13.3
   Compiling anymore v1.0.0
   Compiling smol_str v0.2.2
   Compiling slab v0.4.12
   Compiling httparse v1.10.1
   Compiling tree_arena v0.2.0
   Compiling form_urlencoded v1.2.2
   Compiling time v0.3.53
   Compiling ui-events v0.2.0
   Compiling futures-util v0.3.32
   Compiling accesskit_consumer v0.31.0
   Compiling try-lock v0.2.5
   Compiling anymap3 v1.1.0
   Compiling zmij v1.0.21
   Compiling error-code v3.3.2
   Compiling tower-service v0.3.3
   Compiling serde v1.0.228
   Compiling clipboard-win v5.4.1
   Compiling want v0.3.1
   Compiling futures-channel v0.3.32
   Compiling sync_wrapper v1.0.2
   Compiling tower-layer v0.3.3
   Compiling serde_json v1.0.150
   Compiling atomic-waker v1.1.2
   Compiling copypasta v0.10.2
   Compiling memchr v2.8.3
   Compiling ipnet v2.12.0
   Compiling pollster v0.4.0
   Compiling ryu v1.0.23
   Compiling base64 v0.22.1
   Compiling http-body-util v0.1.3
   Compiling synstructure v0.13.2
   Compiling bytemuck_derive v1.10.2
   Compiling zerofrom-derive v0.1.7
   Compiling yoke-derive v0.8.2
   Compiling zerovec-derive v0.11.3
   Compiling displaydoc v0.2.6
   Compiling zerocopy-derive v0.8.54
   Compiling thiserror-impl v2.0.18
   Compiling windows-implement v0.58.0
   Compiling windows-interface v0.58.0
   Compiling tracing-attributes v0.1.31
   Compiling thiserror-impl v1.0.69
   Compiling windows-implement v0.60.2
   Compiling windows-interface v0.59.3
   Compiling tokio-macros v2.7.0
   Compiling matchers v0.2.0
   Compiling serde_derive v1.0.228
   Compiling tokio v1.52.3
   Compiling windows-core v0.58.0
   Compiling windows-core v0.61.2
   Compiling zerofrom v0.1.8
   Compiling yoke v0.8.3
   Compiling tracing v0.1.44
   Compiling bytemuck v1.25.0
   Compiling zerovec v0.11.6
   Compiling zerotrie v0.2.4
   Compiling tracing-subscriber v0.3.23
   Compiling windows-numerics v0.2.0
   Compiling windows-future v0.2.1
   Compiling windows-collections v0.2.0
   Compiling windows v0.58.0
   Compiling xilem_core v0.4.0
   Compiling font-types v0.10.1
   Compiling wgpu-types v26.0.0
   Compiling font-types v0.11.3
   Compiling windows v0.61.3
   Compiling read-fonts v0.35.0
   Compiling read-fonts v0.39.2
   Compiling tinystr v0.8.3
   Compiling potential_utf v0.1.5
   Compiling icu_collections v2.2.0
   Compiling icu_locale_core v2.2.0
   Compiling ui-events-winit v0.2.0
   Compiling serde_urlencoded v0.7.1
   Compiling tower v0.5.3
   Compiling icu_provider v2.2.0
   Compiling hyper v1.10.1
   Compiling icu_normalizer v2.2.0
   Compiling icu_properties v2.2.0
   Compiling hyper-util v0.1.20
   Compiling half v2.7.1
   Compiling idna_adapter v1.2.2
   Compiling idna v1.1.0
   Compiling url v2.5.8
   Compiling tower-http v0.6.11
   Compiling reqwest v0.12.28
   Compiling skrifa v0.37.0
   Compiling harfrust v0.3.2
   Compiling skrifa v0.42.1
   Compiling vello_encoding v0.6.0
   Compiling accesskit_windows v0.29.2
   Compiling swash v0.2.9
   Compiling vello_shaders v0.6.0
   Compiling accesskit_winit v0.29.2
   Compiling gpu-allocator v0.27.0
   Compiling fontique v0.6.0
   Compiling parley v0.6.0
   Compiling wgpu-core-deps-windows-linux-android v26.0.0
   Compiling vello v0.6.0
   Compiling masonry_core v0.4.0
   Compiling masonry_winit v0.4.0
   Compiling masonry v0.4.0
   Compiling xilem v0.4.0
   Compiling xilem-fetch v0.1.0 (C:\Users\M.Pertsev\Desktop\workspace\OSS\rust-gui-desktop-ecosystem-state\apps\xilem-fetch)
warning: field `gen` is never read
  --> src\main.rs:77:15
   |
77 |     Started { gen: u64 },
   |     -------   ^^^
   |     |
   |     field in this variant
   |
   = note: `SearchMsg` has a derived impl for the trait `Debug`, but this is intentionally ignored during dead code analysis
   = note: `#[warn(dead_code)]` (part of `#[warn(unused)]`) on by default

warning: `xilem-fetch` (bin "xilem-fetch") generated 1 warning
    Finished `release` profile [optimized] target(s) in 1m 29s
