   Compiling proc-macro2 v1.0.106
   Compiling unicode-ident v1.0.24
   Compiling quote v1.0.46
   Compiling libm v0.2.16
   Compiling windows-link v0.2.1
   Compiling bitflags v2.13.0
   Compiling pin-project-lite v0.2.17
   Compiling smallvec v1.15.2
   Compiling autocfg v1.5.1
   Compiling futures-core v0.3.32
   Compiling log v0.4.33
   Compiling thiserror v2.0.18
   Compiling futures-sink v0.3.32
   Compiling cfg_aliases v0.2.1
   Compiling windows_x86_64_msvc v0.52.6
   Compiling bytes v1.12.1
   Compiling memchr v2.8.3
   Compiling futures-task v0.3.32
   Compiling slab v0.4.12
   Compiling futures-io v0.3.32
   Compiling once_cell v1.21.4
   Compiling cfg-if v1.0.4
   Compiling zerocopy v0.8.54
   Compiling raw-window-handle v0.6.2
   Compiling windows-sys v0.61.2
   Compiling smol_str v0.2.2
   Compiling rustc-hash v1.1.0
   Compiling khronos_api v3.1.0
   Compiling stable_deref_trait v1.2.1
   Compiling libc v0.2.186
   Compiling futures-channel v0.3.32
   Compiling version_check v0.9.5
   Compiling rustc-hash v2.1.3
   Compiling web-time v1.1.0
   Compiling xml-rs v0.8.28
   Compiling arrayvec v0.7.8
   Compiling lilt v0.8.1
   Compiling tinyvec_macros v0.1.1
   Compiling glam v0.25.0
   Compiling windows-targets v0.52.6
   Compiling thiserror v1.0.69
   Compiling parking_lot_core v0.9.12
   Compiling windows-result v0.2.0
   Compiling tinyvec v1.11.0
   Compiling naga v27.0.3
   Compiling libloading v0.8.9
   Compiling hashbrown v0.17.1
   Compiling ash v0.38.0+1.3.281
   Compiling foldhash v0.2.0
   Compiling unicode-segmentation v1.13.3
   Compiling khronos-egl v6.0.0
   Compiling memmap2 v0.9.11
   Compiling windows-strings v0.1.0
   Compiling num-traits v0.2.19
   Compiling unicode-width v0.2.2
   Compiling foldhash v0.1.5
   Compiling slotmap v1.1.1
   Compiling scopeguard v1.2.0
   Compiling zeno v0.3.3
   Compiling bit-vec v0.8.0
   Compiling yazi v0.2.1
   Compiling equivalent v1.0.2
   Compiling hashbrown v0.15.5
   Compiling lock_api v0.4.14
   Compiling codespan-reporting v0.12.0
   Compiling hashbrown v0.16.1
   Compiling tracing-core v0.1.36
   Compiling spirv v0.3.0+sdk-1.3.268.0
   Compiling bit-set v0.8.0
   Compiling gpu-alloc-types v0.3.1
   Compiling gl_generator v0.14.0
   Compiling gpu-descriptor-types v0.2.0
   Compiling wgpu-hal v27.0.4
   Compiling syn v2.0.118
   Compiling indexmap v2.14.0
   Compiling unicode-bidi v0.3.18
   Compiling self_cell v1.2.2
   Compiling unicode-linebreak v0.1.5
   Compiling unicode-script v0.5.8
   Compiling sys-locale v0.3.2
   Compiling hexf-parse v0.2.1
   Compiling linebender_resource_handle v0.1.1
   Compiling core_maths v0.1.1
   Compiling rangemap v1.7.1
   Compiling ttf-parser v0.25.1
   Compiling presser v0.3.1
   Compiling gpu-descriptor v0.3.2
   Compiling gpu-alloc v0.6.2
   Compiling parking_lot v0.12.5
   Compiling glow v0.16.0
   Compiling glutin_wgl_sys v0.6.1
   Compiling renderdoc-sys v1.1.0
   Compiling itoa v1.0.18
   Compiling writeable v0.6.3
   Compiling range-alloc v0.1.5
   Compiling profiling v1.0.18
   Compiling litemap v0.8.2
   Compiling wgpu-core v27.0.3
   Compiling litrs v1.0.0
   Compiling icu_normalizer_data v2.2.0
   Compiling icu_properties_data v2.2.0
   Compiling utf8_iter v1.0.4
   Compiling wgpu v27.0.1
   Compiling svg_fmt v0.4.5
   Compiling http v1.4.2
   Compiling serde_core v1.0.228
   Compiling arrayref v0.3.9
   Compiling ordered-float v5.3.0
   Compiling euclid v0.22.14
   Compiling static_assertions v1.1.0
   Compiling strict-num v0.1.1
   Compiling percent-encoding v2.3.2
   Compiling httparse v1.10.1
   Compiling lru v0.16.4
   Compiling kurbo v0.10.4
   Compiling winit v0.30.13
   Compiling form_urlencoded v1.2.2
   Compiling serde v1.0.228
   Compiling zmij v1.0.21
   Compiling document-features v0.2.12
   Compiling error-code v3.3.2
   Compiling try-lock v0.2.5
   Compiling tower-service v0.3.3
   Compiling clipboard-win v5.4.1
   Compiling want v0.3.1
   Compiling windows-sys v0.52.0
   Compiling sync_wrapper v1.0.2
   Compiling dpi v0.1.2
   Compiling serde_json v1.0.150
   Compiling http-body v1.0.1
   Compiling atomic-waker v1.1.2
   Compiling cursor-icon v1.2.0
   Compiling tower-layer v0.3.3
   Compiling base64 v0.22.1
   Compiling ryu v1.0.23
   Compiling ipnet v2.12.0
   Compiling etagere v0.2.15
   Compiling guillotiere v0.6.2
   Compiling http-body-util v0.1.3
   Compiling socket2 v0.6.4
   Compiling mio v1.2.1
   Compiling fontdb v0.23.0
   Compiling tokio v1.52.3
   Compiling synstructure v0.13.2
   Compiling bytemuck_derive v1.10.2
   Compiling thiserror-impl v2.0.18
   Compiling futures-macro v0.3.32
   Compiling zerofrom-derive v0.1.7
   Compiling zerocopy-derive v0.8.54
   Compiling yoke-derive v0.8.2
   Compiling zerovec-derive v0.11.3
   Compiling windows-interface v0.58.0
   Compiling displaydoc v0.2.6
   Compiling windows-implement v0.58.0
   Compiling thiserror-impl v1.0.69
   Compiling tracing-attributes v0.1.31
   Compiling serde_derive v1.0.228
   Compiling futures-util v0.3.32
   Compiling windows-core v0.58.0
   Compiling zerofrom v0.1.8
   Compiling tracing v0.1.44
   Compiling yoke v0.8.3
   Compiling bytemuck v1.25.0
   Compiling softbuffer v0.4.8
   Compiling zerovec v0.11.6
   Compiling zerotrie v0.2.4
   Compiling iced_core v0.14.0
   Compiling window_clipboard v0.5.1
   Compiling windows v0.58.0
   Compiling font-types v0.11.3
   Compiling font-types v0.10.1
   Compiling wgpu-types v27.0.1
   Compiling tiny-skia-path v0.11.4
   Compiling read-fonts v0.35.0
   Compiling read-fonts v0.39.2
   Compiling tiny-skia v0.11.4
   Compiling tinystr v0.8.3
   Compiling potential_utf v0.1.5
   Compiling icu_collections v2.2.0
   Compiling icu_locale_core v2.2.0
   Compiling hyper v1.10.1
   Compiling tokio-util v0.7.18
   Compiling icu_provider v2.2.0
   Compiling serde_urlencoded v0.7.1
   Compiling icu_normalizer v2.2.0
   Compiling icu_properties v2.2.0
   Compiling futures-executor v0.3.32
   Compiling futures v0.3.32
   Compiling iced_futures v0.14.0
   Compiling sipper v0.1.0
   Compiling tower v0.5.3
   Compiling hyper-util v0.1.20
   Compiling iced_debug v0.14.0
   Compiling idna_adapter v1.2.2
   Compiling iced_runtime v0.14.0
   Compiling idna v1.1.0
   Compiling url v2.5.8
   Compiling half v2.7.1
   Compiling tower-http v0.6.11
   Compiling reqwest v0.12.24
   Compiling harfrust v0.3.2
   Compiling skrifa v0.37.0
   Compiling skrifa v0.42.1
   Compiling gpu-allocator v0.27.0
   Compiling swash v0.2.9
   Compiling cosmic-text v0.15.0
   Compiling iced_graphics v0.14.0
   Compiling iced_tiny_skia v0.14.0
   Compiling iced_program v0.14.0
   Compiling iced_winit v0.14.0
   Compiling wgpu-core-deps-windows-linux-android v27.0.0
   Compiling cryoglyph v0.1.0
   Compiling iced_wgpu v0.14.0
   Compiling iced_renderer v0.14.0
   Compiling iced_widget v0.14.2
   Compiling iced v0.14.0
   Compiling iced-fetch v0.1.0 (C:\Users\M.Pertsev\Desktop\workspace\OSS\rust-gui-desktop-ecosystem-state\apps\iced-fetch)
    Finished `release` profile [optimized] target(s) in 1m 26s
