   Compiling proc-macro2 v1.0.107
   Compiling unicode-ident v1.0.24
   Compiling quote v1.0.47
   Compiling serde_core v1.0.229
   Compiling serde v1.0.229
   Compiling libm v0.2.16
   Compiling arrayvec v0.7.8
   Compiling cfg-if v1.0.4
   Compiling windows_x86_64_msvc v0.52.6
   Compiling cfg_aliases v0.2.2
   Compiling equivalent v1.0.2
   Compiling log v0.4.33
   Compiling allocator-api2 v0.2.21
   Compiling windows-link v0.2.1
   Compiling autocfg v1.5.1
   Compiling version_check v0.9.5
   Compiling memchr v2.8.3
   Compiling once_cell v1.21.4
   Compiling foldhash v0.2.0
   Compiling raw-window-handle v0.6.2
   Compiling khronos_api v3.1.0
   Compiling thiserror v2.0.19
   Compiling simd-adler32 v0.3.10
   Compiling parking_lot_core v0.9.12
   Compiling zerocopy v0.8.55
   Compiling xml-rs v0.8.28
   Compiling crc32fast v1.5.0
   Compiling scopeguard v1.2.0
   Compiling thiserror v1.0.69
   Compiling polycool v0.4.0
   Compiling pin-project-lite v0.2.17
   Compiling adler2 v2.0.1
   Compiling libc v0.2.189
   Compiling foldhash v0.1.5
   Compiling lock_api v0.4.14
   Compiling libloading v0.8.9
   Compiling miniz_oxide v0.8.9
   Compiling naga v27.0.3
   Compiling unicode-segmentation v1.13.3
   Compiling khronos-egl v6.0.0
   Compiling ash v0.38.0+1.3.281
   Compiling num-traits v0.2.19
   Compiling hashbrown v0.16.1
   Compiling windows-targets v0.52.6
   Compiling hashbrown v0.15.5
   Compiling bit-vec v0.8.0
   Compiling hashbrown v0.17.1
   Compiling unicode-width v0.2.2
   Compiling slotmap v1.1.1
   Compiling windows-result v0.2.0
   Compiling wgpu-hal v27.0.4
   Compiling presser v0.3.1
   Compiling rustc-hash v1.1.0
   Compiling hexf-parse v0.2.1
   Compiling windows-strings v0.1.0
   Compiling gl_generator v0.14.0
   Compiling codespan-reporting v0.12.0
   Compiling bit-set v0.8.0
   Compiling fdeflate v0.3.7
   Compiling range-alloc v0.1.5
   Compiling memmap2 v0.9.11
   Compiling glow v0.16.0
   Compiling renderdoc-sys v1.1.0
   Compiling tracing-core v0.1.36
   Compiling flate2 v1.1.9
   Compiling profiling v1.0.18
   Compiling float-cmp v0.9.0
   Compiling wgpu-core v27.0.3
   Compiling strict-num v0.1.1
   Compiling litrs v1.0.0
   Compiling tracing v0.1.44
   Compiling tinyvec_macros v0.1.1
   Compiling syn v3.0.3
   Compiling syn v2.0.119
   Compiling indexmap v2.14.0
   Compiling futures-sink v0.3.33
   Compiling futures-core v0.3.33
   Compiling arrayref v0.3.9
   Compiling glutin_wgl_sys v0.6.1
   Compiling tinyvec v1.12.0
   Compiling core_maths v0.1.1
   Compiling futures-channel v0.3.33
   Compiling windows-sys v0.59.0
   Compiling ttf-parser v0.25.1
   Compiling generic-array v0.14.7
   Compiling wgpu v27.0.1
   Compiling floem-winit v25.10.0 (https://github.com/lapce/winit?rev=133268de675a4fda70816d78a7a1435eb972fea1#133268de)
   Compiling quick-error v2.0.1
   Compiling litemap v0.8.2
   Compiling bitflags v1.3.2
   Compiling slab v0.4.12
   Compiling document-features v0.2.12
   Compiling unicode-ccc v0.4.0
   Compiling byteorder-lite v0.1.0
   Compiling writeable v0.6.3
   Compiling unicode-bidi-mirroring v0.4.0
   Compiling futures-task v0.3.33
   Compiling unicode-properties v0.1.4
   Compiling zune-core v0.5.1
   Compiling siphasher v1.0.3
   Compiling unicode-script v0.5.8
   Compiling futures-io v0.3.33
   Compiling ordered-float v5.3.0
   Compiling png v0.17.16
   Compiling roxmltree v0.21.1
   Compiling image-webp v0.2.4
   Compiling simplecss v0.2.2
   Compiling base64 v0.22.1
   Compiling unicode-vo v0.1.0
   Compiling color_quant v1.1.0
   Compiling zune-jpeg v0.5.15
   Compiling static_assertions v1.1.0
   Compiling typenum v1.20.1
   Compiling imagesize v0.14.0
   Compiling yazi v0.2.1
   Compiling pico-args v0.5.0
   Compiling xmlwriter v0.1.0
   Compiling windows_x86_64_msvc v0.53.1
   Compiling zeno v0.3.3
   Compiling unicode-bidi v0.3.18
   Compiling weezl v0.1.12
   Compiling data-url v0.3.2
   Compiling aho-corasick v1.1.5
   Compiling bitflags v2.13.1
   Compiling serde_bytes v0.11.19
   Compiling gpu-descriptor-types v0.2.0
   Compiling spirv v0.3.0+sdk-1.3.268.0
   Compiling gpu-alloc-types v0.3.1
   Compiling gpu-descriptor v0.3.2
   Compiling smol_str v0.3.6
   Compiling gif v0.14.2
   Compiling gpu-alloc v0.6.2
   Compiling regex-syntax v0.8.11
   Compiling anyhow v1.0.104
   Compiling crossbeam-utils v0.8.22
   Compiling dpi v0.1.2
   Compiling fontdb v0.23.0
   Compiling windows-sys v0.61.2
   Compiling zmij v1.0.23
   Compiling pxfm v0.1.30
   Compiling heck v0.5.0
   Compiling serde_derive v1.0.229
   Compiling thiserror-impl v2.0.19
   Compiling displaydoc v0.2.7
   Compiling enum-ordinalize-derive v4.4.2
   Compiling windows-targets v0.53.5
   Compiling fontdue v0.9.4
   Compiling crypto-common v0.1.7
   Compiling block-buffer v0.10.4
   Compiling png v0.18.1
   Compiling euclid v0.22.14
   Compiling tinystr v0.8.3
   Compiling rect_packer v0.2.1
   Compiling rand_core v0.9.5
   Compiling either v1.17.0
   Compiling icu_locale_core v2.2.0
   Compiling bitmaps v3.2.1
   Compiling bytecount v0.6.9
   Compiling error-code v3.3.2
   Compiling paste v1.0.15
   Compiling rfd v0.17.2
   Compiling serde_json v1.0.151
   Compiling clipboard-win v5.4.1
   Compiling itertools v0.14.0
   Compiling rand_xoshiro v0.7.0
   Compiling digest v0.10.7
   Compiling enum-ordinalize v4.4.2
   Compiling windows-sys v0.60.2
   Compiling softbuffer v0.4.8
   Compiling bytemuck_derive v1.11.0
   Compiling windows-interface v0.58.0
   Compiling windows-implement v0.58.0
   Compiling zerocopy-derive v0.8.55
   Compiling thiserror-impl v1.0.69
   Compiling futures-macro v0.3.33
   Compiling regex-automata v0.4.16
   Compiling strum_macros v0.28.0
   Compiling imbl-sized-chunks v0.1.3
   Compiling crossbeam-channel v0.5.16
   Compiling archery v1.2.2
   Compiling objc2 v0.6.4
   Compiling rustc-hash v2.1.3
   Compiling cpufeatures v0.2.17
   Compiling grid v1.0.1
   Compiling windows-core v0.58.0
   Compiling itoa v1.0.18
   Compiling moxcms v0.8.1
   Compiling taffy v0.9.2
   Compiling futures-util v0.3.33
   Compiling sha2 v0.10.9
   Compiling bytemuck v1.25.2
   Compiling copypasta v0.10.2
   Compiling windows v0.58.0
   Compiling wgpu-types v27.0.1
   Compiling font-types v0.10.1
   Compiling font-types v0.12.2
   Compiling tiny-skia-path v0.11.4
   Compiling read-fonts v0.35.0
   Compiling read-fonts v0.41.0
   Compiling rgb v0.8.53
   Compiling smallvec v1.15.2
   Compiling keyboard-types v0.8.3
   Compiling cursor-icon v1.2.0
   Compiling linebender_resource_handle v0.1.1
   Compiling kurbo v0.13.1
   Compiling dpi v0.1.2 (https://github.com/lapce/winit?rev=133268de675a4fda70816d78a7a1435eb972fea1#133268de)
   Compiling parking_lot v0.12.5
   Compiling rustybuzz v0.20.1
   Compiling color v0.3.3
   Compiling tiny-skia v0.11.4
   Compiling regex v1.13.1
   Compiling floem-winit-core v25.10.0 (https://github.com/lapce/winit?rev=133268de675a4fda70816d78a7a1435eb972fea1#133268de)
   Compiling safe_arch v0.7.4
   Compiling lapce-xi-rope v0.4.0
   Compiling svgtypes v0.16.1
   Compiling futures-executor v0.3.33
   Compiling peniko v0.6.1
   Compiling ui-events v0.3.0
   Compiling floem-winit-win32 v25.10.0 (https://github.com/lapce/winit?rev=133268de675a4fda70816d78a7a1435eb972fea1#133268de)
   Compiling futures v0.3.33
   Compiling image v0.25.10
   Compiling wide v0.7.33
   Compiling usvg v0.46.0
   Compiling strum v0.28.0
   Compiling understory_index v0.0.1 (https://github.com/jrmoulton/understory?rev=2c2abb8c4bd9#2c2abb8c)
   Compiling keyboard-types v0.7.0
   Compiling half v2.7.1
   Compiling floem-editor-core v0.2.0 (https://github.com/lapce/floem?rev=778bb5f2aa08429e579ee2e6ac97e84fbf18b618#778bb5f2)
   Compiling understory_focus v0.1.0 (https://github.com/jrmoulton/understory?rev=2c2abb8c4bd9#2c2abb8c)
   Compiling understory_event_state v0.1.0 (https://github.com/jrmoulton/understory?rev=2c2abb8c4bd9#2c2abb8c)
   Compiling understory_box_tree v0.0.1 (https://github.com/jrmoulton/understory?rev=2c2abb8c4bd9#2c2abb8c)
   Compiling floem_reactive v0.2.0 (https://github.com/lapce/floem?rev=778bb5f2aa08429e579ee2e6ac97e84fbf18b618#778bb5f2)
   Compiling educe v0.6.0
   Compiling ui-events-floem-winit v0.2.0 (https://github.com/lapce/floem?rev=778bb5f2aa08429e579ee2e6ac97e84fbf18b618#778bb5f2)
   Compiling imbl v7.0.1
   Compiling muda v0.17.2
   Compiling resvg v0.46.0
   Compiling harfrust v0.3.2
   Compiling skrifa v0.37.0
   Compiling understory_virtual_list v0.1.0 (https://github.com/jrmoulton/understory?rev=2c2abb8c4bd9#2c2abb8c)
   Compiling objc2-encode v4.1.0
error: `objc2` only works on Apple platforms. Pass `--target aarch64-apple-darwin` or similar to compile for macOS.
       (If you're absolutely certain that you're using GNUStep, you can specify that with the `gnustep-x-y` Cargo feature instead).
   --> C:\Users\M.Pertsev\.cargo\registry\src\index.crates.io-1949cf8c6b5b557f\objc2-0.6.4\src\lib.rs:219:1
    |
219 | compile_error!("`objc2` only works on Apple platforms. Pass `--target aarch64-apple-darwin` or similar to compile for macOS.\n(If you're absolutely certain that you're using GNUStep, you can specify that with the `gnustep-x-y` Cargo feature instead).");
    | ^^^^^^^^^^^^^^^^^^^^^^^^^^^^^^^^^^^^^^^^^^^^^^^^^^^^^^^^^^^^^^^^^^^^^^^^^^^^^^^^^^^^^^^^^^^^^^^^^^^^^^^^^^^^^^^^^^^^^^^^^^^^^^^^^^^^^^^^^^^^^^^^^^^^^^^^^^^^^^^^^^^^^^^^^^^^^^^^^^^^^^^^^^^^^^^^^^^^^^^^^^^^^^^^^^^^^^^^^^^^^^^^^^^^^^^^^^^^^^^^^^^^^^^^^^^^

   Compiling skrifa v0.44.0
error: could not compile `objc2` (lib) due to 1 previous error
warning: build failed, waiting for other jobs to finish...
