   Compiling proc-macro2 v1.0.106
   Compiling unicode-ident v1.0.24
   Compiling quote v1.0.46
   Compiling autocfg v1.5.1
   Compiling libm v0.2.16
   Compiling windows-link v0.2.1
   Compiling cfg-if v1.0.4
   Compiling bitflags v2.13.0
   Compiling cfg_aliases v0.2.1
   Compiling smallvec v1.15.2
   Compiling foldhash v0.2.0
   Compiling thiserror v2.0.18
   Compiling arrayvec v0.7.8
   Compiling log v0.4.33
   Compiling stable_deref_trait v1.2.1
   Compiling zerocopy v0.8.54
   Compiling equivalent v1.0.2
   Compiling libc v0.2.186
   Compiling scopeguard v1.2.0
   Compiling allocator-api2 v0.2.21
   Compiling getrandom v0.4.3
   Compiling once_cell v1.21.4
   Compiling parking_lot_core v0.9.12
   Compiling windows-result v0.4.1
   Compiling windows-strings v0.5.1
   Compiling windows-threading v0.2.1
   Compiling khronos_api v3.1.0
   Compiling raw-window-handle v0.6.2
   Compiling hashbrown v0.17.1
   Compiling lock_api v0.4.14
   Compiling crc32fast v1.5.0
   Compiling simd-adler32 v0.3.9
   Compiling litemap v0.8.2
   Compiling writeable v0.6.3
   Compiling adler2 v2.0.1
   Compiling xml-rs v0.8.28
   Compiling polycool v0.4.0
   Compiling naga v29.0.4
   Compiling miniz_oxide v0.8.9
   Compiling libloading v0.8.9
   Compiling profiling v1.0.18
   Compiling num-traits v0.2.19
   Compiling icu_properties_data v2.2.0
   Compiling hashbrown v0.16.1
   Compiling utf8_iter v1.0.4
   Compiling icu_normalizer_data v2.2.0
   Compiling bit-vec v0.9.1
   Compiling ash v0.38.0+1.3.281
   Compiling windows_x86_64_msvc v0.52.6
   Compiling unicode-width v0.2.2
   Compiling kurbo v0.13.1
   Compiling fdeflate v0.3.7
   Compiling jobserver v0.1.35
   Compiling spirv v0.4.0+sdk-1.4.341.0
   Compiling shlex v2.0.1
   Compiling linebender_resource_handle v0.1.1
   Compiling hexf-parse v0.2.1
   Compiling rustc-hash v1.1.0
   Compiling zune-core v0.5.1
   Compiling parking_lot v0.12.5
   Compiling codespan-reporting v0.13.1
   Compiling foldhash v0.1.5
   Compiling bit-set v0.9.1
   Compiling khronos-egl v6.0.0
   Compiling find-msvc-tools v0.1.9
   Compiling pxfm v0.1.30
   Compiling version_check v0.9.5
   Compiling flate2 v1.1.9
   Compiling indexmap v2.14.0
   Compiling uuid v1.23.4
   Compiling zune-jpeg v0.5.15
   Compiling hashbrown v0.15.5
   Compiling gl_generator v0.14.0
   Compiling nasm-rs v0.3.2
   Compiling ahash v0.8.12
   Compiling syn v2.0.118
   Compiling png v0.18.1
   Compiling accesskit v0.24.1
   Compiling cc v1.2.66
   Compiling gpu-descriptor-types v0.2.0
   Compiling wgpu-hal v29.0.4
   Compiling dunce v1.0.5
   Compiling unicode-general-category v1.1.0
   Compiling byteorder-lite v0.1.0
   Compiling glutin_wgl_sys v0.6.1
   Compiling fearless_simd v0.4.1
   Compiling windows_x86_64_msvc v0.53.1
   Compiling unicode-segmentation v1.13.3
   Compiling presser v0.3.1
   Compiling gpu-descriptor v0.3.2
   Compiling windows-targets v0.52.6
   Compiling winit v0.30.13
   Compiling range-alloc v0.1.5
   Compiling tracing-core v0.1.36
   Compiling pin-project-lite v0.2.17
   Compiling renderdoc-sys v1.1.0
   Compiling glow v0.17.0
   Compiling static_assertions v1.1.0
   Compiling windows-sys v0.52.0
   Compiling wgpu-core v29.0.4
   Compiling litrs v1.0.0
   Compiling percent-encoding v2.3.2
   Compiling euclid v0.22.14
   Compiling ordered-float v5.3.0
   Compiling tracing v0.1.44
   Compiling self_cell v1.2.2
   Compiling dpi v0.1.2
   Compiling smol_str v0.2.2
   Compiling epaint_default_fonts v0.35.0
   Compiling either v1.16.0
   Compiling nohash-hasher v0.2.0
   Compiling cursor-icon v1.2.0
   Compiling document-features v0.2.12
   Compiling form_urlencoded v1.2.2
   Compiling windows-targets v0.53.5
   Compiling accesskit_consumer v0.35.0
   Compiling wgpu v29.0.4
   Compiling error-code v3.3.2
   Compiling itertools v0.14.0
   Compiling windows-sys v0.60.2
   Compiling num-integer v0.1.46
   Compiling getrandom v0.2.17
   Compiling clipboard-win v5.4.1
   Compiling paste v1.0.15
   Compiling rustc-hash v2.1.3
   Compiling guillotiere v0.7.0
   Compiling mozjpeg-sys v2.2.3
   Compiling bytes v1.12.1
   Compiling web-time v1.1.0
   Compiling cpal v0.17.3
   Compiling nokhwa-bindings-macos v0.2.4
   Compiling num-bigint v0.4.8
   Compiling type-map v0.5.1
   Compiling nanorand v0.7.0
   Compiling spin v0.9.8
   Compiling futures-sink v0.3.32
   Compiling futures-core v0.3.32
   Compiling dasp_sample v0.11.0
   Compiling flume v0.11.1
   Compiling windows-sys v0.61.2
   Compiling pollster v0.4.0
   Compiling moxcms v0.8.1
   Compiling num-rational v0.4.2
   Compiling synstructure v0.13.2
   Compiling bytemuck_derive v1.10.2
   Compiling thiserror-impl v2.0.18
   Compiling zerofrom-derive v0.1.7
   Compiling windows-implement v0.60.2
   Compiling windows-interface v0.59.3
   Compiling yoke-derive v0.8.2
   Compiling zerocopy-derive v0.8.54
   Compiling zerovec-derive v0.11.3
   Compiling displaydoc v0.2.6
   Compiling windows-core v0.62.2
   Compiling zerofrom v0.1.8
   Compiling bytemuck v1.25.0
   Compiling yoke v0.8.3
   Compiling windows-future v0.3.2
   Compiling windows-collections v0.3.2
   Compiling windows-numerics v0.3.1
   Compiling zerovec v0.11.6
   Compiling zerotrie v0.2.4
   Compiling color v0.3.3
   Compiling font-types v0.11.3
   Compiling wgpu-types v29.0.4
   Compiling emath v0.35.0
   Compiling rgb v0.8.53
   Compiling image v0.25.10
   Compiling read-fonts v0.39.2
   Compiling ecolor v0.35.0
   Compiling windows v0.62.2
   Compiling peniko v0.6.1
   Compiling tinystr v0.8.3
   Compiling potential_utf v0.1.5
   Compiling icu_collections v2.2.0
   Compiling icu_locale_core v2.2.0
   Compiling vello_common v0.0.9
   Compiling icu_provider v2.2.0
   Compiling vello_cpu v0.0.9
   Compiling icu_properties v2.2.0
   Compiling icu_normalizer v2.2.0
   Compiling arboard v3.6.1
   Compiling idna_adapter v1.2.2
   Compiling idna v1.1.0
   Compiling half v2.7.1
   Compiling url v2.5.8
   Compiling mozjpeg v0.10.13
   Compiling webbrowser v1.2.1
   Compiling nokhwa-core v0.1.9
   Compiling skrifa v0.42.1
   Compiling harfrust v0.7.0
   Compiling nokhwa v0.10.11
   Compiling epaint v0.35.0
   Compiling egui v0.35.0
   Compiling wgpu-naga-bridge v29.0.4
   Compiling gpu-allocator v0.28.0
   Compiling accesskit_windows v0.32.1
   Compiling rodio v0.22.2
   Compiling accesskit_winit v0.32.2
   Compiling egui-winit v0.35.0
   Compiling wgpu-core-deps-windows-linux-android v29.0.4
   Compiling egui-wgpu v0.35.0
   Compiling eframe v0.35.0
   Compiling egui-peek v0.1.0 (C:\Users\M.Pertsev\Desktop\workspace\OSS\rust-gui-desktop-ecosystem-state\apps\egui-peek)
    Finished `release` profile [optimized] target(s) in 1m 49s
