   Compiling proc-macro2 v1.0.107
   Compiling quote v1.0.47
   Compiling unicode-ident v1.0.24
   Compiling log v0.4.33
   Compiling cfg-if v1.0.4
   Compiling windows-link v0.2.1
   Compiling getrandom v0.4.3
   Compiling siphasher v1.0.3
   Compiling bytemuck v1.25.2
   Compiling libm v0.2.16
   Compiling autocfg v1.5.1
   Compiling arrayvec v0.7.8
   Compiling khronos_api v3.1.0
   Compiling shlex v2.0.1
   Compiling find-msvc-tools v0.1.9
   Compiling memchr v2.8.3
   Compiling rand_core v0.6.4
   Compiling xml-rs v0.8.28
   Compiling serde_core v1.0.229
   Compiling bitflags v2.13.1
   Compiling lazy_static v1.5.0
   Compiling glob v0.3.4
   Compiling bitflags v1.3.2
   Compiling smallvec v1.15.2
   Compiling proc-macro-hack v0.5.20+deprecated
   Compiling windows_x86_64_msvc v0.52.6
   Compiling libc v0.2.189
   Compiling prettyplease v0.2.37
   Compiling phf_shared v0.11.3
   Compiling rand v0.8.7
   Compiling cfg_aliases v0.2.2
   Compiling symphonia-core v0.5.5
   Compiling windows-result v0.4.1
   Compiling windows-strings v0.5.1
   Compiling minimal-lexical v0.2.1
   Compiling regex-syntax v0.8.11
   Compiling zmij v1.0.23
   Compiling crc32fast v1.5.0
   Compiling libloading v0.8.9
   Compiling num-traits v0.2.19
   Compiling encoding_rs v0.8.35
   Compiling adler2 v2.0.1
   Compiling clang-sys v1.9.1
   Compiling aho-corasick v1.1.5
   Compiling nom v7.1.3
   Compiling bindgen v0.72.1
   Compiling jobserver v0.1.35
   Compiling either v1.17.0
   Compiling serde_json v1.0.151
   Compiling winnow v1.0.4
   Compiling simd-adler32 v0.3.10
   Compiling gl_generator v0.14.0
   Compiling cc v1.4.0
   Compiling windows-targets v0.52.6
   Compiling phf_generator v0.11.3
   Compiling itertools v0.13.0
   Compiling miniz_oxide v0.8.9
   Compiling filetime v0.2.29
   Compiling shlex v1.3.0
   Compiling scopeguard v1.2.0
   Compiling itoa v1.0.18
   Compiling rustc-hash v2.1.3
   Compiling toml_writer v1.1.2+spec-1.1.0
   Compiling lock_api v0.4.14
   Compiling toml_parser v1.1.3+spec-1.1.0
   Compiling tar v0.4.46
   Compiling phf_shared v0.13.1
   Compiling windows-threading v0.2.1
   Compiling equivalent v1.0.2
   Compiling fastrand v2.5.0
   Compiling pkg-config v0.3.33
   Compiling heck v0.5.0
   Compiling syn v2.0.119
   Compiling syn v3.0.3
   Compiling flate2 v1.1.9
   Compiling dtoa v1.0.11
   Compiling phf_codegen v0.11.3
   Compiling windows-sys v0.52.0
   Compiling phf_generator v0.13.1
   Compiling nasm-rs v0.3.2
   Compiling dtoa-short v0.3.5
   Compiling thiserror v1.0.69
   Compiling tinyvec_macros v0.1.1
   Compiling allocator-api2 v0.2.21
   Compiling parking_lot_core v0.9.12
   Compiling uuid v1.24.0
   Compiling symphonia-metadata v0.5.5
   Compiling dunce v1.0.5
   Compiling foldhash v0.2.0
   Compiling tinyvec v1.12.0
   Compiling phf_codegen v0.13.1
   Compiling accesskit v0.24.1
   Compiling hashbrown v0.16.1
   Compiling selectors v0.32.0
   Compiling glutin_egl_sys v0.7.1
   Compiling symphonia-utils-xiph v0.5.5
   Compiling glutin_wgl_sys v0.6.1
   Compiling winit v0.30.13
   Compiling pin-project-lite v0.2.17
   Compiling regex-automata v0.4.16
   Compiling cexpr v0.6.0
   Compiling stable_deref_trait v1.2.1
   Compiling thiserror v2.0.19
   Compiling raw-window-handle v0.6.2
   Compiling unicode-segmentation v1.13.3
   Compiling vizia_id v0.4.0
   Compiling jetscii v0.5.3
   Compiling tracing-core v0.1.36
   Compiling entities v1.0.1
   Compiling servo_arc v0.4.3
   Compiling unicode-normalization v0.1.25
   Compiling mozjpeg-sys v2.2.3
   Compiling comrak v0.51.0
   Compiling type-map v0.5.1
   Compiling glutin v0.32.3
   Compiling keyboard-types v0.7.0
   Compiling tracing v0.1.44
   Compiling toml_datetime v1.1.1+spec-1.1.0
   Compiling serde_spanned v1.1.1
   Compiling pxfm v0.1.30
   Compiling error-code v3.3.2
   Compiling rand_core v0.10.1
   Compiling cursor-icon v1.2.0
   Compiling smol_str v0.2.2
   Compiling percent-encoding v2.3.2
   Compiling toml v1.1.4+spec-1.1.0
   Compiling new_debug_unreachable v1.0.6
   Compiling self_cell v1.3.0
   Compiling dpi v0.1.2
   Compiling zune-core v0.5.1
   Compiling byteorder v1.5.0
   Compiling base64 v0.22.1
   Compiling precomputed-hash v0.1.1
   Compiling self_cell v0.10.3
   Compiling vizia_input v0.4.0
   Compiling caseless v0.2.2
   Compiling clipboard-win v5.4.1
   Compiling phf v0.13.1
   Compiling parking_lot v0.12.5
   Compiling zune-jpeg v0.5.15
   Compiling fxhash v0.2.1
   Compiling accesskit_consumer v0.35.0
   Compiling gl v0.14.0
   Compiling morphorm v0.8.0
   Compiling glutin-winit v0.5.0
   Compiling displaydoc v0.2.7
   Compiling thiserror-impl v2.0.19
   Compiling rgb v0.8.53
   Compiling once_cell v1.21.4
   Compiling hashbrown v0.17.1
   Compiling rustc-hash v1.1.0
   Compiling finl_unicode v1.4.0
   Compiling static_assertions v1.1.0
   Compiling typed-arena v2.0.2
   Compiling xxhash-rust v0.8.18
   Compiling cpufeatures v0.3.0
   Compiling byteorder-lite v0.1.0
   Compiling chacha20 v0.10.1
   Compiling vizia_reactive v0.4.0
   Compiling copypasta v0.10.2
   Compiling vizia_window v0.4.0
   Compiling qfilter v0.2.5
   Compiling regex v1.13.1
   Compiling tinystr v0.8.3
   Compiling unic-langid-impl v0.9.6
   Compiling vizia_storage v0.4.0
   Compiling indexmap v2.14.0
   Compiling num-integer v0.1.46
   Compiling chrono v0.4.45
   Compiling getrandom v0.2.17
   Compiling bytes v1.12.1
   Compiling sys-locale v0.3.2
   Compiling cpal v0.17.3
   Compiling web-time v1.1.0
   Compiling extended v0.1.0
   Compiling open v5.4.0
   Compiling paste v1.0.15
   Compiling nokhwa-bindings-macos v0.2.4
   Compiling unicode-bidi v0.3.18
   Compiling symphonia-format-riff v0.5.5
   Compiling num-bigint v0.4.8
   Compiling nanorand v0.7.0
   Compiling moxcms v0.8.1
   Compiling rand v0.10.2
   Compiling symphonia-format-ogg v0.5.5
   Compiling symphonia-bundle-flac v0.5.5
   Compiling symphonia-codec-vorbis v0.5.5
   Compiling symphonia-format-isomp4 v0.5.5
   Compiling symphonia-bundle-mp3 v0.5.5
   Compiling symphonia-codec-aac v0.5.5
   Compiling symphonia-codec-pcm v0.5.5
   Compiling spin v0.9.9
   Compiling windows-sys v0.59.0
   Compiling futures-sink v0.3.33
   Compiling dasp_sample v0.11.0
   Compiling windows-implement v0.60.2
   Compiling windows-interface v0.59.3
   Compiling unic-langid-macros-impl v0.9.6
   Compiling phf_macros v0.11.3
   Compiling cssparser-macros v0.6.1
   Compiling thiserror-impl v1.0.69
   Compiling unic-langid-macros v0.9.6
   Compiling unic-langid v0.9.6
   Compiling derive_more-impl v2.1.1
   Compiling skia-svg-macros v0.1.0
   Compiling intl-memoizer v0.5.3
   Compiling phf v0.11.3
   Compiling windows-core v0.62.2
   Compiling cssparser v0.35.0
   Compiling fluent-langneg v0.13.1
   Compiling intl_pluralrules v7.0.2
   Compiling futures-core v0.3.33
   Compiling flume v0.11.1
   Compiling windows-numerics v0.3.1
   Compiling windows-future v0.3.2
   Compiling windows-collections v0.3.2
   Compiling num-rational v0.4.2
   Compiling symphonia v0.5.5
   Compiling fluent-syntax v0.11.1
   Compiling cssparser-color v0.3.0
   Compiling image v0.25.10
   Compiling rand_distr v0.6.0
   Compiling derive_more v2.1.1
   Compiling fluent-bundle v0.15.3
   Compiling rtrb v0.3.4
   Compiling windows v0.62.2
   Compiling skia-bindings v0.93.1
   Compiling mozjpeg v0.10.13
   Compiling nokhwa-core v0.1.9
   Compiling nokhwa v0.10.11
   Compiling skia-safe v0.93.1
   Compiling vizia_style v0.4.0
   Compiling vizia_core v0.4.0
   Compiling accesskit_windows v0.32.1
   Compiling rodio v0.22.2
   Compiling accesskit_winit v0.32.2
   Compiling vizia_winit v0.4.0
   Compiling vizia v0.4.0
   Compiling vizia-peek v0.1.0 (C:\Users\M.Pertsev\Desktop\workspace\OSS\rust-gui-desktop-ecosystem-state\apps\vizia-peek)
error: linking with `link.exe` failed: exit code: 1120
  |
  = note: "C:\\Program Files\\Microsoft Visual Studio\\2022\\Community\\VC\\Tools\\MSVC\\14.34.31933\\bin\\HostX64\\x64\\link.exe" "/NOLOGO" "C:\\Users\\M.Pertsev\\Desktop\\workspace\\OSS\\rust-gui-desktop-ecosystem-state\\apps\\vizia-peek\\target\\release\\deps\\rustcXHffui\\symbols.o" "<17 object files omitted>" "C:\\Users\\M.Pertsev\\Desktop\\workspace\\OSS\\rust-gui-desktop-ecosystem-state\\apps\\vizia-peek\\target\\release\\deps/{librodio-afb90c77bfb8a931,librand_distr-6ecad61cd6eba3d3,librand-e33e35196ab02ed9,libgetrandom-d64de5b959126648,libchacha20-47ea593b4c8ac315,libcpufeatures-850dff4571646451,librand_core-05e2c129a30273c3,librtrb-8d3355cbb54a2556,libsymphonia-33fdc4243aba2db7,libsymphonia_format_riff-9bfe8dc3fc110fa0,libsymphonia_format_ogg-f4b61323db485046,libsymphonia_format_isomp4-f35df9c6e5749d35,libsymphonia_codec_vorbis-52450434a94a94c5,libsymphonia_codec_pcm-e3e665a06fa0ba1a,libsymphonia_codec_aac-8122353c4ffecf74,libsymphonia_bundle_mp3-5b9bbcaa105f40ac,libsymphonia_bundle_flac-96fb34edc4937e61,libsymphonia_utils_xiph-dbf2f414511806d8,libsymphonia_metadata-d6e2fad93aa7c872,libencoding_rs-500db72a3dfdaae9,libsymphonia_core-898567141e23ee22,liblazy_static-7dbd0ed9b30c92d7,libbitflags-1b987118b3501e3a,libnum_rational-051e51999d2ce376,libnum_bigint-929e589d0dd72256,libnum_integer-0f2c2518e6bdf5b6,libcpal-f1388b228345de89,libdasp_sample-a0e09486bff71def,libvizia-e577063b654b6e84,libvizia_winit-27791b4f5b2822ec,libwindows_sys-d117e9314315a94f,libglutin_winit-bcee921be34cdf34,libgl-bcab414a894f6999,libglutin-1a26213df9ffbce4,libglutin_wgl_sys-2cb8a6df509aacb5,libonce_cell-2f0ff9dcaaeac03f,liblibloading-e89f3dcd2e0f55ac,libglutin_egl_sys-617c7ed34c28146f,libvizia_core-6383cb8ce22b40d7,libopen-632103e1adbe85d6,libqfilter-6cb211c1eeb8901b,libxxhash_rust-518e9aecc33cbd9d,libsys_locale-a885540fe7eda2e0,libcomrak-6dd21fd30e51b697,libcaseless-89269c7dc2853de7,libunicode_normalization-614c5151a87118aa,libtinyvec-9a606210e0ee9de9,libtinyvec_macros-707f0409c5fc1dcc,libphf-b84f996d75ef7c75,libphf_shared-6f4867b36ee4ca0d,libtyped_arena-d918c684ae630503,libjetscii-406c4431777d4888,libfinl_unicode-d1494cc1ff0f381e,libunicode_bidi-cc78a8bbb7364688,libfluent_bundle-4eeb55faf8cd9441,libfluent_langneg-436e13eb99c2eb6f,libintl_pluralrules-1693c003af72eb43,libself_cell-c09fd9742d023141,libself_cell-45fddd1131e91a0e,libintl_memoizer-edd1d63a75530db5,libtype_map-7df7dbf1d2579a30,libfluent_syntax-6209664456087a8e,libthiserror-8302d476d6a13a5c,librustc_hash-7684dd5dbd508766,libchrono-f15b1c8d3a2dbdf0,libindexmap-26fbe65eb23646bf,libhashbrown-c14e9b0c3771733f,libweb_time-b4c3fde96b8240b5,libunic_langid-1566b2a17f726dfd,libunic_langid_macros-6ceec67afcec905e,libunic_langid_impl-e106c2121e40f29b,libtinystr-0b9f30fbbaae692d,libcopypasta-2411a3c2a72f2ba9,libclipboard_win-8b5faa43f6fe99bf,liberror_code-0523ce8ae8fcdcb4,libvizia_window-fb63e560623e090a,libvizia_storage-ecab46a9c486b8d3,libvizia_reactive-c8f80bffcb9bfa91,libparking_lot-21613e4a87adaf3a,libparking_lot_core-c880d928c8150ca9,libcfg_if-a6d390c06a308e4b,liblock_api-f561e6c0d61f2dab,libscopeguard-9e0b9aeafb41f66d,libvizia_style-41d29f7f39efc573,libfxhash-b05538b32bdebe40,libbyteorder-0fda514d865f63fa,libselectors-d136ffb43b92b900,libprecomputed_hash-486861d3acc9297e,librustc_hash-dabeb20c4cc8e786,libdebug_unreachable-8de1092862332837,libservo_arc-8aef113250a87229,libstable_deref_trait-9f706cb48d454d1d,libderive_more-d77c2431b79003aa,libcssparser_color-55941ec0a4faba42,libskia_safe-5ec427a53f7bfe21,libpercent_encoding-c3221a7b86debc36,libbase64-c61854154c9df35f,libskia_bindings-341a5cd485389109,libcssparser-4ea0654cefd3316d,libitoa-749974bbc94b8860,libdtoa_short-7ec0c73a61895ec0,libdtoa-d8b10a8986fd4e63,libphf-52c213b0aca8e2bc,libphf_shared-ba7336c98632f554,libsiphasher-6a37c5ab5d5ac95f,libmorphorm-d3e3d14210a190d3,libsmallvec-e629c44c8c150b96,libvizia_input-6c92a53a34a3ca7f,libkeyboard_types-1eddb3daa0cc3ad3,libvizia_id-6d048e3f4f79e7bd,liblog-0b4f82736a09f646,libaccesskit_winit-aa6f50c3c10b7a2b,libaccesskit_windows-b3d31a4244ab3f13,libstatic_assertions-54f1fe3701970061,libwindows-232ff4608c802812,libwindows_core-7862c01a9a414154,libwindows_strings-4e674c6e47e345cd,libwindows_result-5e4c9c512bf8c9e4,libwindows_link-00c055d229e54a21,libaccesskit_consumer-ed32ebe2395145c3,libhashbrown-de454ad50701f215,libequivalent-24730f67c843a19c,liballocator_api2-75b59e8ab3354e05,libfoldhash-0f79e3d54dc9372f,libwinit-561f8ea400ecf5ca,libunicode_segmentation-214be74ff4fd9c78,libtracing-d6373f131a6cd7c3,libpin_project_lite-e6ad672f76ce18a3,libtracing_core-0e7cba22f7026bbd,libwindows_sys-abad9fe22f208898,libwindows_targets-2b89bc63493d3f9a,libbitflags-b91e2b1cb9c96804,libsmol_str-2d2f40042e6c51aa,libcursor_icon-1cc21aa26dd05c1c,libdpi-d6d8d79fcbf4e409,libraw_window_handle-5e301fe7f121c39a,libaccesskit-d83ac7d2582f1271,libuuid-3473ec40e6593b8b,libnokhwa-cd6435d5e3207b93,libnokhwa_core-c5ec388bcf6e5627,libmozjpeg-af8673c4517b1caf,libarrayvec-3ac67062c0e4f32e,libmozjpeg_sys-ead9bf09630f8622,liblibc-1afc73d3b9f251fb,libthiserror-fd071d3848bbbc2c,libimage-2814122756d7551f,libbytemuck-85d71ace9705ac97,libbyteorder_lite-fff331745ab8d61e,libmoxcms-b39797c90008fda8,libpxfm-d636c0661bb4bb70,libzune_jpeg-9a5bcba93af7f194,libzune_core-523e4065b9809b14,libnum_traits-c4fdf81429ce1d9b,libbytes-d86e242e95ab5e09}.rlib" "<sysroot>\\lib\\rustlib\\x86_64-pc-windows-msvc\\lib/{libstd-*,libpanic_unwind-*,libcfg_if-*,libwindows_link-*,librustc_demangle-*,libstd_detect-*,libhashbrown-*,librustc_std_workspace_alloc-*,libunwind-*,librustc_std_workspace_core-*,liballoc-*,libcore-*,libcompiler_builtins-*}.rlib" "C:\\Users\\M.Pertsev\\.cargo\\registry\\src\\index.crates.io-1949cf8c6b5b557f\\windows_x86_64_msvc-0.52.6\\lib\\windows.0.52.0.lib" "opengl32.lib" "advapi32.lib" "kernel32.lib" "kernel32.lib" "user32.lib" "shell32.lib" "gdi32.lib" "advapi32.lib" "C:\\Users\\M.Pertsev\\Desktop\\workspace\\OSS\\rust-gui-desktop-ecosystem-state\\apps\\vizia-peek\\target\\release\\build\\skia-bindings-40639af79e9f7e67\\out\\skia\\skparagraph.lib" "C:\\Users\\M.Pertsev\\Desktop\\workspace\\OSS\\rust-gui-desktop-ecosystem-state\\apps\\vizia-peek\\target\\release\\build\\skia-bindings-40639af79e9f7e67\\out\\skia\\skshaper.lib" "C:\\Users\\M.Pertsev\\Desktop\\workspace\\OSS\\rust-gui-desktop-ecosystem-state\\apps\\vizia-peek\\target\\release\\build\\skia-bindings-40639af79e9f7e67\\out\\skia\\skunicode_core.lib" "C:\\Users\\M.Pertsev\\Desktop\\workspace\\OSS\\rust-gui-desktop-ecosystem-state\\apps\\vizia-peek\\target\\release\\build\\skia-bindings-40639af79e9f7e67\\out\\skia\\skunicode_icu.lib" "C:\\Users\\M.Pertsev\\Desktop\\workspace\\OSS\\rust-gui-desktop-ecosystem-state\\apps\\vizia-peek\\target\\release\\build\\skia-bindings-40639af79e9f7e67\\out\\skia\\svg.lib" "C:\\Users\\M.Pertsev\\Desktop\\workspace\\OSS\\rust-gui-desktop-ecosystem-state\\apps\\vizia-peek\\target\\release\\build\\skia-bindings-40639af79e9f7e67\\out\\skia\\skresources.lib" "C:\\Users\\M.Pertsev\\Desktop\\workspace\\OSS\\rust-gui-desktop-ecosystem-state\\apps\\vizia-peek\\target\\release\\build\\skia-bindings-40639af79e9f7e67\\out\\skia\\skia.lib" "C:\\Users\\M.Pertsev\\Desktop\\workspace\\OSS\\rust-gui-desktop-ecosystem-state\\apps\\vizia-peek\\target\\release\\build\\skia-bindings-40639af79e9f7e67\\out\\skia\\skia-bindings.lib" "usp10.lib" "ole32.lib" "user32.lib" "gdi32.lib" "fontsub.lib" "Advapi32.lib" "opengl32.lib" "C:\\Users\\M.Pertsev\\.cargo\\registry\\src\\index.crates.io-1949cf8c6b5b557f\\windows_x86_64_msvc-0.52.6\\lib\\windows.0.52.0.lib" "legacy_stdio_definitions.lib" "kernel32.lib" "kernel32.lib" "kernel32.lib" "ntdll.lib" "userenv.lib" "ws2_32.lib" "dbghelp.lib" "/defaultlib:msvcrt" "/NXCOMPAT" "/LIBPATH:C:\\Users\\M.Pertsev\\Desktop\\workspace\\OSS\\rust-gui-desktop-ecosystem-state\\apps\\vizia-peek\\target\\release\\build\\mozjpeg-sys-cd771eb5be1ef30d\\out" "/LIBPATH:C:\\Users\\M.Pertsev\\Desktop\\workspace\\OSS\\rust-gui-desktop-ecosystem-state\\apps\\vizia-peek\\target\\release\\build\\skia-bindings-40639af79e9f7e67\\out\\skia" "/LIBPATH:C:\\Users\\M.Pertsev\\.cargo\\registry\\src\\index.crates.io-1949cf8c6b5b557f\\windows_x86_64_msvc-0.52.6\\lib" "/OUT:C:\\Users\\M.Pertsev\\Desktop\\workspace\\OSS\\rust-gui-desktop-ecosystem-state\\apps\\vizia-peek\\target\\release\\deps\\vizia_peek.exe" "/OPT:REF,ICF" "/DEBUG" "/PDBALTPATH:%_PDB%" "/NATVIS:<sysroot>\\lib\\rustlib\\etc\\intrinsic.natvis" "/NATVIS:<sysroot>\\lib\\rustlib\\etc\\liballoc.natvis" "/NATVIS:<sysroot>\\lib\\rustlib\\etc\\libcore.natvis" "/NATVIS:<sysroot>\\lib\\rustlib\\etc\\libstd.natvis" "/NATVIS:C:\\Users\\M.Pertsev\\Desktop\\workspace\\OSS\\rust-gui-desktop-ecosystem-state\\apps\\vizia-peek\\target\\release\\deps\\rustcXHffui\\vizia_peek-0.natvis" "/NATVIS:C:\\Users\\M.Pertsev\\Desktop\\workspace\\OSS\\rust-gui-desktop-ecosystem-state\\apps\\vizia-peek\\target\\release\\deps\\rustcXHffui\\vizia_peek-1.natvis" "/NATVIS:C:\\Users\\M.Pertsev\\Desktop\\workspace\\OSS\\rust-gui-desktop-ecosystem-state\\apps\\vizia-peek\\target\\release\\deps\\rustcXHffui\\vizia_peek-2.natvis"
  = note: some arguments are omitted. use `--verbose` to show all linker arguments
  = note: skunicode_icu.lib(icu.SkLoadICU.obj) : error LNK2019: unresolved external symbol __std_find_last_trivial_2 referenced in function "class std::basic_string<wchar_t,struct std::char_traits<wchar_t>,class std::allocator<wchar_t> > __cdecl get_module_path(struct HINSTANCE__ *)" (?get_module_path@@YA?AV?$basic_string@_WU?$char_traits@_W@std@@V?$allocator@_W@2@@std@@PEAUHINSTANCE__@@@Z)
          skia.lib(core.SkStroke.obj) : error LNK2019: unresolved external symbol __std_min_element_f referenced in function "private: bool __cdecl SkPathStroker::ptInQuadBounds(struct SkPoint const * const,struct SkPoint const &)const " (?ptInQuadBounds@SkPathStroker@@AEBA_NQEBUSkPoint@@AEBU2@@Z)
          skia.lib(skia.SkGradientBaseShader.obj) : error LNK2001: unresolved external symbol __std_min_element_f
          skia.lib(core.SkStroke.obj) : error LNK2019: unresolved external symbol __std_max_element_f referenced in function "private: bool __cdecl SkPathStroker::ptInQuadBounds(struct SkPoint const * const,struct SkPoint const &)const " (?ptInQuadBounds@SkPathStroker@@AEBA_NQEBUSkPoint@@AEBU2@@Z)
          skia.lib(skia.SkGradientBaseShader.obj) : error LNK2001: unresolved external symbol __std_max_element_f
          skia.lib(core.SkGlyph.obj) : error LNK2019: unresolved external symbol __std_minmax_element_f referenced in function "public: void __cdecl SkGlyph::ensureIntercepts(float const * const,float,float,float *,int *,class SkArenaAlloc *)" (?ensureIntercepts@SkGlyph@@QEAAXQEBMMMPEAMPEAHPEAVSkArenaAlloc@@@Z)
          skia.lib(skia.SkSLErrorReporter.obj) : error LNK2019: unresolved external symbol __std_search_1 referenced in function "public: void __cdecl SkSL::ErrorReporter::error(class SkSL::Position,class std::basic_string_view<char,struct std::char_traits<char> >)" (?error@ErrorReporter@SkSL@@QEAAXVPosition@2@V?$basic_string_view@DU?$char_traits@D@std@@@std@@@Z)
          skia.lib(gpu_shared.SkSLGLSLCodeGenerator.obj) : error LNK2001: unresolved external symbol __std_search_1
          C:\Users\M.Pertsev\Desktop\workspace\OSS\rust-gui-desktop-ecosystem-state\apps\vizia-peek\target\release\deps\vizia_peek.exe : fatal error LNK1120: 5 unresolved externals
          

error: could not compile `vizia-peek` (bin "vizia-peek") due to 1 previous error
